Component: ARM Compiler 5.06 update 6 (build 750) Tool: armlink [4d35ed]

==============================================================================

Section Cross References

    param.o(.text) refers to malloc.o(i.malloc) for malloc
    param.o(.text) refers to elmo.o(.text) for ELMO_Motor_Init
    param.o(.text) refers to epos.o(.text) for EPOS_Motor_Init
    param.o(.text) refers to motor.o(.text) for Motor_Init
    param.o(.text) refers to vesc.o(.text) for VESCInit
    param.o(.text) refers to malloc.o(i.free) for free
    param.o(.text) refers to param.o(.bss) for flag
    param.o(.text) refers to param.o(.data) for Eerror
    tim2.o(.text) refers to stm32f4xx_rcc.o(.text) for RCC_APB1PeriphClockCmd
    tim2.o(.text) refers to stm32f4xx_tim.o(.text) for TIM_TimeBaseInit
    tim2.o(.text) refers to misc.o(.text) for NVIC_Init
    tim2.o(.text) refers to os_time.o(.text) for OSTimeGet
    tim2.o(.text) refers to beep.o(.text) for Beep_Show
    tim2.o(.text) refers to param.o(.text) for insertError
    tim2.o(.text) refers to led8.o(.text) for Led8DisData
    tim2.o(.text) refers to delay.o(.text) for Delay_ms
    tim2.o(.text) refers to motor.o(.text) for iftimeout
    tim2.o(.text) refers to vesc.o(.bss) for VESCmotor
    tim2.o(.text) refers to param.o(.data) for Eerror
    tim2.o(.text) refers to elmo.o(.bss) for ELMOmotor
    tim2.o(.text) refers to epos.o(.bss) for EPOSmotor
    tim3.o(.text) refers to stm32f4xx_rcc.o(.text) for RCC_APB1PeriphClockCmd
    tim3.o(.text) refers to stm32f4xx_tim.o(.text) for TIM_TimeBaseInit
    tim3.o(.text) refers to misc.o(.text) for NVIC_Init
    tim3.o(.text) refers to motor.o(.text) for pulse_caculate
    tim3.o(.text) refers to pid.o(.text) for peakcurrent
    tim3.o(.text) refers to vesc.o(.text) for VESC_Set_Current
    tim3.o(.text) refers to queue.o(.text) for Can_DeQueue
    tim3.o(.text) refers to motor.o(.bss) for motor
    tim3.o(.text) refers to vesc.o(.bss) for VESCmotor
    tim3.o(.text) refers to queue.o(.bss) for Can2_Sendqueue
    can1.o(.text) refers to stm32f4xx_rcc.o(.text) for RCC_APB1PeriphClockCmd
    can1.o(.text) refers to stm32f4xx_gpio.o(.text) for GPIO_PinAFConfig
    can1.o(.text) refers to misc.o(.text) for NVIC_Init
    can1.o(.text) refers to stm32f4xx_can.o(.text) for CAN_DeInit
    can1.o(.text) refers to memcpya.o(.text) for __aeabi_memcpy
    can1.o(.text) refers to queue.o(.bss) for Can1_Sendqueue
    can1.o(.text) refers to param.o(.bss) for flag
    can1.o(.text) refers to motor.o(.bss) for motor
    can1.o(.text) refers to can1.o(.data) for s16TempData
    can2_1.o(.text) refers to stm32f4xx_rcc.o(.text) for RCC_APB1PeriphClockCmd
    can2_1.o(.text) refers to stm32f4xx_gpio.o(.text) for GPIO_PinAFConfig
    can2_1.o(.text) refers to misc.o(.text) for NVIC_Init
    can2_1.o(.text) refers to stm32f4xx_can.o(.text) for CAN_DeInit
    can2_1.o(.text) refers to param.o(.text) for ChangeData
    can2_1.o(.text) refers to motor.o(.bss) for motor
    can2_1.o(.text) refers to can2_1.o(.bss) for DJ_tx_message
    can2_1.o(.text) refers to os_time.o(.text) for OSTimeGet
    can2_1.o(.text) refers to epos.o(.bss) for EPOSmotor
    can2_1.o(.text) refers to queue.o(.bss) for Can2_eposMesgSentList
    can2_1.o(.text) refers to elmo.o(.bss) for ELMOmotor
    can2_1.o(.text) refers to buffer.o(.text) for buffer_32_to_float
    can2_1.o(.text) refers to param.o(.data) for Eerror
    can2_1.o(.text) refers to elmo.o(.data) for Motor_Emer_Code
    can2_1.o(.text) refers to vesc.o(.bss) for VESCmotor
    main.o(.text) refers to datascope_dp.o(.text) for DataScope_Get_Channel_Data
    main.o(.text) refers to usart1.o(.text) for USART1_Send
    main.o(.text) refers to os_time.o(.text) for OSTimeDly
    main.o(.text) refers to motor.o(.text) for djcontrol
    main.o(.text) refers to vesc.o(.text) for VESC_CONTROL
    main.o(.text) refers to elmo.o(.text) for elmo_control
    main.o(.text) refers to led.o(.text) for Led_Show
    main.o(.text) refers to key.o(.text) for Key_Ctrl
    main.o(.text) refers to usart2.o(.text) for UsartLCDshow
    main.o(.text) refers to beep.o(.text) for Beep_Show
    main.o(.text) refers to led8.o(.text) for Led8DisData
    main.o(.text) refers to os_cpu_c.o(.text) for OS_CPU_SysTickInit
    main.o(.text) refers to os_cpu_a.o(.text) for OS_CPU_SR_Save
    main.o(.text) refers to os_task.o(.text) for OSTaskCreate
    main.o(.text) refers to delay.o(.text) for Delay_ms
    main.o(.text) refers to system_stm32f4xx.o(.text) for SystemInit
    main.o(.text) refers to misc.o(.text) for NVIC_PriorityGroupConfig
    main.o(.text) refers to can1.o(.text) for CAN1_Configuration
    main.o(.text) refers to can2_1.o(.text) for CAN2_Mode_Init
    main.o(.text) refers to queue.o(.text) for Can_SendqueueInit
    main.o(.text) refers to tim2.o(.text) for TIM2_Configuration
    main.o(.text) refers to tim3.o(.text) for TIM3_Init
    main.o(.text) refers to param.o(.text) for param_Init
[...]
    _printf_int_dec                          0x00000000   Number         0  stubs.o ABSOLUTE
    _printf_l                                0x00000000   Number         0  stubs.o ABSOLUTE
    _printf_lc                               0x00000000   Number         0  stubs.o ABSOLUTE
    _printf_ll                               0x00000000   Number         0  stubs.o ABSOLUTE
    _printf_lld                              0x00000000   Number         0  stubs.o ABSOLUTE
    _printf_lli                              0x00000000   Number         0  stubs.o ABSOLUTE
    _printf_llo                              0x00000000   Number         0  stubs.o ABSOLUTE
    _printf_llu                              0x00000000   Number         0  stubs.o ABSOLUTE
    _printf_llx                              0x00000000   Number         0  stubs.o ABSOLUTE
    _printf_longlong_dec                     0x00000000   Number         0  stubs.o ABSOLUTE
    _printf_longlong_hex                     0x00000000   Number         0  stubs.o ABSOLUTE
    _printf_longlong_oct                     0x00000000   Number         0  stubs.o ABSOLUTE
    _printf_ls                               0x00000000   Number         0  stubs.o ABSOLUTE
    _printf_mbtowc                           0x00000000   Number         0  stubs.o ABSOLUTE
    _printf_n                                0x00000000   Number         0  stubs.o ABSOLUTE
    _printf_o                                0x00000000   Number         0  stubs.o ABSOLUTE
    _printf_p                                0x00000000   Number         0  stubs.o ABSOLUTE
    _printf_percent                          0x00000000   Number         0  stubs.o ABSOLUTE
    _printf_pre_padding                      0x00000000   Number         0  stubs.o ABSOLUTE
    _printf_return_value                     0x00000000   Number         0  stubs.o ABSOLUTE
    _printf_s                                0x00000000   Number         0  stubs.o ABSOLUTE
    _printf_sizespec                         0x00000000   Number         0  stubs.o ABSOLUTE
    _printf_str                              0x00000000   Number         0  stubs.o ABSOLUTE
    _printf_truncate_signed                  0x00000000   Number         0  stubs.o ABSOLUTE
    _printf_truncate_unsigned                0x00000000   Number         0  stubs.o ABSOLUTE
    _printf_u                                0x00000000   Number         0  stubs.o ABSOLUTE
    _printf_wc                               0x00000000   Number         0  stubs.o ABSOLUTE
    _printf_wctomb                           0x00000000   Number         0  stubs.o ABSOLUTE
    _printf_widthprec                        0x00000000   Number         0  stubs.o ABSOLUTE
    _printf_x                                0x00000000   Number         0  stubs.o ABSOLUTE
    __cpp_initialize__aeabi_                  - Undefined Weak Reference
    __cxa_finalize                            - Undefined Weak Reference
    __decompress                              - Undefined Weak Reference
    _clock_init                               - Undefined Weak Reference
    _microlib_exit                            - Undefined Weak Reference
    __Vectors_Size                           0x00000188   Number         0  startup_stm32f4xx.o ABSOLUTE
    __Vectors                                0x08000000   Data           4  startup_stm32f4xx.o(RESET)
    __Vectors_End                            0x08000188   Data           0  startup_stm32f4xx.o(RESET)
    __main                                   0x08000189   Thumb Code     0  entry.o(.ARM.Collect$$$$00000000)
    _main_stk                                0x08000189   Thumb Code     0  entry2.o(.ARM.Collect$$$$00000001)
    _main_scatterload                        0x0800018d   Thumb Code     0  entry5.o(.ARM.Collect$$$$00000004)
    __main_after_scatterload                 0x08000191   Thumb Code     0  entry5.o(.ARM.Collect$$$$00000004)
    _main_clock                              0x08000191   Thumb Code     0  entry7b.o(.ARM.Collect$$$$00000008)
    _main_cpp_init                           0x08000191   Thumb Code     0  entry8b.o(.ARM.Collect$$$$0000000A)
    _main_init                               0x08000191   Thumb Code     0  entry9a.o(.ARM.Collect$$$$0000000B)
    __rt_final_cpp                           0x08000199   Thumb Code     0  entry10a.o(.ARM.Collect$$$$0000000D)
    __rt_final_exit                          0x08000199   Thumb Code     0  entry11a.o(.ARM.Collect$$$$0000000F)
    WFI_SET                                  0x0800019d   Thumb Code     2  sys.o(.emb_text)
    INTX_DISABLE                             0x0800019f   Thumb Code     4  sys.o(.emb_text)
    INTX_ENABLE                              0x080001a3   Thumb Code     4  sys.o(.emb_text)
    MSR_MSP                                  0x080001a7   Thumb Code     6  sys.o(.emb_text)
    creatError                               0x080001ad   Thumb Code    18  param.o(.text)
    Flag_Init                                0x080001bf   Thumb Code     8  param.o(.text)
    param_Init                               0x080001c7   Thumb Code   104  param.o(.text)
    ChangeData                               0x0800022f   Thumb Code    12  param.o(.text)
    deleteError                              0x0800023b   Thumb Code    44  param.o(.text)
    ErrorFind                                0x08000267   Thumb Code    28  param.o(.text)
    insertError                              0x08000283   Thumb Code    80  param.o(.text)
    TIM2_Configuration                       0x080002e5   Thumb Code    90  tim2.o(.text)
    TIM2_IRQHandler                          0x0800033f   Thumb Code   778  tim2.o(.text)
    TIM3_Init                                0x08000659   Thumb Code    90  tim3.o(.text)
    TIM3_IRQHandler                          0x080006b3   Thumb Code   456  tim3.o(.text)
    CAN1_Configuration                       0x080008a1   Thumb Code   370  can1.o(.text)
    feedbackAngle                            0x08000a83   Thumb Code   202  can1.o(.text)
    CAN1_RX0_IRQHandler                      0x08000b4d   Thumb Code   926  can1.o(.text)
    CAN2_Mode_Init                           0x08000ef9   Thumb Code   782  can2_1.o(.text)
    currentInput                             0x08001207   Thumb Code   296  can2_1.o(.text)
    CAN2_RX0_IRQHandler                      0x0800132f   Thumb Code   396  can2_1.o(.text)
    CAN2_Send_Msg                            0x080014bb   Thumb Code   104  can2_1.o(.text)
    CAN2_RX1_IRQHandler                      0x08001567   Thumb Code  1996  can2_1.o(.text)
    CAN2_Receive_Msg                         0x08001d33   Thumb Code    60  can2_1.o(.text)
    main                                     0x08001f71   Thumb Code   104  main.o(.text)
    USART1_Configuration                     0x08002029   Thumb Code   174  usart1.o(.text)
    USART1_Send                              0x080020d7   Thumb Code    46  usart1.o(.text)
    DMA2_Stream7_IRQHandler                  0x08002105   Thumb Code    38  usart1.o(.text)
    USART2_Configuration                     0x08002149   Thumb Code   204  usart2.o(.text)
    DMA1_Stream6_IRQHandler                  0x08002215   Thumb Code    38  usart2.o(.text)
    USART2_IRQHandler                        0x0800223b   Thumb Code  4584  usart2.o(.text)
    UsartLCDshow                             0x08003445   Thumb Code  6174  usart2.o(.text)
    USART3_Init                              0x08004c7d   Thumb Code   308  usart3.o(.text)
    DMA1_Stream3_IRQHandler                  0x08004db1   Thumb Code    38  usart3.o(.text)
    USART3_sendData                          0x08004dd7   Thumb Code    46  usart3.o(.text)
    USART3_IRQHandler                        0x08004e05   Thumb Code    38  usart3.o(.text)
    PID_Init                                 0x08004e45   Thumb Code    32  pid.o(.text)
    PID_Operation                            0x08004e65   Thumb Code    96  pid.o(.text)
    SetM3508_2                               0x08004ec5   Thumb Code   218  pid.o(.text)
    SetM3508_1                               0x08004f9f   Thumb Code   216  pid.o(.text)
    peakcurrent                              0x08005077   Thumb Code   162  pid.o(.text)
    Motor_Init                               0x08005121   Thumb Code  1604  motor.o(.text)
    setZero                                  0x08005765   Thumb Code    14  motor.o(.text)
    speed_mode                               0x08005773   Thumb Code   182  motor.o(.text)
    position_mode                            0x08005829   Thumb Code   890  motor.o(.text)
    zero_mode                                0x08005ba3   Thumb Code   354  motor.o(.text)
    pulse_caculate                           0x08005d05   Thumb Code   594  motor.o(.text)
    ifstuck                                  0x08005f57   Thumb Code   610  motor.o(.text)
    iftimeout                                0x080061b9   Thumb Code   236  motor.o(.text)
    djcontrol                                0x080062a5   Thumb Code   244  motor.o(.text)
    legcontrol                               0x08006399   Thumb Code    98  motor.o(.text)
    ELMO_Motor_Init                          0x08006415   Thumb Code   358  elmo.o(.text)
    ELMO_Init                                0x0800657b   Thumb Code    72  elmo.o(.text)
    Elmo_Motor_UM                            0x080065c3   Thumb Code   242  elmo.o(.text)
    Elmo_Motor_SV                            0x080066b5   Thumb Code   202  elmo.o(.text)
    Elmo_Motor_Enable_Or_Disable             0x0800677f   Thumb Code    82  elmo.o(.text)
    Elmo_Motor_BG                            0x080067d1   Thumb Code   248  elmo.o(.text)
    Elmo_Motor_ST                            0x080068c9   Thumb Code   202  elmo.o(.text)
    Elmo_Motor_SP                            0x08006993   Thumb Code   254  elmo.o(.text)
    Elmo_Motor_PA                            0x08006a91   Thumb Code   254  elmo.o(.text)
    Elmo_Motor_PX                            0x08006b8f   Thumb Code   232  elmo.o(.text)
    Elmo_Motor_JV                            0x08006c77   Thumb Code   254  elmo.o(.text)
    Elmo_Motor_RM                            0x08006d75   Thumb Code   218  elmo.o(.text)
    Elmo_Motor_PV                            0x08006e4f   Thumb Code   254  elmo.o(.text)
    Elmo_Motor_MP                            0x08006f4d   Thumb Code   236  elmo.o(.text)
    Elmo_Motor_QP                            0x08007039   Thumb Code   224  elmo.o(.text)
    Elmo_Motor_QT                            0x08007119   Thumb Code   224  elmo.o(.text)
    Elmo_Motor_QV                            0x080071f9   Thumb Code   224  elmo.o(.text)
    Elmo_Motor_PT                            0x080072d9   Thumb Code   254  elmo.o(.text)
    Elmo_Motor_ASKvx                         0x080073d7   Thumb Code   216  elmo.o(.text)
    Elmo_Motor_ASKiq                         0x080074af   Thumb Code   202  elmo.o(.text)
    Elmo_Motor_ASKpa                         0x08007579   Thumb Code   202  elmo.o(.text)
    Elmo_Motor_ASKpx                         0x08007643   Thumb Code   202  elmo.o(.text)
    Elmo_Motor_ASKsp                         0x0800770d   Thumb Code   202  elmo.o(.text)
    Elmo_Motor_ASKmo                         0x080077d7   Thumb Code   216  elmo.o(.text)
    Elmo_Motor_ASKum                         0x080078af   Thumb Code   202  elmo.o(.text)
    elmo_control                             0x08007979   Thumb Code   190  elmo.o(.text)
    VESCInit                                 0x08007a5d   Thumb Code   302  vesc.o(.text)
    VESC_Set_Duty_Cycle                      0x08007b8b   Thumb Code   196  vesc.o(.text)
    VESC_Set_Speed                           0x08007c4f   Thumb Code   172  vesc.o(.text)
    VESC_Set_Current                         0x08007cfb   Thumb Code   200  vesc.o(.text)
    VESC_Set_Brake_Current                   0x08007dc3   Thumb Code   238  vesc.o(.text)
    VESC_Set_Handbrake_Current               0x08007eb1   Thumb Code   200  vesc.o(.text)
    VESC_CONTROL                             0x08007f79   Thumb Code   120  vesc.o(.text)
    EPOS_Motor_Init                          0x0800800d   Thumb Code   302  epos.o(.text)
    EPOS_Init                                0x0800813b   Thumb Code    72  epos.o(.text)
    EPOS_SetMode                             0x08008183   Thumb Code   252  epos.o(.text)
    EPOS_EnableOperation                     0x0800827f   Thumb Code   256  epos.o(.text)
    EPOS_StartMotor                          0x0800837f   Thumb Code   504  epos.o(.text)
    EPOS_AGAINMotorPPM                       0x08008577   Thumb Code   344  epos.o(.text)
    EPOS_BeginHHM                            0x080086cf   Thumb Code   256  epos.o(.text)
    EPOS_RelieveMotor                        0x080087cf   Thumb Code   276  epos.o(.text)
    EPOS_SetPVMspeed                         0x080088e3   Thumb Code   220  epos.o(.text)
    EPOS_QuickStop                           0x080089bf   Thumb Code   256  epos.o(.text)
    EPOS_Halt                                0x08008abf   Thumb Code   258  epos.o(.text)
    EPOS_SetPPMspeed                         0x08008bc1   Thumb Code   234  epos.o(.text)
    EPOS_SetPPMposition                      0x08008cab   Thumb Code   220  epos.o(.text)
    EPOS_Askdemandpos                        0x08008d87   Thumb Code   252  epos.o(.text)
    EPOS_Set_HHMoff                          0x08008e83   Thumb Code   220  epos.o(.text)
    EPOS_Set_HHMpos                          0x08008f5f   Thumb Code   234  epos.o(.text)
    EPOS_Set_HHMmethod                       0x08009049   Thumb Code   256  epos.o(.text)
    EPOS_Askactualpos                        0x08009149   Thumb Code   252  epos.o(.text)
    EPOS_Askdemandspeed                      0x08009245   Thumb Code   252  epos.o(.text)
    EPOS_Askactualspeed                      0x08009341   Thumb Code   264  epos.o(.text)
    EPOS_Askmode                             0x08009449   Thumb Code   250  epos.o(.text)
    EPOS_Askenable_or_disable                0x08009543   Thumb Code   250  epos.o(.text)
    EPOS_Asktorque                           0x0800963d   Thumb Code   252  epos.o(.text)
    EPOS_ReadStatusword                      0x08009739   Thumb Code   204  epos.o(.text)
    EPOS_BootUP                              0x08009805   Thumb Code   128  epos.o(.text)
    EPOS_CONTROL                             0x08009885   Thumb Code   576  epos.o(.text)
    QueueEmpty                               0x08009add   Thumb Code    18  queue.o(.text)
    QueueFull                                0x08009aef   Thumb Code    30  queue.o(.text)
    Can_SendqueueInit                        0x08009b0d   Thumb Code    22  queue.o(.text)
    Can_DeQueue                              0x08009b23   Thumb Code   314  queue.o(.text)
    Beep_Init                                0x08009c81   Thumb Code    52  beep.o(.text)
    Beep_Show                                0x08009cb5   Thumb Code    44  beep.o(.text)
    Sound                                    0x08009ce1   Thumb Code    56  beep.o(.text)
    play_Music_1                             0x08009d19   Thumb Code    98  beep.o(.text)
    EcodeFloatData_to_4byte                  0x08009dc9   Thumb Code    40  buffer.o(.text)
    DecodeFloatData_From_4byte               0x08009df1   Thumb Code    24  buffer.o(.text)
    buffer_append_int32                      0x08009e09   Thumb Code    46  buffer.o(.text)
    get_s32_from_buffer                      0x08009e37   Thumb Code    48  buffer.o(.text)
    get_s16_from_buffer                      0x08009e67   Thumb Code    28  buffer.o(.text)
    buffer_32_to_float                       0x08009e83   Thumb Code    32  buffer.o(.text)
    buffer_16_to_float                       0x08009ea3   Thumb Code    32  buffer.o(.text)
    Delay_ms                                 0x08009ec3   Thumb Code    28  delay.o(.text)
    Delay_us                                 0x08009edf   Thumb Code    26  delay.o(.text)
    Delay                                    0x08009ef9   Thumb Code    14  delay.o(.text)
    Key_Configuration                        0x08009f09   Thumb Code    64  key.o(.text)
    Check_Matrixkey                          0x08009f49   Thumb Code   322  key.o(.text)
    Check_Dialkey                            0x0800a08b   Thumb Code    40  key.o(.text)
    Key_Ctrl                                 0x0800a0b3   Thumb Code   216  key.o(.text)
    LED_Configuration                        0x0800a195   Thumb Code    66  led.o(.text)
    Led_Show                                 0x0800a1d7   Thumb Code   116  led.o(.text)
    Led8_Configuration                       0x0800a251   Thumb Code    64  led8.o(.text)
    Led8DisData                              0x0800a291   Thumb Code    78  led8.o(.text)
    NMI_Handler                              0x0800a2e9   Thumb Code     2  stm32f4xx_it.o(.text)
    HardFault_Handler                        0x0800a2eb   Thumb Code    18  stm32f4xx_it.o(.text)
    MemManage_Handler                        0x0800a2fd   Thumb Code     4  stm32f4xx_it.o(.text)
    BusFault_Handler                         0x0800a301   Thumb Code     4  stm32f4xx_it.o(.text)
    UsageFault_Handler                       0x0800a305   Thumb Code     4  stm32f4xx_it.o(.text)
    SVC_Handler                              0x0800a309   Thumb Code     2  stm32f4xx_it.o(.text)
    DebugMon_Handler                         0x0800a30b   Thumb Code     2  stm32f4xx_it.o(.text)
    MYDMA_Config                             0x0800a30d   Thumb Code   284  dma.o(.text)
    MYDMA_Enable                             0x0800a429   Thumb Code    32  dma.o(.text)
    MY_NVIC_SetVectorTable                   0x0800a455   Thumb Code    12  sys.o(.text)
    MY_NVIC_PriorityGroupConfig              0x0800a461   Thumb Code    36  sys.o(.text)
    MY_NVIC_Init                             0x0800a485   Thumb Code   116  sys.o(.text)
    Ex_NVIC_Config                           0x0800a4f9   Thumb Code   168  sys.o(.text)
    GPIO_AF_Set                              0x0800a5a1   Thumb Code    64  sys.o(.text)
    GPIO_Set                                 0x0800a5e1   Thumb Code   222  sys.o(.text)
    Sys_Standby                              0x0800a6bf   Thumb Code    72  sys.o(.text)
    Sys_Soft_Reset                           0x0800a707   Thumb Code    12  sys.o(.text)
    Sys_Clock_Set                            0x0800a713   Thumb Code   266  sys.o(.text)
    Stm32_Clock_Init                         0x0800a81d   Thumb Code   138  sys.o(.text)
    Float2Byte                               0x0800a8ad   Thumb Code    28  datascope_dp.o(.text)
    DataScope_Get_Channel_Data               0x0800a8c9   Thumb Code   162  datascope_dp.o(.text)
    DataScope_Data_Generate                  0x0800a96b   Thumb Code   150  datascope_dp.o(.text)
    NVIC_PriorityGroupConfig                 0x0800aa05   Thumb Code    10  misc.o(.text)
    NVIC_Init                                0x0800aa0f   Thumb Code   106  misc.o(.text)
    NVIC_SetVectorTable                      0x0800aa79   Thumb Code    14  misc.o(.text)
    NVIC_SystemLPConfig                      0x0800aa87   Thumb Code    34  misc.o(.text)
    SysTick_CLKSourceConfig                  0x0800aaa9   Thumb Code    40  misc.o(.text)
    CAN_DeInit                               0x0800aae5   Thumb Code    50  stm32f4xx_can.o(.text)
    CAN_Init                                 0x0800ab17   Thumb Code   276  stm32f4xx_can.o(.text)
    CAN_FilterInit                           0x0800ac2b   Thumb Code   258  stm32f4xx_can.o(.text)
    CAN_StructInit                           0x0800ad2d   Thumb Code    32  stm32f4xx_can.o(.text)
    CAN_SlaveStartBank                       0x0800ad4d   Thumb Code    48  stm32f4xx_can.o(.text)
    CAN_DBGFreeze                            0x0800ad7d   Thumb Code    22  stm32f4xx_can.o(.text)
    CAN_TTComModeCmd                         0x0800ad93   Thumb Code   118  stm32f4xx_can.o(.text)
    CAN_Transmit                             0x0800ae09   Thumb Code   304  stm32f4xx_can.o(.text)
    CAN_TransmitStatus                       0x0800af39   Thumb Code   138  stm32f4xx_can.o(.text)
    CAN_CancelTransmit                       0x0800afc3   Thumb Code    48  stm32f4xx_can.o(.text)
    CAN_Receive                              0x0800aff3   Thumb Code   240  stm32f4xx_can.o(.text)
    CAN_FIFORelease                          0x0800b0e3   Thumb Code    22  stm32f4xx_can.o(.text)
    CAN_MessagePending                       0x0800b0f9   Thumb Code    30  stm32f4xx_can.o(.text)
    CAN_OperatingModeRequest                 0x0800b117   Thumb Code   162  stm32f4xx_can.o(.text)
    CAN_Sleep                                0x0800b1b9   Thumb Code    30  stm32f4xx_can.o(.text)
    CAN_WakeUp                               0x0800b1d7   Thumb Code    48  stm32f4xx_can.o(.text)
    CAN_GetLastErrorCode                     0x0800b207   Thumb Code    12  stm32f4xx_can.o(.text)
    CAN_GetReceiveErrorCounter               0x0800b213   Thumb Code    10  stm32f4xx_can.o(.text)
    CAN_GetLSBTransmitErrorCounter           0x0800b21d   Thumb Code    12  stm32f4xx_can.o(.text)
    CAN_ITConfig                             0x0800b229   Thumb Code    18  stm32f4xx_can.o(.text)
    CAN_GetFlagStatus                        0x0800b23b   Thumb Code   120  stm32f4xx_can.o(.text)
    CAN_ClearFlag                            0x0800b2b3   Thumb Code    52  stm32f4xx_can.o(.text)
    CAN_GetITStatus                          0x0800b2f9   Thumb Code   310  stm32f4xx_can.o(.text)
    CAN_ClearITPendingBit                    0x0800b42f   Thumb Code   162  stm32f4xx_can.o(.text)
    DMA_DeInit                               0x0800b4d5   Thumb Code   324  stm32f4xx_dma.o(.text)
    DMA_Init                                 0x0800b619   Thumb Code    82  stm32f4xx_dma.o(.text)
    DMA_StructInit                           0x0800b66b   Thumb Code    34  stm32f4xx_dma.o(.text)
    DMA_Cmd                                  0x0800b68d   Thumb Code    22  stm32f4xx_dma.o(.text)
    DMA_PeriphIncOffsetSizeConfig            0x0800b6a3   Thumb Code    22  stm32f4xx_dma.o(.text)
    DMA_FlowControllerConfig                 0x0800b6b9   Thumb Code    22  stm32f4xx_dma.o(.text)
    DMA_SetCurrDataCounter                   0x0800b6cf   Thumb Code     4  stm32f4xx_dma.o(.text)
    DMA_GetCurrDataCounter                   0x0800b6d3   Thumb Code     8  stm32f4xx_dma.o(.text)
    DMA_DoubleBufferModeConfig               0x0800b6db   Thumb Code    24  stm32f4xx_dma.o(.text)
    DMA_DoubleBufferModeCmd                  0x0800b6f3   Thumb Code    22  stm32f4xx_dma.o(.text)
    DMA_MemoryTargetConfig                   0x0800b709   Thumb Code    10  stm32f4xx_dma.o(.text)
    DMA_GetCurrentMemoryTarget               0x0800b713   Thumb Code    20  stm32f4xx_dma.o(.text)
    DMA_GetCmdStatus                         0x0800b727   Thumb Code    20  stm32f4xx_dma.o(.text)
    DMA_GetFIFOStatus                        0x0800b73b   Thumb Code    12  stm32f4xx_dma.o(.text)
    DMA_GetFlagStatus                        0x0800b747   Thumb Code    56  stm32f4xx_dma.o(.text)
    DMA_ClearFlag                            0x0800b77f   Thumb Code    40  stm32f4xx_dma.o(.text)
    DMA_ITConfig                             0x0800b7a7   Thumb Code    58  stm32f4xx_dma.o(.text)
    DMA_GetITStatus                          0x0800b7e1   Thumb Code    84  stm32f4xx_dma.o(.text)
    DMA_ClearITPendingBit                    0x0800b835   Thumb Code    40  stm32f4xx_dma.o(.text)
    GPIO_DeInit                              0x0800b87d   Thumb Code   220  stm32f4xx_gpio.o(.text)
    GPIO_Init                                0x0800b959   Thumb Code   144  stm32f4xx_gpio.o(.text)
    GPIO_StructInit                          0x0800b9e9   Thumb Code    18  stm32f4xx_gpio.o(.text)
    GPIO_PinLockConfig                       0x0800b9fb   Thumb Code    34  stm32f4xx_gpio.o(.text)
    GPIO_ReadInputDataBit                    0x0800ba1d   Thumb Code    18  stm32f4xx_gpio.o(.text)
    GPIO_ReadInputData                       0x0800ba2f   Thumb Code     8  stm32f4xx_gpio.o(.text)
    GPIO_ReadOutputDataBit                   0x0800ba37   Thumb Code    18  stm32f4xx_gpio.o(.text)
    GPIO_ReadOutputData                      0x0800ba49   Thumb Code     8  stm32f4xx_gpio.o(.text)
    GPIO_SetBits                             0x0800ba51   Thumb Code     4  stm32f4xx_gpio.o(.text)
    GPIO_ResetBits                           0x0800ba55   Thumb Code     4  stm32f4xx_gpio.o(.text)
    GPIO_WriteBit                            0x0800ba59   Thumb Code    10  stm32f4xx_gpio.o(.text)
    GPIO_Write                               0x0800ba63   Thumb Code     4  stm32f4xx_gpio.o(.text)
    GPIO_ToggleBits                          0x0800ba67   Thumb Code     8  stm32f4xx_gpio.o(.text)
    GPIO_PinAFConfig                         0x0800ba6f   Thumb Code    70  stm32f4xx_gpio.o(.text)
    RCC_DeInit                               0x0800bad9   Thumb Code    60  stm32f4xx_rcc.o(.text)
    RCC_HSEConfig                            0x0800bb15   Thumb Code    14  stm32f4xx_rcc.o(.text)
    RCC_GetFlagStatus                        0x0800bb23   Thumb Code    60  stm32f4xx_rcc.o(.text)
    RCC_WaitForHSEStartUp                    0x0800bb5f   Thumb Code    56  stm32f4xx_rcc.o(.text)
    RCC_AdjustHSICalibrationValue            0x0800bb97   Thumb Code    20  stm32f4xx_rcc.o(.text)
    RCC_HSICmd                               0x0800bbab   Thumb Code     6  stm32f4xx_rcc.o(.text)
    RCC_LSEConfig                            0x0800bbb1   Thumb Code    46  stm32f4xx_rcc.o(.text)
    RCC_LSICmd                               0x0800bbdf   Thumb Code     6  stm32f4xx_rcc.o(.text)
    RCC_PLLConfig                            0x0800bbe5   Thumb Code    32  stm32f4xx_rcc.o(.text)
    RCC_PLLCmd                               0x0800bc05   Thumb Code     6  stm32f4xx_rcc.o(.text)
    RCC_PLLI2SConfig                         0x0800bc0b   Thumb Code    14  stm32f4xx_rcc.o(.text)
    RCC_PLLI2SCmd                            0x0800bc19   Thumb Code     6  stm32f4xx_rcc.o(.text)
    RCC_ClockSecuritySystemCmd               0x0800bc1f   Thumb Code     6  stm32f4xx_rcc.o(.text)
    RCC_MCO1Config                           0x0800bc25   Thumb Code    28  stm32f4xx_rcc.o(.text)
    RCC_MCO2Config                           0x0800bc41   Thumb Code    28  stm32f4xx_rcc.o(.text)
    RCC_SYSCLKConfig                         0x0800bc5d   Thumb Code    20  stm32f4xx_rcc.o(.text)
    RCC_GetSYSCLKSource                      0x0800bc71   Thumb Code    12  stm32f4xx_rcc.o(.text)
    RCC_HCLKConfig                           0x0800bc7d   Thumb Code    20  stm32f4xx_rcc.o(.text)
    RCC_PCLK1Config                          0x0800bc91   Thumb Code    20  stm32f4xx_rcc.o(.text)
    RCC_PCLK2Config                          0x0800bca5   Thumb Code    22  stm32f4xx_rcc.o(.text)
    RCC_GetClocksFreq                        0x0800bcbb   Thumb Code   222  stm32f4xx_rcc.o(.text)
    RCC_RTCCLKConfig                         0x0800bd99   Thumb Code    54  stm32f4xx_rcc.o(.text)
    RCC_RTCCLKCmd                            0x0800bdcf   Thumb Code     8  stm32f4xx_rcc.o(.text)
    RCC_BackupResetCmd                       0x0800bdd7   Thumb Code     8  stm32f4xx_rcc.o(.text)
    RCC_I2SCLKConfig                         0x0800bddf   Thumb Code     6  stm32f4xx_rcc.o(.text)
    RCC_AHB1PeriphClockCmd                   0x0800bde5   Thumb Code    34  stm32f4xx_rcc.o(.text)
    RCC_AHB2PeriphClockCmd                   0x0800be07   Thumb Code    34  stm32f4xx_rcc.o(.text)
    RCC_AHB3PeriphClockCmd                   0x0800be29   Thumb Code    34  stm32f4xx_rcc.o(.text)
    RCC_APB1PeriphClockCmd                   0x0800be4b   Thumb Code    34  stm32f4xx_rcc.o(.text)
    RCC_APB2PeriphClockCmd                   0x0800be6d   Thumb Code    34  stm32f4xx_rcc.o(.text)
    RCC_AHB1PeriphResetCmd                   0x0800be8f   Thumb Code    34  stm32f4xx_rcc.o(.text)
    RCC_AHB2PeriphResetCmd                   0x0800beb1   Thumb Code    72  stm32f4xx_rcc.o(.text)
    RCC_AHB3PeriphResetCmd                   0x0800bef9   Thumb Code    34  stm32f4xx_rcc.o(.text)
    RCC_APB1PeriphResetCmd                   0x0800bf1b   Thumb Code    34  stm32f4xx_rcc.o(.text)
    RCC_APB2PeriphResetCmd                   0x0800bf3d   Thumb Code    34  stm32f4xx_rcc.o(.text)
    RCC_AHB1PeriphClockLPModeCmd             0x0800bf5f   Thumb Code    34  stm32f4xx_rcc.o(.text)
    RCC_AHB2PeriphClockLPModeCmd             0x0800bf81   Thumb Code    34  stm32f4xx_rcc.o(.text)
    RCC_AHB3PeriphClockLPModeCmd             0x0800bfa3   Thumb Code    34  stm32f4xx_rcc.o(.text)
    RCC_APB1PeriphClockLPModeCmd             0x0800bfc5   Thumb Code    34  stm32f4xx_rcc.o(.text)
    RCC_APB2PeriphClockLPModeCmd             0x0800bfe7   Thumb Code    34  stm32f4xx_rcc.o(.text)
    RCC_ITConfig                             0x0800c009   Thumb Code    34  stm32f4xx_rcc.o(.text)
    RCC_ClearFlag                            0x0800c02b   Thumb Code    18  stm32f4xx_rcc.o(.text)
    RCC_GetITStatus                          0x0800c03d   Thumb Code    22  stm32f4xx_rcc.o(.text)
    RCC_ClearITPendingBit                    0x0800c053   Thumb Code     8  stm32f4xx_rcc.o(.text)
    TIM_DeInit                               0x0800c061   Thumb Code   346  stm32f4xx_tim.o(.text)
    TIM_TimeBaseInit                         0x0800c1bb   Thumb Code   104  stm32f4xx_tim.o(.text)
    TIM_TimeBaseStructInit                   0x0800c223   Thumb Code    18  stm32f4xx_tim.o(.text)
    TIM_PrescalerConfig                      0x0800c235   Thumb Code     6  stm32f4xx_tim.o(.text)
    TIM_CounterModeConfig                    0x0800c23b   Thumb Code    18  stm32f4xx_tim.o(.text)
    TIM_SetCounter                           0x0800c24d   Thumb Code     4  stm32f4xx_tim.o(.text)
    TIM_SetAutoreload                        0x0800c251   Thumb Code     4  stm32f4xx_tim.o(.text)
    TIM_GetCounter                           0x0800c255   Thumb Code     6  stm32f4xx_tim.o(.text)
    TIM_GetPrescaler                         0x0800c25b   Thumb Code     6  stm32f4xx_tim.o(.text)
    TIM_UpdateDisableConfig                  0x0800c261   Thumb Code    24  stm32f4xx_tim.o(.text)
    TIM_UpdateRequestConfig                  0x0800c279   Thumb Code    24  stm32f4xx_tim.o(.text)
    TIM_ARRPreloadConfig                     0x0800c291   Thumb Code    24  stm32f4xx_tim.o(.text)
    TIM_SelectOnePulseMode                   0x0800c2a9   Thumb Code    18  stm32f4xx_tim.o(.text)
    TIM_SetClockDivision                     0x0800c2bb   Thumb Code    18  stm32f4xx_tim.o(.text)
    TIM_Cmd                                  0x0800c2cd   Thumb Code    24  stm32f4xx_tim.o(.text)
    TIM_OC1Init                              0x0800c2e5   Thumb Code   114  stm32f4xx_tim.o(.text)
    TIM_OC2Init                              0x0800c357   Thumb Code   154  stm32f4xx_tim.o(.text)
    TIM_OC3Init                              0x0800c3f1   Thumb Code   204  stm32f4xx_tim.o(.text)
    TIM_OC4Init                              0x0800c4bd   Thumb Code   112  stm32f4xx_tim.o(.text)
    TIM_OCStructInit                         0x0800c52d   Thumb Code    20  stm32f4xx_tim.o(.text)
    TIM_SelectOCxM                           0x0800c541   Thumb Code    86  stm32f4xx_tim.o(.text)
    TIM_SetCompare1                          0x0800c597   Thumb Code     4  stm32f4xx_tim.o(.text)
    TIM_SetCompare2                          0x0800c59b   Thumb Code     4  stm32f4xx_tim.o(.text)
    TIM_SetCompare3                          0x0800c59f   Thumb Code     4  stm32f4xx_tim.o(.text)
    TIM_SetCompare4                          0x0800c5a3   Thumb Code     4  stm32f4xx_tim.o(.text)
    TIM_ForcedOC1Config                      0x0800c5a7   Thumb Code    18  stm32f4xx_tim.o(.text)
    TIM_ForcedOC2Config                      0x0800c5b9   Thumb Code    26  stm32f4xx_tim.o(.text)
    TIM_ForcedOC3Config                      0x0800c5d3   Thumb Code    18  stm32f4xx_tim.o(.text)
    TIM_ForcedOC4Config                      0x0800c5e5   Thumb Code    26  stm32f4xx_tim.o(.text)
    TIM_OC1PreloadConfig                     0x0800c5ff   Thumb Code    18  stm32f4xx_tim.o(.text)
    TIM_OC2PreloadConfig                     0x0800c611   Thumb Code    26  stm32f4xx_tim.o(.text)
    TIM_OC3PreloadConfig                     0x0800c62b   Thumb Code    18  stm32f4xx_tim.o(.text)
    TIM_OC4PreloadConfig                     0x0800c63d   Thumb Code    26  stm32f4xx_tim.o(.text)
    TIM_OC1FastConfig                        0x0800c657   Thumb Code    18  stm32f4xx_tim.o(.text)
    TIM_OC2FastConfig                        0x0800c669   Thumb Code    26  stm32f4xx_tim.o(.text)
    TIM_OC3FastConfig                        0x0800c683   Thumb Code    18  stm32f4xx_tim.o(.text)
    TIM_OC4FastConfig                        0x0800c695   Thumb Code    26  stm32f4xx_tim.o(.text)
    TIM_ClearOC1Ref                          0x0800c6af   Thumb Code    18  stm32f4xx_tim.o(.text)
    TIM_ClearOC2Ref                          0x0800c6c1   Thumb Code    24  stm32f4xx_tim.o(.text)
    TIM_ClearOC3Ref                          0x0800c6d9   Thumb Code    18  stm32f4xx_tim.o(.text)
    TIM_ClearOC4Ref                          0x0800c6eb   Thumb Code    24  stm32f4xx_tim.o(.text)
    TIM_OC1PolarityConfig                    0x0800c703   Thumb Code    18  stm32f4xx_tim.o(.text)
    TIM_OC1NPolarityConfig                   0x0800c715   Thumb Code    18  stm32f4xx_tim.o(.text)
    TIM_OC2PolarityConfig                    0x0800c727   Thumb Code    26  stm32f4xx_tim.o(.text)
    TIM_OC2NPolarityConfig                   0x0800c741   Thumb Code    26  stm32f4xx_tim.o(.text)
    TIM_OC3PolarityConfig                    0x0800c75b   Thumb Code    26  stm32f4xx_tim.o(.text)
    TIM_OC3NPolarityConfig                   0x0800c775   Thumb Code    26  stm32f4xx_tim.o(.text)
    TIM_OC4PolarityConfig                    0x0800c78f   Thumb Code    26  stm32f4xx_tim.o(.text)
    TIM_CCxCmd                               0x0800c7a9   Thumb Code    30  stm32f4xx_tim.o(.text)
    TIM_CCxNCmd                              0x0800c7c7   Thumb Code    30  stm32f4xx_tim.o(.text)
    TIM_SetIC4Prescaler                      0x0800c7e5   Thumb Code    26  stm32f4xx_tim.o(.text)
    TIM_SetIC3Prescaler                      0x0800c84f   Thumb Code    18  stm32f4xx_tim.o(.text)
    TIM_SetIC2Prescaler                      0x0800c8a9   Thumb Code    26  stm32f4xx_tim.o(.text)
    TIM_SetIC1Prescaler                      0x0800c91d   Thumb Code    18  stm32f4xx_tim.o(.text)
    TIM_ICInit                               0x0800c969   Thumb Code   110  stm32f4xx_tim.o(.text)
    TIM_ICStructInit                         0x0800c9d7   Thumb Code    18  stm32f4xx_tim.o(.text)
    TIM_PWMIConfig                           0x0800c9e9   Thumb Code   124  stm32f4xx_tim.o(.text)
    TIM_GetCapture1                          0x0800ca65   Thumb Code     6  stm32f4xx_tim.o(.text)
    TIM_GetCapture2                          0x0800ca6b   Thumb Code     6  stm32f4xx_tim.o(.text)
    TIM_GetCapture3                          0x0800ca71   Thumb Code     6  stm32f4xx_tim.o(.text)
    TIM_GetCapture4                          0x0800ca77   Thumb Code     6  stm32f4xx_tim.o(.text)
    TIM_BDTRConfig                           0x0800ca7d   Thumb Code    32  stm32f4xx_tim.o(.text)
    TIM_BDTRStructInit                       0x0800ca9d   Thumb Code    18  stm32f4xx_tim.o(.text)
    TIM_CtrlPWMOutputs                       0x0800caaf   Thumb Code    30  stm32f4xx_tim.o(.text)
    TIM_SelectCOM                            0x0800cacd   Thumb Code    24  stm32f4xx_tim.o(.text)
    TIM_CCPreloadControl                     0x0800cae5   Thumb Code    24  stm32f4xx_tim.o(.text)
    TIM_ITConfig                             0x0800cafd   Thumb Code    18  stm32f4xx_tim.o(.text)
    TIM_GenerateEvent                        0x0800cb0f   Thumb Code     4  stm32f4xx_tim.o(.text)
    TIM_GetFlagStatus                        0x0800cb13   Thumb Code    18  stm32f4xx_tim.o(.text)
    TIM_ClearFlag                            0x0800cb25   Thumb Code     6  stm32f4xx_tim.o(.text)
    TIM_GetITStatus                          0x0800cb2b   Thumb Code    34  stm32f4xx_tim.o(.text)
    TIM_ClearITPendingBit                    0x0800cb4d   Thumb Code     6  stm32f4xx_tim.o(.text)
    TIM_DMAConfig                            0x0800cb53   Thumb Code    10  stm32f4xx_tim.o(.text)
    TIM_DMACmd                               0x0800cb5d   Thumb Code    18  stm32f4xx_tim.o(.text)
    TIM_SelectCCDMA                          0x0800cb6f   Thumb Code    24  stm32f4xx_tim.o(.text)
    TIM_InternalClockConfig                  0x0800cb87   Thumb Code    12  stm32f4xx_tim.o(.text)
    TIM_SelectInputTrigger                   0x0800cb93   Thumb Code    18  stm32f4xx_tim.o(.text)
    TIM_ITRxExternalClockConfig              0x0800cba5   Thumb Code    24  stm32f4xx_tim.o(.text)
    TIM_TIxExternalClockConfig               0x0800cbbd   Thumb Code    62  stm32f4xx_tim.o(.text)
    TIM_ETRConfig                            0x0800cbfb   Thumb Code    28  stm32f4xx_tim.o(.text)
    TIM_ETRClockMode1Config                  0x0800cc17   Thumb Code    54  stm32f4xx_tim.o(.text)
    TIM_ETRClockMode2Config                  0x0800cc4d   Thumb Code    32  stm32f4xx_tim.o(.text)
    TIM_SelectOutputTrigger                  0x0800cc6d   Thumb Code    18  stm32f4xx_tim.o(.text)
    TIM_SelectSlaveMode                      0x0800cc7f   Thumb Code    18  stm32f4xx_tim.o(.text)
    TIM_SelectMasterSlaveMode                0x0800cc91   Thumb Code    18  stm32f4xx_tim.o(.text)
    TIM_EncoderInterfaceConfig               0x0800cca3   Thumb Code    66  stm32f4xx_tim.o(.text)
    TIM_SelectHallSensor                     0x0800cce5   Thumb Code    24  stm32f4xx_tim.o(.text)
    TIM_RemapConfig                          0x0800ccfd   Thumb Code     6  stm32f4xx_tim.o(.text)
    USART_DeInit                             0x0800cd05   Thumb Code   156  stm32f4xx_usart.o(.text)
    USART_Init                               0x0800cda1   Thumb Code   204  stm32f4xx_usart.o(.text)
    USART_StructInit                         0x0800ce6d   Thumb Code    24  stm32f4xx_usart.o(.text)
    USART_ClockInit                          0x0800ce85   Thumb Code    32  stm32f4xx_usart.o(.text)
    USART_ClockStructInit                    0x0800cea5   Thumb Code    12  stm32f4xx_usart.o(.text)
    USART_Cmd                                0x0800ceb1   Thumb Code    24  stm32f4xx_usart.o(.text)
    USART_SetPrescaler                       0x0800cec9   Thumb Code    16  stm32f4xx_usart.o(.text)
    USART_OverSampling8Cmd                   0x0800ced9   Thumb Code    22  stm32f4xx_usart.o(.text)
    USART_OneBitMethodCmd                    0x0800ceef   Thumb Code    24  stm32f4xx_usart.o(.text)
    USART_SendData                           0x0800cf07   Thumb Code     8  stm32f4xx_usart.o(.text)
    USART_ReceiveData                        0x0800cf0f   Thumb Code    10  stm32f4xx_usart.o(.text)
    USART_SetAddress                         0x0800cf19   Thumb Code    18  stm32f4xx_usart.o(.text)
    USART_ReceiverWakeUpCmd                  0x0800cf2b   Thumb Code    24  stm32f4xx_usart.o(.text)
    USART_WakeUpConfig                       0x0800cf43   Thumb Code    18  stm32f4xx_usart.o(.text)
    USART_LINBreakDetectLengthConfig         0x0800cf55   Thumb Code    18  stm32f4xx_usart.o(.text)
    USART_LINCmd                             0x0800cf67   Thumb Code    24  stm32f4xx_usart.o(.text)
    USART_SendBreak                          0x0800cf7f   Thumb Code    10  stm32f4xx_usart.o(.text)
    USART_HalfDuplexCmd                      0x0800cf89   Thumb Code    24  stm32f4xx_usart.o(.text)
    USART_SetGuardTime                       0x0800cfa1   Thumb Code    16  stm32f4xx_usart.o(.text)
    USART_SmartCardCmd                       0x0800cfb1   Thumb Code    24  stm32f4xx_usart.o(.text)
    USART_SmartCardNACKCmd                   0x0800cfc9   Thumb Code    24  stm32f4xx_usart.o(.text)
    USART_IrDAConfig                         0x0800cfe1   Thumb Code    18  stm32f4xx_usart.o(.text)
    USART_IrDACmd                            0x0800cff3   Thumb Code    24  stm32f4xx_usart.o(.text)
    USART_DMACmd                             0x0800d00b   Thumb Code    18  stm32f4xx_usart.o(.text)
    USART_ITConfig                           0x0800d01d   Thumb Code    74  stm32f4xx_usart.o(.text)
    USART_GetFlagStatus                      0x0800d067   Thumb Code    26  stm32f4xx_usart.o(.text)
    USART_ClearFlag                          0x0800d081   Thumb Code    18  stm32f4xx_usart.o(.text)
    USART_GetITStatus                        0x0800d093   Thumb Code   110  stm32f4xx_usart.o(.text)
    USART_ClearITPendingBit                  0x0800d101   Thumb Code    30  stm32f4xx_usart.o(.text)
    SystemInit                               0x0800d1fd   Thumb Code    88  system_stm32f4xx.o(.text)
    SystemCoreClockUpdate                    0x0800d255   Thumb Code   174  system_stm32f4xx.o(.text)
    Reset_Handler                            0x0800d331   Thumb Code     8  startup_stm32f4xx.o(.text)
    ADC_IRQHandler                           0x0800d34b   Thumb Code     0  startup_stm32f4xx.o(.text)
    CAN1_RX1_IRQHandler                      0x0800d34b   Thumb Code     0  startup_stm32f4xx.o(.text)
    CAN1_SCE_IRQHandler                      0x0800d34b   Thumb Code     0  startup_stm32f4xx.o(.text)
    CAN1_TX_IRQHandler                       0x0800d34b   Thumb Code     0  startup_stm32f4xx.o(.text)
    CAN2_SCE_IRQHandler                      0x0800d34b   Thumb Code     0  startup_stm32f4xx.o(.text)
    CAN2_TX_IRQHandler                       0x0800d34b   Thumb Code     0  startup_stm32f4xx.o(.text)
    CRYP_IRQHandler                          0x0800d34b   Thumb Code     0  startup_stm32f4xx.o(.text)
    DCMI_IRQHandler                          0x0800d34b   Thumb Code     0  startup_stm32f4xx.o(.text)
    DMA1_Stream0_IRQHandler                  0x0800d34b   Thumb Code     0  startup_stm32f4xx.o(.text)
    DMA1_Stream1_IRQHandler                  0x0800d34b   Thumb Code     0  startup_stm32f4xx.o(.text)
    DMA1_Stream2_IRQHandler                  0x0800d34b   Thumb Code     0  startup_stm32f4xx.o(.text)
    DMA1_Stream4_IRQHandler                  0x0800d34b   Thumb Code     0  startup_stm32f4xx.o(.text)
    DMA1_Stream5_IRQHandler                  0x0800d34b   Thumb Code     0  startup_stm32f4xx.o(.text)
    DMA1_Stream7_IRQHandler                  0x0800d34b   Thumb Code     0  startup_stm32f4xx.o(.text)
    DMA2_Stream0_IRQHandler                  0x0800d34b   Thumb Code     0  startup_stm32f4xx.o(.text)
    DMA2_Stream1_IRQHandler                  0x0800d34b   Thumb Code     0  startup_stm32f4xx.o(.text)
    DMA2_Stream2_IRQHandler                  0x0800d34b   Thumb Code     0  startup_stm32f4xx.o(.text)
    DMA2_Stream3_IRQHandler                  0x0800d34b   Thumb Code     0  startup_stm32f4xx.o(.text)
    DMA2_Stream4_IRQHandler                  0x0800d34b   Thumb Code     0  startup_stm32f4xx.o(.text)
    DMA2_Stream5_IRQHandler                  0x0800d34b   Thumb Code     0  startup_stm32f4xx.o(.text)
    DMA2_Stream6_IRQHandler                  0x0800d34b   Thumb Code     0  startup_stm32f4xx.o(.text)
    ETH_IRQHandler                           0x0800d34b   Thumb Code     0  startup_stm32f4xx.o(.text)
    ETH_WKUP_IRQHandler                      0x0800d34b   Thumb Code     0  startup_stm32f4xx.o(.text)
    EXTI0_IRQHandler                         0x0800d34b   Thumb Code     0  startup_stm32f4xx.o(.text)
    EXTI15_10_IRQHandler                     0x0800d34b   Thumb Code     0  startup_stm32f4xx.o(.text)
    EXTI1_IRQHandler                         0x0800d34b   Thumb Code     0  startup_stm32f4xx.o(.text)
    EXTI2_IRQHandler                         0x0800d34b   Thumb Code     0  startup_stm32f4xx.o(.text)
    EXTI3_IRQHandler                         0x0800d34b   Thumb Code     0  startup_stm32f4xx.o(.text)
    EXTI4_IRQHandler                         0x0800d34b   Thumb Code     0  startup_stm32f4xx.o(.text)
    EXTI9_5_IRQHandler                       0x0800d34b   Thumb Code     0  startup_stm32f4xx.o(.text)
    FLASH_IRQHandler                         0x0800d34b   Thumb Code     0  startup_stm32f4xx.o(.text)
    FPU_IRQHandler                           0x0800d34b   Thumb Code     0  startup_stm32f4xx.o(.text)
    FSMC_IRQHandler                          0x0800d34b   Thumb Code     0  startup_stm32f4xx.o(.text)
    HASH_RNG_IRQHandler                      0x0800d34b   Thumb Code     0  startup_stm32f4xx.o(.text)
    I2C1_ER_IRQHandler                       0x0800d34b   Thumb Code     0  startup_stm32f4xx.o(.text)
    I2C1_EV_IRQHandler                       0x0800d34b   Thumb Code     0  startup_stm32f4xx.o(.text)
    I2C2_ER_IRQHandler                       0x0800d34b   Thumb Code     0  startup_stm32f4xx.o(.text)
    I2C2_EV_IRQHandler                       0x0800d34b   Thumb Code     0  startup_stm32f4xx.o(.text)
    I2C3_ER_IRQHandler                       0x0800d34b   Thumb Code     0  startup_stm32f4xx.o(.text)
    I2C3_EV_IRQHandler                       0x0800d34b   Thumb Code     0  startup_stm32f4xx.o(.text)
    OTG_FS_IRQHandler                        0x0800d34b   Thumb Code     0  startup_stm32f4xx.o(.text)
    OTG_FS_WKUP_IRQHandler                   0x0800d34b   Thumb Code     0  startup_stm32f4xx.o(.text)
    OTG_HS_EP1_IN_IRQHandler                 0x0800d34b   Thumb Code     0  startup_stm32f4xx.o(.text)
    OTG_HS_EP1_OUT_IRQHandler                0x0800d34b   Thumb Code     0  startup_stm32f4xx.o(.text)
    OTG_HS_IRQHandler                        0x0800d34b   Thumb Code     0  startup_stm32f4xx.o(.text)
    OTG_HS_WKUP_IRQHandler                   0x0800d34b   Thumb Code     0  startup_stm32f4xx.o(.text)
    PVD_IRQHandler                           0x0800d34b   Thumb Code     0  startup_stm32f4xx.o(.text)
    RCC_IRQHandler                           0x0800d34b   Thumb Code     0  startup_stm32f4xx.o(.text)
    RTC_Alarm_IRQHandler                     0x0800d34b   Thumb Code     0  startup_stm32f4xx.o(.text)
    RTC_WKUP_IRQHandler                      0x0800d34b   Thumb Code     0  startup_stm32f4xx.o(.text)
    SDIO_IRQHandler                          0x0800d34b   Thumb Code     0  startup_stm32f4xx.o(.text)
    SPI1_IRQHandler                          0x0800d34b   Thumb Code     0  startup_stm32f4xx.o(.text)
    SPI2_IRQHandler                          0x0800d34b   Thumb Code     0  startup_stm32f4xx.o(.text)
    SPI3_IRQHandler                          0x0800d34b   Thumb Code     0  startup_stm32f4xx.o(.text)
    TAMP_STAMP_IRQHandler                    0x0800d34b   Thumb Code     0  startup_stm32f4xx.o(.text)
    TIM1_BRK_TIM9_IRQHandler                 0x0800d34b   Thumb Code     0  startup_stm32f4xx.o(.text)
    TIM1_CC_IRQHandler                       0x0800d34b   Thumb Code     0  startup_stm32f4xx.o(.text)
    TIM1_TRG_COM_TIM11_IRQHandler            0x0800d34b   Thumb Code     0  startup_stm32f4xx.o(.text)
    TIM1_UP_TIM10_IRQHandler                 0x0800d34b   Thumb Code     0  startup_stm32f4xx.o(.text)
    TIM4_IRQHandler                          0x0800d34b   Thumb Code     0  startup_stm32f4xx.o(.text)
    TIM5_IRQHandler                          0x0800d34b   Thumb Code     0  startup_stm32f4xx.o(.text)
    TIM6_DAC_IRQHandler                      0x0800d34b   Thumb Code     0  startup_stm32f4xx.o(.text)
    TIM7_IRQHandler                          0x0800d34b   Thumb Code     0  startup_stm32f4xx.o(.text)
    TIM8_BRK_TIM12_IRQHandler                0x0800d34b   Thumb Code     0  startup_stm32f4xx.o(.text)
    TIM8_CC_IRQHandler                       0x0800d34b   Thumb Code     0  startup_stm32f4xx.o(.text)
    TIM8_TRG_COM_TIM14_IRQHandler            0x0800d34b   Thumb Code     0  startup_stm32f4xx.o(.text)
    TIM8_UP_TIM13_IRQHandler                 0x0800d34b   Thumb Code     0  startup_stm32f4xx.o(.text)
    UART4_IRQHandler                         0x0800d34b   Thumb Code     0  startup_stm32f4xx.o(.text)
    UART5_IRQHandler                         0x0800d34b   Thumb Code     0  startup_stm32f4xx.o(.text)
    USART1_IRQHandler                        0x0800d34b   Thumb Code     0  startup_stm32f4xx.o(.text)
    USART6_IRQHandler                        0x0800d34b   Thumb Code     0  startup_stm32f4xx.o(.text)
    WWDG_IRQHandler                          0x0800d34b   Thumb Code     0  startup_stm32f4xx.o(.text)
    OS_TaskStatStkChk                        0x0800d355   Thumb Code    54  os_core.o(.text)
    OS_TaskStat                              0x0800d38b   Thumb Code   144  os_core.o(.text)
    OS_TaskIdle                              0x0800d44f   Thumb Code    34  os_core.o(.text)
    OS_MemClr                                0x0800d4a5   Thumb Code    18  os_core.o(.text)
    OSInit                                   0x0800d5c5   Thumb Code    48  os_core.o(.text)
    OSIntEnter                               0x0800d5f5   Thumb Code    28  os_core.o(.text)
    OSIntExit                                0x0800d62b   Thumb Code   112  os_core.o(.text)
    OSSchedLock                              0x0800d69b   Thumb Code    50  os_core.o(.text)
    OS_Sched                                 0x0800d6cd   Thumb Code    88  os_core.o(.text)
    OSSchedUnlock                            0x0800d725   Thumb Code   238  os_core.o(.text)
    OSStart                                  0x0800d813   Thumb Code    48  os_core.o(.text)
    OSStatInit                               0x0800d843   Thumb Code    64  os_core.o(.text)
    OSTimeTick                               0x0800d883   Thumb Code   210  os_core.o(.text)
    OSVersion                                0x0800d955   Thumb Code     6  os_core.o(.text)
    OS_Dummy                                 0x0800d95b   Thumb Code     2  os_core.o(.text)
    OS_EventTaskRemove                       0x0800d95d   Thumb Code    42  os_core.o(.text)
    OS_EventTaskRdy                          0x0800d987   Thumb Code   114  os_core.o(.text)
    OS_EventTaskWait                         0x0800d9f9   Thumb Code   112  os_core.o(.text)
    OS_EventWaitListInit                     0x0800da69   Thumb Code    28  os_core.o(.text)
    OS_MemCopy                               0x0800da85   Thumb Code    20  os_core.o(.text)
    OS_StrLen                                0x0800da99   Thumb Code    20  os_core.o(.text)
    OS_TCBInit                               0x0800daad   Thumb Code   292  os_core.o(.text)
    OSFlagAccept                             0x0800dc15   Thumb Code   252  os_flag.o(.text)
    OSFlagCreate                             0x0800dd11   Thumb Code    86  os_flag.o(.text)
    OS_FlagUnlink                            0x0800dd67   Thumb Code    36  os_flag.o(.text)
    OSFlagDel                                0x0800dddd   Thumb Code   214  os_flag.o(.text)
    OSFlagNameGet                            0x0800deb3   Thumb Code    80  os_flag.o(.text)
    OSFlagNameSet                            0x0800df03   Thumb Code    66  os_flag.o(.text)
    OSFlagPend                               0x0800dfdd   Thumb Code   614  os_flag.o(.text)
    OSFlagPendGetFlagsRdy                    0x0800e243   Thumb Code    26  os_flag.o(.text)
    OSFlagPost                               0x0800e25d   Thumb Code   312  os_flag.o(.text)
    OSFlagQuery                              0x0800e395   Thumb Code    48  os_flag.o(.text)
    OS_FlagInit                              0x0800e3c5   Thumb Code    78  os_flag.o(.text)
    OSMemCreate                              0x0800e421   Thumb Code   118  os_mem.o(.text)
    OSMemGet                                 0x0800e497   Thumb Code    62  os_mem.o(.text)
    OSMemNameGet                             0x0800e4d5   Thumb Code    60  os_mem.o(.text)
    OSMemNameSet                             0x0800e511   Thumb Code    48  os_mem.o(.text)
    OSMemPut                                 0x0800e541   Thumb Code    54  os_mem.o(.text)
    OSMemQuery                               0x0800e577   Thumb Code    52  os_mem.o(.text)
    OS_MemInit                               0x0800e5ab   Thumb Code    74  os_mem.o(.text)
    OSQAccept                                0x0800e605   Thumb Code    88  os_q.o(.text)
    OSQCreate                                0x0800e65d   Thumb Code   140  os_q.o(.text)
    OSQDel                                   0x0800e6e9   Thumb Code   236  os_q.o(.text)
    OSQFlush                                 0x0800e7d5   Thumb Code    36  os_q.o(.text)
    OSQPend                                  0x0800e7f9   Thumb Code   272  os_q.o(.text)
    OSQPendAbort                             0x0800e909   Thumb Code   128  os_q.o(.text)
    OSQPost                                  0x0800e989   Thumb Code   114  os_q.o(.text)
    OSQPostFront                             0x0800e9fb   Thumb Code   136  os_q.o(.text)
    OSQPostOpt                               0x0800ea83   Thumb Code   182  os_q.o(.text)
    OSQQuery                                 0x0800eb39   Thumb Code    98  os_q.o(.text)
    OS_QInit                                 0x0800eb9b   Thumb Code    72  os_q.o(.text)
    OSTaskChangePrio                         0x0800ebed   Thumb Code   308  os_task.o(.text)
    OSTaskCreate                             0x0800ed21   Thumb Code   148  os_task.o(.text)
    OS_TaskStkClr                            0x0800edb5   Thumb Code    26  os_task.o(.text)
    OSTaskCreateExt                          0x0800edcf   Thumb Code   170  os_task.o(.text)
    OSTaskDel                                0x0800ee79   Thumb Code   294  os_task.o(.text)
    OSTaskDelReq                             0x0800ef9f   Thumb Code   144  os_task.o(.text)
    OSTaskNameGet                            0x0800f02f   Thumb Code   114  os_task.o(.text)
    OSTaskNameSet                            0x0800f0a1   Thumb Code    98  os_task.o(.text)
    OSTaskResume                             0x0800f103   Thumb Code   154  os_task.o(.text)
    OSTaskStkChk                             0x0800f19d   Thumb Code   128  os_task.o(.text)
    OSTaskSuspend                            0x0800f21d   Thumb Code   152  os_task.o(.text)
    OSTaskQuery                              0x0800f2b5   Thumb Code    82  os_task.o(.text)
    OSTaskRegGet                             0x0800f307   Thumb Code    60  os_task.o(.text)
    OSTaskRegSet                             0x0800f343   Thumb Code    62  os_task.o(.text)
    OS_TaskReturn                            0x0800f381   Thumb Code    18  os_task.o(.text)
    OSTimeDly                                0x0800f3ad   Thumb Code   100  os_time.o(.text)
    OSTimeDlyHMSM                            0x0800f411   Thumb Code    84  os_time.o(.text)
    OSTimeDlyResume                          0x0800f465   Thumb Code   168  os_time.o(.text)
    OSTimeGet                                0x0800f50d   Thumb Code    24  os_time.o(.text)
    OSTimeSet                                0x0800f525   Thumb Code    24  os_time.o(.text)
    OS_CPU_SR_Save                           0x0800f559   Thumb Code     0  os_cpu_a.o(.text)
    OS_CPU_SR_Restore                        0x0800f561   Thumb Code     0  os_cpu_a.o(.text)
    OSStartHighRdy                           0x0800f567   Thumb Code     0  os_cpu_a.o(.text)
    OSCtxSw                                  0x0800f587   Thumb Code     0  os_cpu_a.o(.text)
    OSIntCtxSw                               0x0800f591   Thumb Code     0  os_cpu_a.o(.text)
    PendSV_Handler                           0x0800f59b   Thumb Code     0  os_cpu_a.o(.text)
    OSInitHookBegin                          0x0800f609   Thumb Code     2  os_cpu_c.o(.text)
    OSTaskReturnHook                         0x0800f60b   Thumb Code     2  os_cpu_c.o(.text)
    OSInitHookEnd                            0x0800f60d   Thumb Code     2  os_cpu_c.o(.text)
    OSTaskCreateHook                         0x0800f60f   Thumb Code     2  os_cpu_c.o(.text)
    OSTaskDelHook                            0x0800f611   Thumb Code     2  os_cpu_c.o(.text)
    OSTaskIdleHook                           0x0800f613   Thumb Code     2  os_cpu_c.o(.text)
    OSTaskStatHook                           0x0800f615   Thumb Code     2  os_cpu_c.o(.text)
    OSTaskStkInit                            0x0800f617   Thumb Code   482  os_cpu_c.o(.text)
    OSTaskSwHook                             0x0800f7f9   Thumb Code     2  os_cpu_c.o(.text)
    OSTCBInitHook                            0x0800f7fb   Thumb Code     2  os_cpu_c.o(.text)
    OSTimeTickHook                           0x0800f7fd   Thumb Code     2  os_cpu_c.o(.text)
    SysTick_Handler                          0x0800f7ff   Thumb Code    44  os_cpu_c.o(.text)
    OS_CPU_SysTickInit                       0x0800f82b   Thumb Code    86  os_cpu_c.o(.text)
    __aeabi_memcpy                           0x0800f891   Thumb Code    36  memcpya.o(.text)
    __aeabi_memcpy4                          0x0800f891   Thumb Code     0  memcpya.o(.text)
    __aeabi_memcpy8                          0x0800f891   Thumb Code     0  memcpya.o(.text)
    __aeabi_memset                           0x0800f8b5   Thumb Code    14  memseta.o(.text)
    __aeabi_memset4                          0x0800f8b5   Thumb Code     0  memseta.o(.text)
    __aeabi_memset8                          0x0800f8b5   Thumb Code     0  memseta.o(.text)
    __aeabi_memclr                           0x0800f8c3   Thumb Code     4  memseta.o(.text)
    __aeabi_memclr4                          0x0800f8c3   Thumb Code     0  memseta.o(.text)
    __aeabi_memclr8                          0x0800f8c3   Thumb Code     0  memseta.o(.text)
    _memset$wrapper                          0x0800f8c7   Thumb Code    18  memseta.o(.text)
    strlen                                   0x0800f8d9   Thumb Code    14  strlen.o(.text)
    strcpy                                   0x0800f8e7   Thumb Code    18  strcpy.o(.text)
    __aeabi_d2iz                             0x0800f8f9   Thumb Code    62  dfixi.o(.text)
    __aeabi_d2uiz                            0x0800f937   Thumb Code    50  dfixui.o(.text)
    __aeabi_d2f                              0x0800f969   Thumb Code    56  d2f.o(.text)
    __aeabi_uldivmod                         0x0800f9a1   Thumb Code    98  uldiv.o(.text)
    __aeabi_llsr                             0x0800fa03   Thumb Code    32  llushr.o(.text)
    _ll_ushift_r                             0x0800fa03   Thumb Code     0  llushr.o(.text)
    __strtod_int                             0x0800fa5b   Thumb Code    90  strtod.o(.text)
    __I$use$fp                               0x0800fac1   Thumb Code     0  iusefp.o(.text)
    _float_round                             0x0800fac1   Thumb Code    18  fepilogue.o(.text)
    _float_epilogue                          0x0800fad3   Thumb Code    92  fepilogue.o(.text)
    __aeabi_dmul                             0x0800fb2f   Thumb Code   228  dmul.o(.text)
    __aeabi_ddiv                             0x0800fc13   Thumb Code   222  ddiv.o(.text)
    __scatterload                            0x0800fcf1   Thumb Code    28  init.o(.text)
    __scatterload_rt2                        0x0800fcf1   Thumb Code     0  init.o(.text)
    __aeabi_llsl                             0x0800fd15   Thumb Code    30  llshl.o(.text)
    _ll_shift_l                              0x0800fd15   Thumb Code     0  llshl.o(.text)
    isspace                                  0x0800fd33   Thumb Code    10  isspace_c.o(.text)
    _scanf_real                              0x0800fe65   Thumb Code     0  scanf_fp.o(.text)
    _scanf_really_real                       0x0800fe65   Thumb Code   556  scanf_fp.o(.text)
    _sgetc                                   0x0801009d   Thumb Code    30  _sgetc.o(.text)
    _sbackspace                              0x080100bb   Thumb Code    34  _sgetc.o(.text)
    _double_round                            0x080100dd   Thumb Code    30  depilogue.o(.text)
    _double_epilogue                         0x080100fb   Thumb Code   156  depilogue.o(.text)
    __ctype_lookup                           0x08010199   Thumb Code    34  ctype_c.o(.text)
    __aeabi_ul2d                             0x080101c1   Thumb Code    24  dfltul.o(.text)
    __0sprintf$5                             0x080101d9   Thumb Code    34  printf5.o(i.__0sprintf$5)
    __1sprintf$5                             0x080101d9   Thumb Code     0  printf5.o(i.__0sprintf$5)
    __2sprintf                               0x080101d9   Thumb Code     0  printf5.o(i.__0sprintf$5)
    __hardfp_atof                            0x08010201   Thumb Code    44  atof.o(i.__hardfp_atof)
    __read_errno                             0x08010239   Thumb Code     6  errno.o(i.__read_errno)
    __scatterload_copy                       0x08010245   Thumb Code    14  handlers.o(i.__scatterload_copy)
    __scatterload_null                       0x08010253   Thumb Code     2  handlers.o(i.__scatterload_null)
    __scatterload_zeroinit                   0x08010255   Thumb Code    14  handlers.o(i.__scatterload_zeroinit)
    __set_errno                              0x08010265   Thumb Code     6  errno.o(i.__set_errno)
    _is_digit                                0x08010271   Thumb Code    14  scanf_fp.o(i._is_digit)
    free                                     0x0801054d   Thumb Code    76  malloc.o(i.free)
    malloc                                   0x0801059d   Thumb Code    92  malloc.o(i.malloc)
    LED_table                                0x08010634   Data          18  led8.o(.constdata)
    OSUnMapTbl                               0x08010646   Data         256  os_core.o(.constdata)
    __ctype_categories                       0x08010746   Data          64  ctype_c.o(.constdata)
    Region$$Table$$Base                      0x08010788   Number         0  anon$$obj.o(Region$$Table)
    Region$$Table$$Limit                     0x080107a8   Number         0  anon$$obj.o(Region$$Table)
    kickBall                                 0x20000000   Data           1  param.o(.data)
    Eerror                                   0x20000004   Data           8  param.o(.data)
    u16TempData                              0x20000014   Data           8  can1.o(.data)
    interface                                0x2000001c   Data           1  usart2.o(.data)
    USART2_RX_STA                            0x2000001d   Data           1  usart2.o(.data)
    DJflag                                   0x20000020   Data           5  motor.o(.data)
    enable_or_dis                            0x20000025   Data           1  motor.o(.data)
    angle                                    0x20000028   Data           4  motor.o(.data)
    Speed                                    0x2000002c   Data           4  motor.o(.data)
    ifbegin                                  0x20000030   Data           1  motor.o(.data)
    Flat90                                   0x20000034   Data           8  elmo.o(.data)
    U10                                      0x2000003c   Data           8  elmo.o(.data)
    EC_4P_30                                 0x20000044   Data           8  elmo.o(.data)
    speed                                    0x2000004c   Data           4  elmo.o(.data)
    Um                                       0x20000050   Data           1  elmo.o(.data)
    enable_or_disable                        0x20000051   Data           1  elmo.o(.data)
    Pa                                       0x20000054   Data           4  elmo.o(.data)
    Jv                                       0x20000058   Data           4  elmo.o(.data)
    Px                                       0x2000005c   Data           4  elmo.o(.data)
    Motor_Emer_Code                          0x20000060   Data           4  elmo.o(.data)
    SUNNYSKYinstrin                          0x20000064   Data           1  vesc.o(.data)
    VESClimit                                0x20000068   Data           4  vesc.o(.data)
    VESCFlag                                 0x2000006c   Data           4  vesc.o(.data)
    setduty                                  0x20000070   Data           4  vesc.o(.data)
    setspeed                                 0x20000074   Data           4  vesc.o(.data)
    setosition                               0x20000078   Data           4  vesc.o(.data)
    handlecurect                             0x2000007c   Data           4  vesc.o(.data)
    Abs                                      0x20000080   Data           1  epos.o(.data)
    Rel                                      0x20000081   Data           1  epos.o(.data)
    PVMspeed                                 0x20000084   Data           4  epos.o(.data)
    PPMposition                              0x20000088   Data           4  epos.o(.data)
    PPMspeed                                 0x2000008c   Data           4  epos.o(.data)
    Mode                                     0x20000090   Data           4  epos.o(.data)
    FLat90                                   0x20000094   Data           8  epos.o(.data)
    Can_Procedure                            0x2000009c   Data           3  queue.o(.data)
    CanSendCount                             0x2000009f   Data           1  queue.o(.data)
    Can1_Tx_NoMailBox                        0x200000a0   Data           4  queue.o(.data)
    Can2_Tx_NoMailBox                        0x200000a4   Data           4  queue.o(.data)
    SystemCoreClock                          0x200000b8   Data           4  system_stm32f4xx.o(.data)
    AHBPrescTable                            0x200000bc   Data          16  system_stm32f4xx.o(.data)
    OSCtxSwCtr                               0x200000cc   Data           4  os_core.o(.data)
    OSEventFreeList                          0x200000d0   Data           4  os_core.o(.data)
    OSFlagFreeList                           0x200000d4   Data           4  os_core.o(.data)
    OSCPUUsage                               0x200000d8   Data           1  os_core.o(.data)
    OSIdleCtrMax                             0x200000dc   Data           4  os_core.o(.data)
    OSIdleCtrRun                             0x200000e0   Data           4  os_core.o(.data)
    OSStatRdy                                0x200000e4   Data           1  os_core.o(.data)
    OSIntNesting                             0x200000e5   Data           1  os_core.o(.data)
    OSLockNesting                            0x200000e6   Data           1  os_core.o(.data)
    OSPrioCur                                0x200000e7   Data           1  os_core.o(.data)
    OSPrioHighRdy                            0x200000e8   Data           1  os_core.o(.data)
    OSRdyGrp                                 0x200000e9   Data           1  os_core.o(.data)
    OSRdyTbl                                 0x200000ea   Data           8  os_core.o(.data)
    OSRunning                                0x200000f2   Data           1  os_core.o(.data)
    OSTaskCtr                                0x200000f3   Data           1  os_core.o(.data)
    OSIdleCtr                                0x200000f4   Data           4  os_core.o(.data)
    OSTCBCur                                 0x200000f8   Data           4  os_core.o(.data)
    OSTCBFreeList                            0x200000fc   Data           4  os_core.o(.data)
    OSTCBHighRdy                             0x20000100   Data           4  os_core.o(.data)
    OSTCBList                                0x20000104   Data           4  os_core.o(.data)
    OSTickStepState                          0x20000108   Data           1  os_core.o(.data)
    OSMemFreeList                            0x2000010c   Data           4  os_core.o(.data)
    OSQFreeList                              0x20000110   Data           4  os_core.o(.data)
    OSTime                                   0x20000114   Data           4  os_core.o(.data)
    tick_ms                                  0x20000118   Data           4  os_cpu_c.o(.data)
    __microlib_freelist                      0x2000011c   Data           4  mvars.o(.data)
    __microlib_freelist_initialised          0x20000120   Data           4  mvars.o(.data)
    kick                                     0x20000128   Data          30  param.o(.bss)
    usart                                    0x20000146   Data         640  param.o(.bss)
    flag                                     0x200003c6   Data          13  param.o(.bss)
    last_update_time                         0x200003d4   Data          32  can2_1.o(.bss)
    now_update_time                          0x200003f4   Data          32  can2_1.o(.bss)
    START_TASK_STK                           0x20000428   Data        1024  main.o(.bss)
    LCD_TASK_STK                             0x20000828   Data        2048  main.o(.bss)
    LED8_TASK_STK                            0x20001028   Data         512  main.o(.bss)
    MOTOR_TASK_STK                           0x20001228   Data        1024  main.o(.bss)
    ELMO_TASK_STK                            0x20001628   Data        1024  main.o(.bss)
    EPOS_TASK_STK                            0x20001a28   Data        1024  main.o(.bss)
    VESC_TASK_STK                            0x20001e28   Data        1024  main.o(.bss)
    SCOPE_TASK_STK                           0x20002228   Data         512  main.o(.bss)
    DataSCOPE_TASK_STK                       0x20002428   Data         512  main.o(.bss)
    str_temp                                 0x20002628   Data          32  usart2.o(.bss)
    M2006instrin                             0x20002648   Data          12  motor.o(.bss)
    M3508instrin                             0x20002654   Data          12  motor.o(.bss)
    Motorlimit                               0x20002660   Data          20  motor.o(.bss)
    Motorargum                               0x20002674   Data          32  motor.o(.bss)
    motor                                    0x20002694   Data        1728  motor.o(.bss)
    ELMOlimit                                0x20002d54   Data          20  elmo.o(.bss)
    ELMOargum                                0x20002d68   Data          24  elmo.o(.bss)
    ELMOmotor                                0x20002d80   Data         420  elmo.o(.bss)
    ELMOFlag                                 0x20002f24   Data          13  elmo.o(.bss)
    VESCargum                                0x20002f34   Data          12  vesc.o(.bss)
    VESCmotor                                0x20002f40   Data         240  vesc.o(.bss)
    EPOSflag                                 0x20003030   Data          13  epos.o(.bss)
    EPOSlimit                                0x20003040   Data          20  epos.o(.bss)
    EPOSargum                                0x20003054   Data          24  epos.o(.bss)
    EPOSmotor                                0x2000306c   Data         500  epos.o(.bss)
    Can_Sendtruct                            0x20003260   Data          16  queue.o(.bss)
    Can1_MesgSentList                        0x20003270   Data        3024  queue.o(.bss)
    Can2_MesgSentList                        0x20003e40   Data        3024  queue.o(.bss)
    Can2_elmoMesgSentList                    0x20004a10   Data        3024  queue.o(.bss)
    Can2_eposMesgSentList                    0x200055e0   Data        3024  queue.o(.bss)
    Can_Sentquene                            0x200061b0   Data         484  queue.o(.bss)
    Can1_Sendqueue                           0x20006394   Data         484  queue.o(.bss)
    Can2_Sendqueue                           0x20006578   Data         484  queue.o(.bss)
    VESC_Sendqueue                           0x2000675c   Data         484  queue.o(.bss)
    DataScope_OutPut_Buffer                  0x20006940   Data          42  datascope_dp.o(.bss)
    OSEventTbl                               0x2000696c   Data         300  os_core.o(.bss)
    OSFlagTbl                                0x20006a98   Data          80  os_core.o(.bss)
    OSTaskStatStk                            0x20006ae8   Data         512  os_core.o(.bss)
    OSTaskIdleStk                            0x20006ce8   Data         512  os_core.o(.bss)
    OSTCBPrioTbl                             0x20006ee8   Data         256  os_core.o(.bss)
    OSTCBTbl                                 0x20006fe8   Data        5208  os_core.o(.bss)
    OSMemTbl                                 0x20008440   Data         120  os_core.o(.bss)
    OSQTbl                                   0x200084b8   Data          96  os_core.o(.bss)
    __heap_base                              0x20008518   Data           0  startup_stm32f4xx.o(HEAP)
    __heap_limit                             0x2000ad18   Data           0  startup_stm32f4xx.o(HEAP)
    __initial_sp                             0x2000b118   Data           0  startup_stm32f4xx.o(STACK)



==============================================================================

Memory Map of the image

  Image Entry point : 0x08000189

  Load Region LR_IROM1 (Base: 0x08000000, Size: 0x000108d0, Max: 0x00100000, ABSOLUTE)

    Execution Region ER_IROM1 (Exec base: 0x08000000, Load base: 0x08000000, Size: 0x000107a8, Max: 0x00100000, ABSOLUTE)

    Exec Addr    Load Addr    Size         Type   Attr      Idx    E Section Name        Object

    0x08000000   0x08000000   0x00000188   Data   RO         1331    RESET               startup_stm32f4xx.o
    0x08000188   0x08000188   0x00000000   Code   RO         1514  * .ARM.Collect$$$$00000000  mc_w.l(entry.o)
    0x08000188   0x08000188   0x00000004   Code   RO         1822    .ARM.Collect$$$$00000001  mc_w.l(entry2.o)
    0x0800018c   0x0800018c   0x00000004   Code   RO         1825    .ARM.Collect$$$$00000004  mc_w.l(entry5.o)
    0x08000190   0x08000190   0x00000000   Code   RO         1827    .ARM.Collect$$$$00000008  mc_w.l(entry7b.o)
    0x08000190   0x08000190   0x00000000   Code   RO         1829    .ARM.Collect$$$$0000000A  mc_w.l(entry8b.o)
    0x08000190   0x08000190   0x00000008   Code   RO         1830    .ARM.Collect$$$$0000000B  mc_w.l(entry9a.o)
    0x08000198   0x08000198   0x00000000   Code   RO         1832    .ARM.Collect$$$$0000000D  mc_w.l(entry10a.o)
    0x08000198   0x08000198   0x00000000   Code   RO         1834    .ARM.Collect$$$$0000000F  mc_w.l(entry11a.o)
    0x08000198   0x08000198   0x00000004   Code   RO         1823    .ARM.Collect$$$$00002712  mc_w.l(entry2.o)
    0x0800019c   0x0800019c   0x00000010   Code   RO         1025    .emb_text           sys.o
    0x080001ac   0x080001ac   0x00000138   Code   RO            4    .text               param.o
    0x080002e4   0x080002e4   0x00000374   Code   RO          163    .text               tim2.o
    0x08000658   0x08000658   0x00000248   Code   RO          197    .text               tim3.o
    0x080008a0   0x080008a0   0x00000658   Code   RO          332    .text               can1.o
    0x08000ef8   0x08000ef8   0x00000e98   Code   RO          365    .text               can2_1.o
    0x08001d90   0x08001d90   0x00000298   Code   RO          397    .text               main.o
    0x08002028   0x08002028   0x00000120   Code   RO          461    .text               usart1.o
    0x08002148   0x08002148   0x00002b34   Code   RO          488    .text               usart2.o
    0x08004c7c   0x08004c7c   0x000001c8   Code   RO          523    .text               usart3.o
    0x08004e44   0x08004e44   0x000002dc   Code   RO          553    .text               pid.o
    0x08005120   0x08005120   0x000012f4   Code   RO          577    .text               motor.o
    0x08006414   0x08006414   0x00001648   Code   RO          608    .text               elmo.o
    0x08007a5c   0x08007a5c   0x000005b0   Code   RO          639    .text               vesc.o
    0x0800800c   0x0800800c   0x00001ad0   Code   RO          670    .text               epos.o
    0x08009adc   0x08009adc   0x000001a4   Code   RO          701    .text               queue.o
    0x08009c80   0x08009c80   0x00000148   Code   RO          763    .text               beep.o
    0x08009dc8   0x08009dc8   0x000000fa   Code   RO          788    .text               buffer.o
    0x08009ec2   0x08009ec2   0x00000044   Code   RO          812    .text               delay.o
    0x08009f06   0x08009f06   0x00000002   PAD
    0x08009f08   0x08009f08   0x0000028c   Code   RO          836    .text               key.o
    0x0800a194   0x0800a194   0x000000bc   Code   RO          860    .text               led.o
    0x0800a250   0x0800a250   0x00000098   Code   RO          884    .text               led8.o
    0x0800a2e8   0x0800a2e8   0x00000024   Code   RO          944    .text               stm32f4xx_it.o
    0x0800a30c   0x0800a30c   0x00000148   Code   RO         1001    .text               dma.o
    0x0800a454   0x0800a454   0x00000458   Code   RO         1026    .text               sys.o
    0x0800a8ac   0x0800a8ac   0x00000158   Code   RO         1074    .text               datascope_dp.o
    0x0800aa04   0x0800aa04   0x000000e0   Code   RO         1095    .text               misc.o
    0x0800aae4   0x0800aae4   0x000009f0   Code   RO         1119    .text               stm32f4xx_can.o
    0x0800b4d4   0x0800b4d4   0x000003a8   Code   RO         1143    .text               stm32f4xx_dma.o
    0x0800b87c   0x0800b87c   0x0000025c   Code   RO         1194    .text               stm32f4xx_gpio.o
    0x0800bad8   0x0800bad8   0x00000588   Code   RO         1218    .text               stm32f4xx_rcc.o
    0x0800c060   0x0800c060   0x00000ca2   Code   RO         1244    .text               stm32f4xx_tim.o
    0x0800cd02   0x0800cd02   0x00000002   PAD
    0x0800cd04   0x0800cd04   0x0000041a   Code   RO         1268    .text               stm32f4xx_usart.o
    0x0800d11e   0x0800d11e   0x00000002   PAD
    0x0800d120   0x0800d120   0x00000210   Code   RO         1292    .text               system_stm32f4xx.o
    0x0800d330   0x0800d330   0x00000024   Code   RO         1332    .text               startup_stm32f4xx.o
    0x0800d354   0x0800d354   0x000008c0   Code   RO         1336    .text               os_core.o
    0x0800dc14   0x0800dc14   0x0000080c   Code   RO         1356    .text               os_flag.o
    0x0800e420   0x0800e420   0x000001e4   Code   RO         1380    .text               os_mem.o
    0x0800e604   0x0800e604   0x000005e8   Code   RO         1404    .text               os_q.o
    0x0800ebec   0x0800ebec   0x000007c0   Code   RO         1428    .text               os_task.o
    0x0800f3ac   0x0800f3ac   0x000001ac   Code   RO         1440    .text               os_time.o
    0x0800f558   0x0800f558   0x000000b0   Code   RO         1458    .text               os_cpu_a.o
    0x0800f608   0x0800f608   0x00000288   Code   RO         1464    .text               os_cpu_c.o
    0x0800f890   0x0800f890   0x00000024   Code   RO         1517    .text               mc_w.l(memcpya.o)
    0x0800f8b4   0x0800f8b4   0x00000024   Code   RO         1519    .text               mc_w.l(memseta.o)
    0x0800f8d8   0x0800f8d8   0x0000000e   Code   RO         1521    .text               mc_w.l(strlen.o)
    0x0800f8e6   0x0800f8e6   0x00000012   Code   RO         1523    .text               mc_w.l(strcpy.o)
    0x0800f8f8   0x0800f8f8   0x0000003e   Code   RO         1816    .text               mf_w.l(dfixi.o)
    0x0800f936   0x0800f936   0x00000032   Code   RO         1818    .text               mf_w.l(dfixui.o)
    0x0800f968   0x0800f968   0x00000038   Code   RO         1820    .text               mf_w.l(d2f.o)
    0x0800f9a0   0x0800f9a0   0x00000062   Code   RO         1841    .text               mc_w.l(uldiv.o)
    0x0800fa02   0x0800fa02   0x00000020   Code   RO         1843    .text               mc_w.l(llushr.o)
    0x0800fa22   0x0800fa22   0x00000002   PAD
    0x0800fa24   0x0800fa24   0x0000009c   Code   RO         1854    .text               mc_w.l(strtod.o)
    0x0800fac0   0x0800fac0   0x00000000   Code   RO         1856    .text               mc_w.l(iusefp.o)
    0x0800fac0   0x0800fac0   0x0000006e   Code   RO         1857    .text               mf_w.l(fepilogue.o)
    0x0800fb2e   0x0800fb2e   0x000000e4   Code   RO         1861    .text               mf_w.l(dmul.o)
    0x0800fc12   0x0800fc12   0x000000de   Code   RO         1863    .text               mf_w.l(ddiv.o)
    0x0800fcf0   0x0800fcf0   0x00000024   Code   RO         1869    .text               mc_w.l(init.o)
    0x0800fd14   0x0800fd14   0x0000001e   Code   RO         1872    .text               mc_w.l(llshl.o)
    0x0800fd32   0x0800fd32   0x0000000a   Code   RO         1876    .text               mc_w.l(isspace_c.o)
    0x0800fd3c   0x0800fd3c   0x00000360   Code   RO         1878    .text               mc_w.l(scanf_fp.o)
    0x0801009c   0x0801009c   0x00000040   Code   RO         1882    .text               mc_w.l(_sgetc.o)
    0x080100dc   0x080100dc   0x000000ba   Code   RO         1885    .text               mf_w.l(depilogue.o)
    0x08010196   0x08010196   0x00000002   PAD
    0x08010198   0x08010198   0x00000028   Code   RO         1887    .text               mc_w.l(ctype_c.o)
    0x080101c0   0x080101c0   0x00000018   Code   RO         1890    .text               mf_w.l(dfltul.o)
    0x080101d8   0x080101d8   0x00000028   Code   RO         1662    i.__0sprintf$5      mc_w.l(printf5.o)
    0x08010200   0x08010200   0x00000038   Code   RO         1508    i.__hardfp_atof     m_wm.l(atof.o)
    0x08010238   0x08010238   0x0000000c   Code   RO         1848    i.__read_errno      mc_w.l(errno.o)
    0x08010244   0x08010244   0x0000000e   Code   RO         1894    i.__scatterload_copy  mc_w.l(handlers.o)
    0x08010252   0x08010252   0x00000002   Code   RO         1895    i.__scatterload_null  mc_w.l(handlers.o)
    0x08010254   0x08010254   0x0000000e   Code   RO         1896    i.__scatterload_zeroinit  mc_w.l(handlers.o)
    0x08010262   0x08010262   0x00000002   PAD
    0x08010264   0x08010264   0x0000000c   Code   RO         1849    i.__set_errno       mc_w.l(errno.o)
    0x08010270   0x08010270   0x0000000e   Code   RO         1880    i._is_digit         mc_w.l(scanf_fp.o)
    0x0801027e   0x0801027e   0x00000002   PAD
    0x08010280   0x08010280   0x000002c0   Code   RO         1667    i._printf_core      mc_w.l(printf5.o)
    0x08010540   0x08010540   0x0000000a   Code   RO         1669    i._sputc            mc_w.l(printf5.o)
    0x0801054a   0x0801054a   0x00000002   PAD
    0x0801054c   0x0801054c   0x00000050   Code   RO         1788    i.free              mc_w.l(malloc.o)
    0x0801059c   0x0801059c   0x0000006c   Code   RO         1789    i.malloc            mc_w.l(malloc.o)
    0x08010608   0x08010608   0x0000002c   Data   RO          764    .constdata          beep.o
    0x08010634   0x08010634   0x00000012   Data   RO          885    .constdata          led8.o
    0x08010646   0x08010646   0x00000100   Data   RO         1338    .constdata          os_core.o
    0x08010746   0x08010746   0x00000040   Data   RO         1888    .constdata          mc_w.l(ctype_c.o)
    0x08010786   0x08010786   0x00000002   PAD
    0x08010788   0x08010788   0x00000020   Data   RO         1892    Region$$Table       anon$$obj.o


    Execution Region RW_IRAM1 (Exec base: 0x20000000, Load base: 0x080107a8, Size: 0x0000b118, Max: 0x00020000, ABSOLUTE)

    Exec Addr    Load Addr    Size         Type   Attr      Idx    E Section Name        Object

    0x20000000   0x080107a8   0x0000000c   Data   RW            6    .data               param.o
    0x2000000c   0x080107b4   0x00000010   Data   RW          333    .data               can1.o
    0x2000001c   0x080107c4   0x00000002   Data   RW          490    .data               usart2.o
    0x2000001e   0x080107c6   0x00000002   PAD
    0x20000020   0x080107c8   0x00000011   Data   RW          579    .data               motor.o
    0x20000031   0x080107d9   0x00000003   PAD
    0x20000034   0x080107dc   0x00000030   Data   RW          610    .data               elmo.o
    0x20000064   0x0801080c   0x0000001c   Data   RW          641    .data               vesc.o
    0x20000080   0x08010828   0x0000001c   Data   RW          672    .data               epos.o
    0x2000009c   0x08010844   0x0000000c   Data   RW          703    .data               queue.o
    0x200000a8   0x08010850   0x00000010   Data   RW         1219    .data               stm32f4xx_rcc.o
    0x200000b8   0x08010860   0x00000014   Data   RW         1293    .data               system_stm32f4xx.o
    0x200000cc   0x08010874   0x0000004c   Data   RW         1339    .data               os_core.o
    0x20000118   0x080108c0   0x00000004   Data   RW         1465    .data               os_cpu_c.o
    0x2000011c   0x080108c4   0x00000004   Data   RW         1845    .data               mc_w.l(mvars.o)
    0x20000120   0x080108c8   0x00000004   Data   RW         1846    .data               mc_w.l(mvars.o)
    0x20000124   0x080108cc   0x00000004   Data   RW         1850    .data               mc_w.l(errno.o)
    0x20000128        -       0x000002ab   Zero   RW            5    .bss                param.o
    0x200003d3   0x080108d0   0x00000001   PAD
    0x200003d4        -       0x00000054   Zero   RW          366    .bss                can2_1.o
    0x20000428        -       0x00002200   Zero   RW          398    .bss                main.o
    0x20002628        -       0x00000020   Zero   RW          489    .bss                usart2.o
    0x20002648        -       0x0000070c   Zero   RW          578    .bss                motor.o
    0x20002d54        -       0x000001dd   Zero   RW          609    .bss                elmo.o
    0x20002f31   0x080108d0   0x00000003   PAD
    0x20002f34        -       0x000000fc   Zero   RW          640    .bss                vesc.o
    0x20003030        -       0x00000230   Zero   RW          671    .bss                epos.o
    0x20003260        -       0x000036e0   Zero   RW          702    .bss                queue.o
    0x20006940        -       0x0000002a   Zero   RW         1075    .bss                datascope_dp.o
    0x2000696a   0x080108d0   0x00000002   PAD
    0x2000696c        -       0x00001bac   Zero   RW         1337    .bss                os_core.o
    0x20008518        -       0x00002800   Zero   RW         1330    HEAP                startup_stm32f4xx.o
    0x2000ad18        -       0x00000400   Zero   RW         1329    STACK               startup_stm32f4xx.o


==============================================================================

Image component sizes


      Code (inc. data)   RO Data    RW Data    ZI Data      Debug   Object Name

       328         78         44          0          0       1289   beep.o
       250          0          0          0          0       2727   buffer.o
      1624         42          0         16          0       2581   can1.o
      3736         94          0          0         84       4924   can2_1.o
       344         28          0          0         42       2122   datascope_dp.o
        68          0          0          0          0       1006   delay.o
       328         12          0          0          0       1416   dma.o
      5704        132          0         48        477      12144   elmo.o
      6864        132          0         28        560      11285   epos.o
       652         10          0          0          0       1175   key.o
       188          6          0          0          0        697   led.o
       152         10         18          0          0       1237   led8.o
       664         80          0          0       8704      22635   main.o
       224         20          0          0          0       1937   misc.o
      4852        134          0         17       1804       6719   motor.o
      2240        216        256         76       7084      15602   os_core.o
       176         32          0          0          0        300   os_cpu_a.o
       648         16          0          4          0      41925   os_cpu_c.o
      2060         42          0          0          0       7184   os_flag.o
       484         16          0          0          0       3260   os_mem.o
      1512         30          0          0          0       5745   os_q.o
      1984         70          0          0          0       7857   os_task.o
       428         28          0          0          0       1858   os_time.o
       312         18          0         12        683     255949   param.o
       732          8          0          0          0       2607   pid.o
       420         36          0         12      14048       3823   queue.o
        36          8        392          0      11264        828   startup_stm32f4xx.o
      2544         38          0          0          0       8264   stm32f4xx_can.o
       936         32          0          0          0       6509   stm32f4xx_dma.o
       604         36          0          0          0       4241   stm32f4xx_gpio.o
        36          0          0          0          0       1155   stm32f4xx_it.o
      1416         48          0         16          0      11175   stm32f4xx_rcc.o
      3234         60          0          0          0      23132   stm32f4xx_tim.o
      1050         26          0          0          0       7976   stm32f4xx_usart.o
      1128         46          0          0          0       4192   sys.o
       528         46          0         20          0       1827   system_stm32f4xx.o
       884         16          0          0          0      20921   tim2.o
       584         38          0          0          0     229820   tim3.o
       288         30          0          0          0       1159   usart1.o
     11060        432          0          2         32      41088   usart2.o
       456         26          0          0          0       1572   usart3.o
      1456         64          0         28        252       5784   vesc.o

    ----------------------------------------------------------------------
     63220       2236        742        284      45040     789647   Object Totals
         0          0         32          0          0          0   (incl. Generated)
         6          0          0          5          6          0   (incl. Padding)

    ----------------------------------------------------------------------

      Code (inc. data)   RO Data    RW Data    ZI Data      Debug   Library Member Name

        56         12          0          0          0        132   atof.o
        64          0          0          0          0         84   _sgetc.o
        40          6         64          0          0         68   ctype_c.o
         0          0          0          0          0          0   entry.o
         0          0          0          0          0          0   entry10a.o
         0          0          0          0          0          0   entry11a.o
         8          4          0          0          0          0   entry2.o
         4          0          0          0          0          0   entry5.o
         0          0          0          0          0          0   entry7b.o
         0          0          0          0          0          0   entry8b.o
         8          4          0          0          0          0   entry9a.o
        24         12          0          4          0        136   errno.o
        30          0          0          0          0          0   handlers.o
        36          8          0          0          0         68   init.o
        10          0          0          0          0         68   isspace_c.o
         0          0          0          0          0          0   iusefp.o
        30          0          0          0          0         68   llshl.o
        32          0          0          0          0         68   llushr.o
       188         20          0          0          0        160   malloc.o
        36          0          0          0          0         68   memcpya.o
        36          0          0          0          0        108   memseta.o
         0          0          0          8          0          0   mvars.o
       754         52          0          0          0        252   printf5.o
       878         12          0          0          0        216   scanf_fp.o
        18          0          0          0          0         68   strcpy.o
        14          0          0          0          0         68   strlen.o
       156         12          0          0          0        120   strtod.o
        98          0          0          0          0         92   uldiv.o
        56          0          0          0          0         88   d2f.o
       222          0          0          0          0        100   ddiv.o
       186          0          0          0          0        176   depilogue.o
        62          0          0          0          0         80   dfixi.o
        50          0          0          0          0         76   dfixui.o
        24          0          0          0          0         76   dfltul.o
       228          0          0          0          0         96   dmul.o
       110          0          0          0          0        168   fepilogue.o

    ----------------------------------------------------------------------
      3468        142         66         12          0       2704   Library Totals
        10          0          2          0          0          0   (incl. Padding)

    ----------------------------------------------------------------------

      Code (inc. data)   RO Data    RW Data    ZI Data      Debug   Library Name

        56         12          0          0          0        132   m_wm.l
      2464        130         64         12          0       1712   mc_w.l
       938          0          0          0          0        860   mf_w.l

    ----------------------------------------------------------------------
      3468        142         66         12          0       2704   Library Totals

    ----------------------------------------------------------------------

==============================================================================


      Code (inc. data)   RO Data    RW Data    ZI Data      Debug   

     66688       2378        808        296      45040     782755   Grand Totals
     66688       2378        808        296      45040     782755   ELF Image Totals
     66688       2378        808        296          0          0   ROM Totals

==============================================================================

    Total RO  Size (Code + RO Data)                67496 (  65.91kB)
    Total RW  Size (RW Data + ZI Data)             45336 (  44.27kB)
    Total ROM Size (Code + RO Data + RW Data)      67792 (  66.20kB)

==============================================================================

