Component: ARM Compiler 5.06 update 6 (build 750) Tool: armlink [4d35ed]

==============================================================================

Section Cross References

    param.o(.text) refers to malloc.o(i.malloc) for malloc
    param.o(.text) refers to elmo.o(.text) for ELMO_Motor_Init
    param.o(.text) refers to epos.o(.text) for EPOS_Motor_Init
    param.o(.text) refers to motor.o(.text) for Motor_Init
    param.o(.text) refers to vesc.o(.text) for VESCInit
    param.o(.text) refers to malloc.o(i.free) for free
    param.o(.text) refers to param.o(.bss) for flag
    param.o(.text) refers to param.o(.data) for Eerror
    tim2.o(.text) refers to stm32f4xx_rcc.o(.text) for RCC_APB1PeriphClockCmd
    tim2.o(.text) refers to stm32f4xx_tim.o(.text) for TIM_TimeBaseInit
    tim2.o(.text) refers to misc.o(.text) for NVIC_Init
    tim2.o(.text) refers to os_time.o(.text) for OSTimeGet
    tim2.o(.text) refers to beep.o(.text) for Beep_Show
    tim2.o(.text) refers to led8.o(.text) for Led8DisData
    tim2.o(.text) refers to delay.o(.text) for Delay_ms
    tim2.o(.text) refers to motor.o(.text) for iftimeout
    tim2.o(.text) refers to elmo.o(.bss) for ELMOmotor
    tim2.o(.text) refers to epos.o(.bss) for EPOSmotor
    tim3.o(.text) refers to stm32f4xx_rcc.o(.text) for RCC_APB1PeriphClockCmd
    tim3.o(.text) refers to stm32f4xx_tim.o(.text) for TIM_TimeBaseInit
    tim3.o(.text) refers to misc.o(.text) for NVIC_Init
    tim3.o(.text) refers to motor.o(.text) for pulse_caculate
    tim3.o(.text) refers to pid.o(.text) for peakcurrent
    tim3.o(.text) refers to queue.o(.text) for Can_DeQueue
    tim3.o(.text) refers to motor.o(.bss) for motor
    tim3.o(.text) refers to queue.o(.bss) for Can2_Sendqueue
    can1.o(.text) refers to stm32f4xx_rcc.o(.text) for RCC_APB1PeriphClockCmd
    can1.o(.text) refers to stm32f4xx_gpio.o(.text) for GPIO_PinAFConfig
    can1.o(.text) refers to stm32f4xx_can.o(.text) for CAN_Init
    can1.o(.text) refers to misc.o(.text) for NVIC_Init
    can1.o(.text) refers to memcpya.o(.text) for __aeabi_memcpy
    can1.o(.text) refers to queue.o(.bss) for Can1_Sendqueue
    can1.o(.text) refers to param.o(.bss) for flag
    can1.o(.text) refers to motor.o(.bss) for motor
    can1.o(.text) refers to can1.o(.data) for s16TempData
    can2_1.o(.text) refers to stm32f4xx_rcc.o(.text) for RCC_AHB1PeriphClockCmd
    can2_1.o(.text) refers to stm32f4xx_can.o(.text) for CAN_DeInit
    can2_1.o(.text) refers to stm32f4xx_gpio.o(.text) for GPIO_PinAFConfig
    can2_1.o(.text) refers to misc.o(.text) for NVIC_Init
    can2_1.o(.text) refers to os_time.o(.text) for OSTimeGet
    can2_1.o(.text) refers to can2_1.o(.bss) for now_update_time
    can2_1.o(.text) refers to motor.o(.bss) for motor
    can2_1.o(.text) refers to epos.o(.bss) for EPOSmotor
    can2_1.o(.text) refers to queue.o(.bss) for Can2_eposMesgSentList
    can2_1.o(.text) refers to param.o(.text) for insertError
    can2_1.o(.text) refers to elmo.o(.bss) for ELMOmotor
    can2_1.o(.text) refers to param.o(.data) for Eerror
    main.o(.text) refers to datascope_dp.o(.text) for DataScope_Get_Channel_Data
    main.o(.text) refers to usart1.o(.text) for USART1_Send
    main.o(.text) refers to os_time.o(.text) for OSTimeDly
    main.o(.text) refers to motor.o(.text) for djcontrol
    main.o(.text) refers to vesc.o(.text) for VESC_CONTROL
    main.o(.text) refers to epos.o(.text) for EPOS_Askenable_or_disable
    main.o(.text) refers to elmo.o(.text) for elmo_control
    main.o(.text) refers to led.o(.text) for Led_Show
    main.o(.text) refers to key.o(.text) for Key_Ctrl
    main.o(.text) refers to usart2.o(.text) for UsartLCDshow
    main.o(.text) refers to beep.o(.text) for Beep_Show
    main.o(.text) refers to led8.o(.text) for Led8DisData
    main.o(.text) refers to os_cpu_c.o(.text) for OS_CPU_SysTickInit
    main.o(.text) refers to os_cpu_a.o(.text) for OS_CPU_SR_Save
    main.o(.text) refers to os_task.o(.text) for OSTaskCreate
    main.o(.text) refers to delay.o(.text) for Delay_ms
    main.o(.text) refers to system_stm32f4xx.o(.text) for SystemInit
    main.o(.text) refers to misc.o(.text) for NVIC_PriorityGroupConfig
    main.o(.text) refers to can2_1.o(.text) for CAN2_Mode_Init
    main.o(.text) refers to can1.o(.text) for CAN1_Configuration
    main.o(.text) refers to queue.o(.text) for Can_SendqueueInit
    main.o(.text) refers to tim2.o(.text) for TIM2_Configuration
    main.o(.text) refers to tim3.o(.text) for TIM3_Init
    main.o(.text) refers to param.o(.text) for param_Init
    main.o(.text) refers to os_core.o(.text) for OSInit
    main.o(.text) refers to datascope_dp.o(.bss) for DataScope_OutPut_Buffer
    main.o(.text) refers to main.o(.bss) for LCD_TASK_STK
    main.o(.text) refers to motor.o(.bss) for motor
    usart1.o(.text) refers to sys.o(.text) for GPIO_Set
    usart1.o(.text) refers to dma.o(.text) for MYDMA_Config
    usart1.o(.text) refers to stm32f4xx_dma.o(.text) for DMA_ITConfig
[...]
    _printf_i                                0x00000000   Number         0  stubs.o ABSOLUTE
    _printf_int_dec                          0x00000000   Number         0  stubs.o ABSOLUTE
    _printf_l                                0x00000000   Number         0  stubs.o ABSOLUTE
    _printf_lc                               0x00000000   Number         0  stubs.o ABSOLUTE
    _printf_ll                               0x00000000   Number         0  stubs.o ABSOLUTE
    _printf_lld                              0x00000000   Number         0  stubs.o ABSOLUTE
    _printf_lli                              0x00000000   Number         0  stubs.o ABSOLUTE
    _printf_llo                              0x00000000   Number         0  stubs.o ABSOLUTE
    _printf_llu                              0x00000000   Number         0  stubs.o ABSOLUTE
    _printf_llx                              0x00000000   Number         0  stubs.o ABSOLUTE
    _printf_longlong_dec                     0x00000000   Number         0  stubs.o ABSOLUTE
    _printf_longlong_hex                     0x00000000   Number         0  stubs.o ABSOLUTE
    _printf_longlong_oct                     0x00000000   Number         0  stubs.o ABSOLUTE
    _printf_ls                               0x00000000   Number         0  stubs.o ABSOLUTE
    _printf_mbtowc                           0x00000000   Number         0  stubs.o ABSOLUTE
    _printf_n                                0x00000000   Number         0  stubs.o ABSOLUTE
    _printf_o                                0x00000000   Number         0  stubs.o ABSOLUTE
    _printf_p                                0x00000000   Number         0  stubs.o ABSOLUTE
    _printf_percent                          0x00000000   Number         0  stubs.o ABSOLUTE
    _printf_pre_padding                      0x00000000   Number         0  stubs.o ABSOLUTE
    _printf_return_value                     0x00000000   Number         0  stubs.o ABSOLUTE
    _printf_s                                0x00000000   Number         0  stubs.o ABSOLUTE
    _printf_sizespec                         0x00000000   Number         0  stubs.o ABSOLUTE
    _printf_str                              0x00000000   Number         0  stubs.o ABSOLUTE
    _printf_truncate_signed                  0x00000000   Number         0  stubs.o ABSOLUTE
    _printf_truncate_unsigned                0x00000000   Number         0  stubs.o ABSOLUTE
    _printf_u                                0x00000000   Number         0  stubs.o ABSOLUTE
    _printf_wc                               0x00000000   Number         0  stubs.o ABSOLUTE
    _printf_wctomb                           0x00000000   Number         0  stubs.o ABSOLUTE
    _printf_widthprec                        0x00000000   Number         0  stubs.o ABSOLUTE
    _printf_x                                0x00000000   Number         0  stubs.o ABSOLUTE
    __cpp_initialize__aeabi_                  - Undefined Weak Reference
    __cxa_finalize                            - Undefined Weak Reference
    _clock_init                               - Undefined Weak Reference
    _microlib_exit                            - Undefined Weak Reference
    __Vectors_Size                           0x00000188   Number         0  startup_stm32f4xx.o ABSOLUTE
    __Vectors                                0x08000000   Data           4  startup_stm32f4xx.o(RESET)
    __Vectors_End                            0x08000188   Data           0  startup_stm32f4xx.o(RESET)
    __main                                   0x08000189   Thumb Code     0  entry.o(.ARM.Collect$$$$00000000)
    _main_stk                                0x08000189   Thumb Code     0  entry2.o(.ARM.Collect$$$$00000001)
    _main_scatterload                        0x0800018d   Thumb Code     0  entry5.o(.ARM.Collect$$$$00000004)
    __main_after_scatterload                 0x08000191   Thumb Code     0  entry5.o(.ARM.Collect$$$$00000004)
    _main_clock                              0x08000191   Thumb Code     0  entry7b.o(.ARM.Collect$$$$00000008)
    _main_cpp_init                           0x08000191   Thumb Code     0  entry8b.o(.ARM.Collect$$$$0000000A)
    _main_init                               0x08000191   Thumb Code     0  entry9a.o(.ARM.Collect$$$$0000000B)
    __rt_final_cpp                           0x08000199   Thumb Code     0  entry10a.o(.ARM.Collect$$$$0000000D)
    __rt_final_exit                          0x08000199   Thumb Code     0  entry11a.o(.ARM.Collect$$$$0000000F)
    WFI_SET                                  0x0800019d   Thumb Code     2  sys.o(.emb_text)
    INTX_DISABLE                             0x0800019f   Thumb Code     4  sys.o(.emb_text)
    INTX_ENABLE                              0x080001a3   Thumb Code     4  sys.o(.emb_text)
    MSR_MSP                                  0x080001a7   Thumb Code     6  sys.o(.emb_text)
    creatError                               0x080001ad   Thumb Code    18  param.o(.text)
    Flag_Init                                0x080001bf   Thumb Code     8  param.o(.text)
    param_Init                               0x080001c7   Thumb Code   104  param.o(.text)
    ChangeData                               0x0800022f   Thumb Code    12  param.o(.text)
    deleteError                              0x0800023b   Thumb Code    44  param.o(.text)
    ErrorFind                                0x08000267   Thumb Code    28  param.o(.text)
    insertError                              0x08000283   Thumb Code    80  param.o(.text)
    TIM2_Configuration                       0x080002e5   Thumb Code    88  tim2.o(.text)
    TIM2_IRQHandler                          0x0800033d   Thumb Code   518  tim2.o(.text)
    TIM3_Init                                0x08000551   Thumb Code    90  tim3.o(.text)
    TIM3_IRQHandler                          0x080005ab   Thumb Code   208  tim3.o(.text)
    CAN1_Configuration                       0x08000699   Thumb Code   298  can1.o(.text)
    feedbackAngle                            0x08000833   Thumb Code   224  can1.o(.text)
    CAN1_RX0_IRQHandler                      0x08000913   Thumb Code   840  can1.o(.text)
    CAN2_Mode_Init                           0x08000c65   Thumb Code   808  can2_1.o(.text)
    CAN2_RX0_IRQHandler                      0x08000f8d   Thumb Code   424  can2_1.o(.text)
    CAN2_Send_Msg                            0x08001135   Thumb Code   104  can2_1.o(.text)
    CAN2_RX1_IRQHandler                      0x080011e1   Thumb Code  1766  can2_1.o(.text)
    CAN2_Receive_Msg                         0x080018c7   Thumb Code    60  can2_1.o(.text)
    main                                     0x08001aed   Thumb Code   108  main.o(.text)
    USART1_Configuration                     0x08001ba9   Thumb Code   174  usart1.o(.text)
    USART1_Send                              0x08001c57   Thumb Code    46  usart1.o(.text)
    DMA2_Stream7_IRQHandler                  0x08001c85   Thumb Code    38  usart1.o(.text)
    USART2_Configuration                     0x08001cc9   Thumb Code   204  usart2.o(.text)
    DMA1_Stream6_IRQHandler                  0x08001d95   Thumb Code    38  usart2.o(.text)
    USART2_IRQHandler                        0x08001dbb   Thumb Code  4142  usart2.o(.text)
    UsartLCDshow                             0x08002e0b   Thumb Code  4594  usart2.o(.text)
    USART3_Init                              0x0800400d   Thumb Code   308  usart3.o(.text)
    DMA1_Stream3_IRQHandler                  0x08004141   Thumb Code    38  usart3.o(.text)
    USART3_sendData                          0x08004167   Thumb Code    46  usart3.o(.text)
    USART3_IRQHandler                        0x08004195   Thumb Code    38  usart3.o(.text)
    PID_Init                                 0x080041d5   Thumb Code    32  pid.o(.text)
    PID_Operation                            0x080041f5   Thumb Code    96  pid.o(.text)
    SetM3508_2                               0x08004255   Thumb Code   178  pid.o(.text)
    SetM3508_1                               0x08004307   Thumb Code   178  pid.o(.text)
    peakcurrent                              0x080043b9   Thumb Code   162  pid.o(.text)
    Motor_Init                               0x08004465   Thumb Code  1598  motor.o(.text)
    setZero                                  0x08004aa3   Thumb Code    14  motor.o(.text)
    speed_mode                               0x08004ab1   Thumb Code   178  motor.o(.text)
    position_mode                            0x08004b63   Thumb Code   890  motor.o(.text)
    zero_mode                                0x08004edd   Thumb Code   350  motor.o(.text)
    pulse_caculate                           0x0800503b   Thumb Code   594  motor.o(.text)
    ifstuck                                  0x0800528d   Thumb Code   590  motor.o(.text)
    iftimeout                                0x080054db   Thumb Code   190  motor.o(.text)
    djcontrol                                0x08005599   Thumb Code   252  motor.o(.text)
    ELMO_Motor_Init                          0x080056ad   Thumb Code   206  elmo.o(.text)
    ELMO_Init                                0x0800577b   Thumb Code    72  elmo.o(.text)
    Elmo_Motor_UM                            0x080057c3   Thumb Code   242  elmo.o(.text)
    Elmo_Motor_SV                            0x080058b5   Thumb Code   202  elmo.o(.text)
    Elmo_Motor_Enable_Or_Disable             0x0800597f   Thumb Code    82  elmo.o(.text)
    Elmo_Motor_BG                            0x080059d1   Thumb Code   248  elmo.o(.text)
    Elmo_Motor_ST                            0x08005ac9   Thumb Code   202  elmo.o(.text)
    Elmo_Motor_SP                            0x08005b93   Thumb Code   254  elmo.o(.text)
    Elmo_Motor_PA                            0x08005c91   Thumb Code   254  elmo.o(.text)
    Elmo_Motor_PX                            0x08005d8f   Thumb Code   218  elmo.o(.text)
    Elmo_Motor_JV                            0x08005e69   Thumb Code   266  elmo.o(.text)
    Elmo_Motor_RM                            0x08005f73   Thumb Code   218  elmo.o(.text)
    Elmo_Motor_PV                            0x0800604d   Thumb Code   254  elmo.o(.text)
    Elmo_Motor_MP                            0x0800614b   Thumb Code   224  elmo.o(.text)
    Elmo_Motor_QP                            0x0800622b   Thumb Code   238  elmo.o(.text)
    Elmo_Motor_QT                            0x08006319   Thumb Code   224  elmo.o(.text)
    Elmo_Motor_QV                            0x080063f9   Thumb Code   224  elmo.o(.text)
    Elmo_Motor_PT                            0x080064d9   Thumb Code   254  elmo.o(.text)
    Elmo_Motor_ASKjv                         0x080065d7   Thumb Code   202  elmo.o(.text)
    Elmo_Motor_ASKpa                         0x080066a1   Thumb Code   216  elmo.o(.text)
    Elmo_Motor_ASKpx                         0x08006779   Thumb Code   202  elmo.o(.text)
    Elmo_Motor_ASKsp                         0x08006843   Thumb Code   202  elmo.o(.text)
    Elmo_Motor_ASKum                         0x0800690d   Thumb Code   202  elmo.o(.text)
    elmo_control                             0x080069d7   Thumb Code   202  elmo.o(.text)
    VESCInit                                 0x08006ac5   Thumb Code   300  vesc.o(.text)
    VESC_Set_Duty_Cycle                      0x08006bf1   Thumb Code   160  vesc.o(.text)
    VESC_Set_Speed                           0x08006c91   Thumb Code   136  vesc.o(.text)
    VESC_Set_Current                         0x08006d19   Thumb Code   164  vesc.o(.text)
    VESC_Set_Brake_Current                   0x08006dbd   Thumb Code   164  vesc.o(.text)
    VESC_Set_Handbrake_Current               0x08006e61   Thumb Code   204  vesc.o(.text)
    VESC_CONTROL                             0x08006f2d   Thumb Code   120  vesc.o(.text)
    EPOS_Motor_Init                          0x08006fb9   Thumb Code   302  epos.o(.text)
    EPOS_Init                                0x080070e7   Thumb Code    72  epos.o(.text)
    EPOS_SetMode                             0x0800712f   Thumb Code   252  epos.o(.text)
    EPOS_EnableOperation                     0x0800722b   Thumb Code   256  epos.o(.text)
    EPOS_StartMotor                          0x0800732b   Thumb Code   504  epos.o(.text)
    EPOS_AGAINMotorPPM                       0x08007523   Thumb Code   344  epos.o(.text)
    EPOS_RelieveMotor                        0x0800767b   Thumb Code   252  epos.o(.text)
    EPOS_SetPVMspeed                         0x08007777   Thumb Code   242  epos.o(.text)
    EPOS_QuickStop                           0x08007869   Thumb Code   256  epos.o(.text)
    EPOS_Halt                                0x08007969   Thumb Code   258  epos.o(.text)
    EPOS_SetPPMspeed                         0x08007a6b   Thumb Code   220  epos.o(.text)
    EPOS_SetPPMposition                      0x08007b47   Thumb Code   234  epos.o(.text)
    EPOS_Askdemandpos                        0x08007c31   Thumb Code   252  epos.o(.text)
    EPOS_Askdactualpos                       0x08007d2d   Thumb Code   252  epos.o(.text)
    EPOS_Askdemandspeed                      0x08007e29   Thumb Code   252  epos.o(.text)
    EPOS_Askactualspeed                      0x08007f25   Thumb Code   268  epos.o(.text)
    EPOS_Askmode                             0x08008031   Thumb Code   250  epos.o(.text)
    EPOS_Askenable_or_disable                0x0800812b   Thumb Code   250  epos.o(.text)
    EPOS_Asktorque                           0x08008225   Thumb Code   252  epos.o(.text)
    EPOS_ReadStatusword                      0x08008321   Thumb Code   216  epos.o(.text)
    EPOS_BootUP                              0x080083f9   Thumb Code   114  epos.o(.text)
    EPOS_CONTROL                             0x0800846b   Thumb Code   576  epos.o(.text)
    QueueEmpty                               0x080086c9   Thumb Code    18  queue.o(.text)
    QueueFull                                0x080086db   Thumb Code    30  queue.o(.text)
    Can_SendqueueInit                        0x080086f9   Thumb Code    22  queue.o(.text)
    Can_DeQueue                              0x0800870f   Thumb Code   314  queue.o(.text)
    Beep_Init                                0x0800886d   Thumb Code    52  beep.o(.text)
    Beep_Show                                0x080088a1   Thumb Code    44  beep.o(.text)
    Sound                                    0x080088cd   Thumb Code    56  beep.o(.text)
    play_Music_1                             0x08008905   Thumb Code    98  beep.o(.text)
    EcodeFloatData_to_4byte                  0x080089b5   Thumb Code    40  buffer.o(.text)
    DecodeFloatData_From_4byte               0x080089dd   Thumb Code    24  buffer.o(.text)
    buffer_append_int32                      0x080089f5   Thumb Code    46  buffer.o(.text)
    get_s32_from_buffer                      0x08008a23   Thumb Code    48  buffer.o(.text)
    get_s16_from_buffer                      0x08008a53   Thumb Code    28  buffer.o(.text)
    buffer_32_to_float                       0x08008a6f   Thumb Code    32  buffer.o(.text)
    buffer_16_to_float                       0x08008a8f   Thumb Code    32  buffer.o(.text)
    Delay_ms                                 0x08008aaf   Thumb Code    28  delay.o(.text)
    Delay_us                                 0x08008acb   Thumb Code    26  delay.o(.text)
    Delay                                    0x08008ae5   Thumb Code    14  delay.o(.text)
    Key_Configuration                        0x08008af5   Thumb Code    64  key.o(.text)
    Check_Matrixkey                          0x08008b35   Thumb Code   322  key.o(.text)
    Check_Dialkey                            0x08008c77   Thumb Code    40  key.o(.text)
    Key_Ctrl                                 0x08008c9f   Thumb Code   216  key.o(.text)
    LED_Configuration                        0x08008d81   Thumb Code    66  led.o(.text)
    Led_Show                                 0x08008dc3   Thumb Code   100  led.o(.text)
    Led8_Configuration                       0x08008e2d   Thumb Code    64  led8.o(.text)
    Led8DisData                              0x08008e6d   Thumb Code    78  led8.o(.text)
    NMI_Handler                              0x08008ec5   Thumb Code     2  stm32f4xx_it.o(.text)
    HardFault_Handler                        0x08008ec7   Thumb Code    18  stm32f4xx_it.o(.text)
    MemManage_Handler                        0x08008ed9   Thumb Code     4  stm32f4xx_it.o(.text)
    BusFault_Handler                         0x08008edd   Thumb Code     4  stm32f4xx_it.o(.text)
    UsageFault_Handler                       0x08008ee1   Thumb Code     4  stm32f4xx_it.o(.text)
    SVC_Handler                              0x08008ee5   Thumb Code     2  stm32f4xx_it.o(.text)
    DebugMon_Handler                         0x08008ee7   Thumb Code     2  stm32f4xx_it.o(.text)
    MYDMA_Config                             0x08008ee9   Thumb Code   284  dma.o(.text)
    MYDMA_Enable                             0x08009005   Thumb Code    32  dma.o(.text)
    MY_NVIC_SetVectorTable                   0x08009031   Thumb Code    12  sys.o(.text)
    MY_NVIC_PriorityGroupConfig              0x0800903d   Thumb Code    36  sys.o(.text)
    MY_NVIC_Init                             0x08009061   Thumb Code   116  sys.o(.text)
    Ex_NVIC_Config                           0x080090d5   Thumb Code   168  sys.o(.text)
    GPIO_AF_Set                              0x0800917d   Thumb Code    64  sys.o(.text)
    GPIO_Set                                 0x080091bd   Thumb Code   222  sys.o(.text)
    Sys_Standby                              0x0800929b   Thumb Code    72  sys.o(.text)
    Sys_Soft_Reset                           0x080092e3   Thumb Code    12  sys.o(.text)
    Sys_Clock_Set                            0x080092ef   Thumb Code   266  sys.o(.text)
    Stm32_Clock_Init                         0x080093f9   Thumb Code   138  sys.o(.text)
    Float2Byte                               0x08009489   Thumb Code    28  datascope_dp.o(.text)
    DataScope_Get_Channel_Data               0x080094a5   Thumb Code   162  datascope_dp.o(.text)
    DataScope_Data_Generate                  0x08009547   Thumb Code   150  datascope_dp.o(.text)
    NVIC_PriorityGroupConfig                 0x080095e1   Thumb Code    10  misc.o(.text)
    NVIC_Init                                0x080095eb   Thumb Code   106  misc.o(.text)
    NVIC_SetVectorTable                      0x08009655   Thumb Code    14  misc.o(.text)
    NVIC_SystemLPConfig                      0x08009663   Thumb Code    34  misc.o(.text)
    SysTick_CLKSourceConfig                  0x08009685   Thumb Code    40  misc.o(.text)
    CAN_DeInit                               0x080096c1   Thumb Code    50  stm32f4xx_can.o(.text)
    CAN_Init                                 0x080096f3   Thumb Code   276  stm32f4xx_can.o(.text)
    CAN_FilterInit                           0x08009807   Thumb Code   258  stm32f4xx_can.o(.text)
    CAN_StructInit                           0x08009909   Thumb Code    32  stm32f4xx_can.o(.text)
    CAN_SlaveStartBank                       0x08009929   Thumb Code    48  stm32f4xx_can.o(.text)
    CAN_DBGFreeze                            0x08009959   Thumb Code    22  stm32f4xx_can.o(.text)
    CAN_TTComModeCmd                         0x0800996f   Thumb Code   118  stm32f4xx_can.o(.text)
    CAN_Transmit                             0x080099e5   Thumb Code   304  stm32f4xx_can.o(.text)
    CAN_TransmitStatus                       0x08009b15   Thumb Code   138  stm32f4xx_can.o(.text)
    CAN_CancelTransmit                       0x08009b9f   Thumb Code    48  stm32f4xx_can.o(.text)
    CAN_Receive                              0x08009bcf   Thumb Code   240  stm32f4xx_can.o(.text)
    CAN_FIFORelease                          0x08009cbf   Thumb Code    22  stm32f4xx_can.o(.text)
    CAN_MessagePending                       0x08009cd5   Thumb Code    30  stm32f4xx_can.o(.text)
    CAN_OperatingModeRequest                 0x08009cf3   Thumb Code   162  stm32f4xx_can.o(.text)
    CAN_Sleep                                0x08009d95   Thumb Code    30  stm32f4xx_can.o(.text)
    CAN_WakeUp                               0x08009db3   Thumb Code    48  stm32f4xx_can.o(.text)
    CAN_GetLastErrorCode                     0x08009de3   Thumb Code    12  stm32f4xx_can.o(.text)
    CAN_GetReceiveErrorCounter               0x08009def   Thumb Code    10  stm32f4xx_can.o(.text)
    CAN_GetLSBTransmitErrorCounter           0x08009df9   Thumb Code    12  stm32f4xx_can.o(.text)
    CAN_ITConfig                             0x08009e05   Thumb Code    18  stm32f4xx_can.o(.text)
    CAN_GetFlagStatus                        0x08009e17   Thumb Code   120  stm32f4xx_can.o(.text)
    CAN_ClearFlag                            0x08009e8f   Thumb Code    52  stm32f4xx_can.o(.text)
    CAN_GetITStatus                          0x08009ed5   Thumb Code   310  stm32f4xx_can.o(.text)
    CAN_ClearITPendingBit                    0x0800a00b   Thumb Code   162  stm32f4xx_can.o(.text)
    DMA_DeInit                               0x0800a0b1   Thumb Code   324  stm32f4xx_dma.o(.text)
    DMA_Init                                 0x0800a1f5   Thumb Code    82  stm32f4xx_dma.o(.text)
    DMA_StructInit                           0x0800a247   Thumb Code    34  stm32f4xx_dma.o(.text)
    DMA_Cmd                                  0x0800a269   Thumb Code    22  stm32f4xx_dma.o(.text)
    DMA_PeriphIncOffsetSizeConfig            0x0800a27f   Thumb Code    22  stm32f4xx_dma.o(.text)
    DMA_FlowControllerConfig                 0x0800a295   Thumb Code    22  stm32f4xx_dma.o(.text)
    DMA_SetCurrDataCounter                   0x0800a2ab   Thumb Code     4  stm32f4xx_dma.o(.text)
    DMA_GetCurrDataCounter                   0x0800a2af   Thumb Code     8  stm32f4xx_dma.o(.text)
    DMA_DoubleBufferModeConfig               0x0800a2b7   Thumb Code    24  stm32f4xx_dma.o(.text)
    DMA_DoubleBufferModeCmd                  0x0800a2cf   Thumb Code    22  stm32f4xx_dma.o(.text)
    DMA_MemoryTargetConfig                   0x0800a2e5   Thumb Code    10  stm32f4xx_dma.o(.text)
    DMA_GetCurrentMemoryTarget               0x0800a2ef   Thumb Code    20  stm32f4xx_dma.o(.text)
    DMA_GetCmdStatus                         0x0800a303   Thumb Code    20  stm32f4xx_dma.o(.text)
    DMA_GetFIFOStatus                        0x0800a317   Thumb Code    12  stm32f4xx_dma.o(.text)
    DMA_GetFlagStatus                        0x0800a323   Thumb Code    56  stm32f4xx_dma.o(.text)
    DMA_ClearFlag                            0x0800a35b   Thumb Code    40  stm32f4xx_dma.o(.text)
    DMA_ITConfig                             0x0800a383   Thumb Code    58  stm32f4xx_dma.o(.text)
    DMA_GetITStatus                          0x0800a3bd   Thumb Code    84  stm32f4xx_dma.o(.text)
    DMA_ClearITPendingBit                    0x0800a411   Thumb Code    40  stm32f4xx_dma.o(.text)
    GPIO_DeInit                              0x0800a459   Thumb Code   220  stm32f4xx_gpio.o(.text)
    GPIO_Init                                0x0800a535   Thumb Code   144  stm32f4xx_gpio.o(.text)
    GPIO_StructInit                          0x0800a5c5   Thumb Code    18  stm32f4xx_gpio.o(.text)
    GPIO_PinLockConfig                       0x0800a5d7   Thumb Code    34  stm32f4xx_gpio.o(.text)
    GPIO_ReadInputDataBit                    0x0800a5f9   Thumb Code    18  stm32f4xx_gpio.o(.text)
    GPIO_ReadInputData                       0x0800a60b   Thumb Code     8  stm32f4xx_gpio.o(.text)
    GPIO_ReadOutputDataBit                   0x0800a613   Thumb Code    18  stm32f4xx_gpio.o(.text)
    GPIO_ReadOutputData                      0x0800a625   Thumb Code     8  stm32f4xx_gpio.o(.text)
    GPIO_SetBits                             0x0800a62d   Thumb Code     4  stm32f4xx_gpio.o(.text)
    GPIO_ResetBits                           0x0800a631   Thumb Code     4  stm32f4xx_gpio.o(.text)
    GPIO_WriteBit                            0x0800a635   Thumb Code    10  stm32f4xx_gpio.o(.text)
    GPIO_Write                               0x0800a63f   Thumb Code     4  stm32f4xx_gpio.o(.text)
    GPIO_ToggleBits                          0x0800a643   Thumb Code     8  stm32f4xx_gpio.o(.text)
    GPIO_PinAFConfig                         0x0800a64b   Thumb Code    70  stm32f4xx_gpio.o(.text)
    RCC_DeInit                               0x0800a6b5   Thumb Code    60  stm32f4xx_rcc.o(.text)
    RCC_HSEConfig                            0x0800a6f1   Thumb Code    14  stm32f4xx_rcc.o(.text)
    RCC_GetFlagStatus                        0x0800a6ff   Thumb Code    60  stm32f4xx_rcc.o(.text)
    RCC_WaitForHSEStartUp                    0x0800a73b   Thumb Code    56  stm32f4xx_rcc.o(.text)
    RCC_AdjustHSICalibrationValue            0x0800a773   Thumb Code    20  stm32f4xx_rcc.o(.text)
    RCC_HSICmd                               0x0800a787   Thumb Code     6  stm32f4xx_rcc.o(.text)
    RCC_LSEConfig                            0x0800a78d   Thumb Code    46  stm32f4xx_rcc.o(.text)
    RCC_LSICmd                               0x0800a7bb   Thumb Code     6  stm32f4xx_rcc.o(.text)
    RCC_PLLConfig                            0x0800a7c1   Thumb Code    32  stm32f4xx_rcc.o(.text)
    RCC_PLLCmd                               0x0800a7e1   Thumb Code     6  stm32f4xx_rcc.o(.text)
    RCC_PLLI2SConfig                         0x0800a7e7   Thumb Code    14  stm32f4xx_rcc.o(.text)
    RCC_PLLI2SCmd                            0x0800a7f5   Thumb Code     6  stm32f4xx_rcc.o(.text)
    RCC_ClockSecuritySystemCmd               0x0800a7fb   Thumb Code     6  stm32f4xx_rcc.o(.text)
    RCC_MCO1Config                           0x0800a801   Thumb Code    28  stm32f4xx_rcc.o(.text)
    RCC_MCO2Config                           0x0800a81d   Thumb Code    28  stm32f4xx_rcc.o(.text)
    RCC_SYSCLKConfig                         0x0800a839   Thumb Code    20  stm32f4xx_rcc.o(.text)
    RCC_GetSYSCLKSource                      0x0800a84d   Thumb Code    12  stm32f4xx_rcc.o(.text)
    RCC_HCLKConfig                           0x0800a859   Thumb Code    20  stm32f4xx_rcc.o(.text)
    RCC_PCLK1Config                          0x0800a86d   Thumb Code    20  stm32f4xx_rcc.o(.text)
    RCC_PCLK2Config                          0x0800a881   Thumb Code    22  stm32f4xx_rcc.o(.text)
    RCC_GetClocksFreq                        0x0800a897   Thumb Code   222  stm32f4xx_rcc.o(.text)
    RCC_RTCCLKConfig                         0x0800a975   Thumb Code    54  stm32f4xx_rcc.o(.text)
    RCC_RTCCLKCmd                            0x0800a9ab   Thumb Code     8  stm32f4xx_rcc.o(.text)
    RCC_BackupResetCmd                       0x0800a9b3   Thumb Code     8  stm32f4xx_rcc.o(.text)
    RCC_I2SCLKConfig                         0x0800a9bb   Thumb Code     6  stm32f4xx_rcc.o(.text)
    RCC_AHB1PeriphClockCmd                   0x0800a9c1   Thumb Code    34  stm32f4xx_rcc.o(.text)
    RCC_AHB2PeriphClockCmd                   0x0800a9e3   Thumb Code    34  stm32f4xx_rcc.o(.text)
    RCC_AHB3PeriphClockCmd                   0x0800aa05   Thumb Code    34  stm32f4xx_rcc.o(.text)
    RCC_APB1PeriphClockCmd                   0x0800aa27   Thumb Code    34  stm32f4xx_rcc.o(.text)
    RCC_APB2PeriphClockCmd                   0x0800aa49   Thumb Code    34  stm32f4xx_rcc.o(.text)
    RCC_AHB1PeriphResetCmd                   0x0800aa6b   Thumb Code    34  stm32f4xx_rcc.o(.text)
    RCC_AHB2PeriphResetCmd                   0x0800aa8d   Thumb Code    72  stm32f4xx_rcc.o(.text)
    RCC_AHB3PeriphResetCmd                   0x0800aad5   Thumb Code    34  stm32f4xx_rcc.o(.text)
    RCC_APB1PeriphResetCmd                   0x0800aaf7   Thumb Code    34  stm32f4xx_rcc.o(.text)
    RCC_APB2PeriphResetCmd                   0x0800ab19   Thumb Code    34  stm32f4xx_rcc.o(.text)
    RCC_AHB1PeriphClockLPModeCmd             0x0800ab3b   Thumb Code    34  stm32f4xx_rcc.o(.text)
    RCC_AHB2PeriphClockLPModeCmd             0x0800ab5d   Thumb Code    34  stm32f4xx_rcc.o(.text)
    RCC_AHB3PeriphClockLPModeCmd             0x0800ab7f   Thumb Code    34  stm32f4xx_rcc.o(.text)
    RCC_APB1PeriphClockLPModeCmd             0x0800aba1   Thumb Code    34  stm32f4xx_rcc.o(.text)
    RCC_APB2PeriphClockLPModeCmd             0x0800abc3   Thumb Code    34  stm32f4xx_rcc.o(.text)
    RCC_ITConfig                             0x0800abe5   Thumb Code    34  stm32f4xx_rcc.o(.text)
    RCC_ClearFlag                            0x0800ac07   Thumb Code    18  stm32f4xx_rcc.o(.text)
    RCC_GetITStatus                          0x0800ac19   Thumb Code    22  stm32f4xx_rcc.o(.text)
    RCC_ClearITPendingBit                    0x0800ac2f   Thumb Code     8  stm32f4xx_rcc.o(.text)
    TIM_DeInit                               0x0800ac3d   Thumb Code   346  stm32f4xx_tim.o(.text)
    TIM_TimeBaseInit                         0x0800ad97   Thumb Code   104  stm32f4xx_tim.o(.text)
    TIM_TimeBaseStructInit                   0x0800adff   Thumb Code    18  stm32f4xx_tim.o(.text)
    TIM_PrescalerConfig                      0x0800ae11   Thumb Code     6  stm32f4xx_tim.o(.text)
    TIM_CounterModeConfig                    0x0800ae17   Thumb Code    18  stm32f4xx_tim.o(.text)
    TIM_SetCounter                           0x0800ae29   Thumb Code     4  stm32f4xx_tim.o(.text)
    TIM_SetAutoreload                        0x0800ae2d   Thumb Code     4  stm32f4xx_tim.o(.text)
    TIM_GetCounter                           0x0800ae31   Thumb Code     6  stm32f4xx_tim.o(.text)
    TIM_GetPrescaler                         0x0800ae37   Thumb Code     6  stm32f4xx_tim.o(.text)
    TIM_UpdateDisableConfig                  0x0800ae3d   Thumb Code    24  stm32f4xx_tim.o(.text)
    TIM_UpdateRequestConfig                  0x0800ae55   Thumb Code    24  stm32f4xx_tim.o(.text)
    TIM_ARRPreloadConfig                     0x0800ae6d   Thumb Code    24  stm32f4xx_tim.o(.text)
    TIM_SelectOnePulseMode                   0x0800ae85   Thumb Code    18  stm32f4xx_tim.o(.text)
    TIM_SetClockDivision                     0x0800ae97   Thumb Code    18  stm32f4xx_tim.o(.text)
    TIM_Cmd                                  0x0800aea9   Thumb Code    24  stm32f4xx_tim.o(.text)
    TIM_OC1Init                              0x0800aec1   Thumb Code   114  stm32f4xx_tim.o(.text)
    TIM_OC2Init                              0x0800af33   Thumb Code   154  stm32f4xx_tim.o(.text)
    TIM_OC3Init                              0x0800afcd   Thumb Code   204  stm32f4xx_tim.o(.text)
    TIM_OC4Init                              0x0800b099   Thumb Code   112  stm32f4xx_tim.o(.text)
    TIM_OCStructInit                         0x0800b109   Thumb Code    20  stm32f4xx_tim.o(.text)
    TIM_SelectOCxM                           0x0800b11d   Thumb Code    86  stm32f4xx_tim.o(.text)
    TIM_SetCompare1                          0x0800b173   Thumb Code     4  stm32f4xx_tim.o(.text)
    TIM_SetCompare2                          0x0800b177   Thumb Code     4  stm32f4xx_tim.o(.text)
    TIM_SetCompare3                          0x0800b17b   Thumb Code     4  stm32f4xx_tim.o(.text)
    TIM_SetCompare4                          0x0800b17f   Thumb Code     4  stm32f4xx_tim.o(.text)
    TIM_ForcedOC1Config                      0x0800b183   Thumb Code    18  stm32f4xx_tim.o(.text)
    TIM_ForcedOC2Config                      0x0800b195   Thumb Code    26  stm32f4xx_tim.o(.text)
    TIM_ForcedOC3Config                      0x0800b1af   Thumb Code    18  stm32f4xx_tim.o(.text)
    TIM_ForcedOC4Config                      0x0800b1c1   Thumb Code    26  stm32f4xx_tim.o(.text)
    TIM_OC1PreloadConfig                     0x0800b1db   Thumb Code    18  stm32f4xx_tim.o(.text)
    TIM_OC2PreloadConfig                     0x0800b1ed   Thumb Code    26  stm32f4xx_tim.o(.text)
    TIM_OC3PreloadConfig                     0x0800b207   Thumb Code    18  stm32f4xx_tim.o(.text)
    TIM_OC4PreloadConfig                     0x0800b219   Thumb Code    26  stm32f4xx_tim.o(.text)
    TIM_OC1FastConfig                        0x0800b233   Thumb Code    18  stm32f4xx_tim.o(.text)
    TIM_OC2FastConfig                        0x0800b245   Thumb Code    26  stm32f4xx_tim.o(.text)
    TIM_OC3FastConfig                        0x0800b25f   Thumb Code    18  stm32f4xx_tim.o(.text)
    TIM_OC4FastConfig                        0x0800b271   Thumb Code    26  stm32f4xx_tim.o(.text)
    TIM_ClearOC1Ref                          0x0800b28b   Thumb Code    18  stm32f4xx_tim.o(.text)
    TIM_ClearOC2Ref                          0x0800b29d   Thumb Code    24  stm32f4xx_tim.o(.text)
    TIM_ClearOC3Ref                          0x0800b2b5   Thumb Code    18  stm32f4xx_tim.o(.text)
    TIM_ClearOC4Ref                          0x0800b2c7   Thumb Code    24  stm32f4xx_tim.o(.text)
    TIM_OC1PolarityConfig                    0x0800b2df   Thumb Code    18  stm32f4xx_tim.o(.text)
    TIM_OC1NPolarityConfig                   0x0800b2f1   Thumb Code    18  stm32f4xx_tim.o(.text)
    TIM_OC2PolarityConfig                    0x0800b303   Thumb Code    26  stm32f4xx_tim.o(.text)
    TIM_OC2NPolarityConfig                   0x0800b31d   Thumb Code    26  stm32f4xx_tim.o(.text)
    TIM_OC3PolarityConfig                    0x0800b337   Thumb Code    26  stm32f4xx_tim.o(.text)
    TIM_OC3NPolarityConfig                   0x0800b351   Thumb Code    26  stm32f4xx_tim.o(.text)
    TIM_OC4PolarityConfig                    0x0800b36b   Thumb Code    26  stm32f4xx_tim.o(.text)
    TIM_CCxCmd                               0x0800b385   Thumb Code    30  stm32f4xx_tim.o(.text)
    TIM_CCxNCmd                              0x0800b3a3   Thumb Code    30  stm32f4xx_tim.o(.text)
    TIM_SetIC4Prescaler                      0x0800b3c1   Thumb Code    26  stm32f4xx_tim.o(.text)
    TIM_SetIC3Prescaler                      0x0800b42b   Thumb Code    18  stm32f4xx_tim.o(.text)
    TIM_SetIC2Prescaler                      0x0800b485   Thumb Code    26  stm32f4xx_tim.o(.text)
    TIM_SetIC1Prescaler                      0x0800b4f9   Thumb Code    18  stm32f4xx_tim.o(.text)
    TIM_ICInit                               0x0800b545   Thumb Code   110  stm32f4xx_tim.o(.text)
    TIM_ICStructInit                         0x0800b5b3   Thumb Code    18  stm32f4xx_tim.o(.text)
    TIM_PWMIConfig                           0x0800b5c5   Thumb Code   124  stm32f4xx_tim.o(.text)
    TIM_GetCapture1                          0x0800b641   Thumb Code     6  stm32f4xx_tim.o(.text)
    TIM_GetCapture2                          0x0800b647   Thumb Code     6  stm32f4xx_tim.o(.text)
    TIM_GetCapture3                          0x0800b64d   Thumb Code     6  stm32f4xx_tim.o(.text)
    TIM_GetCapture4                          0x0800b653   Thumb Code     6  stm32f4xx_tim.o(.text)
    TIM_BDTRConfig                           0x0800b659   Thumb Code    32  stm32f4xx_tim.o(.text)
    TIM_BDTRStructInit                       0x0800b679   Thumb Code    18  stm32f4xx_tim.o(.text)
    TIM_CtrlPWMOutputs                       0x0800b68b   Thumb Code    30  stm32f4xx_tim.o(.text)
    TIM_SelectCOM                            0x0800b6a9   Thumb Code    24  stm32f4xx_tim.o(.text)
    TIM_CCPreloadControl                     0x0800b6c1   Thumb Code    24  stm32f4xx_tim.o(.text)
    TIM_ITConfig                             0x0800b6d9   Thumb Code    18  stm32f4xx_tim.o(.text)
    TIM_GenerateEvent                        0x0800b6eb   Thumb Code     4  stm32f4xx_tim.o(.text)
    TIM_GetFlagStatus                        0x0800b6ef   Thumb Code    18  stm32f4xx_tim.o(.text)
    TIM_ClearFlag                            0x0800b701   Thumb Code     6  stm32f4xx_tim.o(.text)
    TIM_GetITStatus                          0x0800b707   Thumb Code    34  stm32f4xx_tim.o(.text)
    TIM_ClearITPendingBit                    0x0800b729   Thumb Code     6  stm32f4xx_tim.o(.text)
    TIM_DMAConfig                            0x0800b72f   Thumb Code    10  stm32f4xx_tim.o(.text)
    TIM_DMACmd                               0x0800b739   Thumb Code    18  stm32f4xx_tim.o(.text)
    TIM_SelectCCDMA                          0x0800b74b   Thumb Code    24  stm32f4xx_tim.o(.text)
    TIM_InternalClockConfig                  0x0800b763   Thumb Code    12  stm32f4xx_tim.o(.text)
    TIM_SelectInputTrigger                   0x0800b76f   Thumb Code    18  stm32f4xx_tim.o(.text)
    TIM_ITRxExternalClockConfig              0x0800b781   Thumb Code    24  stm32f4xx_tim.o(.text)
    TIM_TIxExternalClockConfig               0x0800b799   Thumb Code    62  stm32f4xx_tim.o(.text)
    TIM_ETRConfig                            0x0800b7d7   Thumb Code    28  stm32f4xx_tim.o(.text)
    TIM_ETRClockMode1Config                  0x0800b7f3   Thumb Code    54  stm32f4xx_tim.o(.text)
    TIM_ETRClockMode2Config                  0x0800b829   Thumb Code    32  stm32f4xx_tim.o(.text)
    TIM_SelectOutputTrigger                  0x0800b849   Thumb Code    18  stm32f4xx_tim.o(.text)
    TIM_SelectSlaveMode                      0x0800b85b   Thumb Code    18  stm32f4xx_tim.o(.text)
    TIM_SelectMasterSlaveMode                0x0800b86d   Thumb Code    18  stm32f4xx_tim.o(.text)
    TIM_EncoderInterfaceConfig               0x0800b87f   Thumb Code    66  stm32f4xx_tim.o(.text)
    TIM_SelectHallSensor                     0x0800b8c1   Thumb Code    24  stm32f4xx_tim.o(.text)
    TIM_RemapConfig                          0x0800b8d9   Thumb Code     6  stm32f4xx_tim.o(.text)
    USART_DeInit                             0x0800b8e1   Thumb Code   156  stm32f4xx_usart.o(.text)
    USART_Init                               0x0800b97d   Thumb Code   204  stm32f4xx_usart.o(.text)
    USART_StructInit                         0x0800ba49   Thumb Code    24  stm32f4xx_usart.o(.text)
    USART_ClockInit                          0x0800ba61   Thumb Code    32  stm32f4xx_usart.o(.text)
    USART_ClockStructInit                    0x0800ba81   Thumb Code    12  stm32f4xx_usart.o(.text)
    USART_Cmd                                0x0800ba8d   Thumb Code    24  stm32f4xx_usart.o(.text)
    USART_SetPrescaler                       0x0800baa5   Thumb Code    16  stm32f4xx_usart.o(.text)
    USART_OverSampling8Cmd                   0x0800bab5   Thumb Code    22  stm32f4xx_usart.o(.text)
    USART_OneBitMethodCmd                    0x0800bacb   Thumb Code    24  stm32f4xx_usart.o(.text)
    USART_SendData                           0x0800bae3   Thumb Code     8  stm32f4xx_usart.o(.text)
    USART_ReceiveData                        0x0800baeb   Thumb Code    10  stm32f4xx_usart.o(.text)
    USART_SetAddress                         0x0800baf5   Thumb Code    18  stm32f4xx_usart.o(.text)
    USART_ReceiverWakeUpCmd                  0x0800bb07   Thumb Code    24  stm32f4xx_usart.o(.text)
    USART_WakeUpConfig                       0x0800bb1f   Thumb Code    18  stm32f4xx_usart.o(.text)
    USART_LINBreakDetectLengthConfig         0x0800bb31   Thumb Code    18  stm32f4xx_usart.o(.text)
    USART_LINCmd                             0x0800bb43   Thumb Code    24  stm32f4xx_usart.o(.text)
    USART_SendBreak                          0x0800bb5b   Thumb Code    10  stm32f4xx_usart.o(.text)
    USART_HalfDuplexCmd                      0x0800bb65   Thumb Code    24  stm32f4xx_usart.o(.text)
    USART_SetGuardTime                       0x0800bb7d   Thumb Code    16  stm32f4xx_usart.o(.text)
    USART_SmartCardCmd                       0x0800bb8d   Thumb Code    24  stm32f4xx_usart.o(.text)
    USART_SmartCardNACKCmd                   0x0800bba5   Thumb Code    24  stm32f4xx_usart.o(.text)
    USART_IrDAConfig                         0x0800bbbd   Thumb Code    18  stm32f4xx_usart.o(.text)
    USART_IrDACmd                            0x0800bbcf   Thumb Code    24  stm32f4xx_usart.o(.text)
    USART_DMACmd                             0x0800bbe7   Thumb Code    18  stm32f4xx_usart.o(.text)
    USART_ITConfig                           0x0800bbf9   Thumb Code    74  stm32f4xx_usart.o(.text)
    USART_GetFlagStatus                      0x0800bc43   Thumb Code    26  stm32f4xx_usart.o(.text)
    USART_ClearFlag                          0x0800bc5d   Thumb Code    18  stm32f4xx_usart.o(.text)
    USART_GetITStatus                        0x0800bc6f   Thumb Code   110  stm32f4xx_usart.o(.text)
    USART_ClearITPendingBit                  0x0800bcdd   Thumb Code    30  stm32f4xx_usart.o(.text)
    SystemInit                               0x0800bdd9   Thumb Code    88  system_stm32f4xx.o(.text)
    SystemCoreClockUpdate                    0x0800be31   Thumb Code   174  system_stm32f4xx.o(.text)
    Reset_Handler                            0x0800bf0d   Thumb Code     8  startup_stm32f4xx.o(.text)
    ADC_IRQHandler                           0x0800bf27   Thumb Code     0  startup_stm32f4xx.o(.text)
    CAN1_RX1_IRQHandler                      0x0800bf27   Thumb Code     0  startup_stm32f4xx.o(.text)
    CAN1_SCE_IRQHandler                      0x0800bf27   Thumb Code     0  startup_stm32f4xx.o(.text)
    CAN1_TX_IRQHandler                       0x0800bf27   Thumb Code     0  startup_stm32f4xx.o(.text)
    CAN2_SCE_IRQHandler                      0x0800bf27   Thumb Code     0  startup_stm32f4xx.o(.text)
    CAN2_TX_IRQHandler                       0x0800bf27   Thumb Code     0  startup_stm32f4xx.o(.text)
    CRYP_IRQHandler                          0x0800bf27   Thumb Code     0  startup_stm32f4xx.o(.text)
    DCMI_IRQHandler                          0x0800bf27   Thumb Code     0  startup_stm32f4xx.o(.text)
    DMA1_Stream0_IRQHandler                  0x0800bf27   Thumb Code     0  startup_stm32f4xx.o(.text)
    DMA1_Stream1_IRQHandler                  0x0800bf27   Thumb Code     0  startup_stm32f4xx.o(.text)
    DMA1_Stream2_IRQHandler                  0x0800bf27   Thumb Code     0  startup_stm32f4xx.o(.text)
    DMA1_Stream4_IRQHandler                  0x0800bf27   Thumb Code     0  startup_stm32f4xx.o(.text)
    DMA1_Stream5_IRQHandler                  0x0800bf27   Thumb Code     0  startup_stm32f4xx.o(.text)
    DMA1_Stream7_IRQHandler                  0x0800bf27   Thumb Code     0  startup_stm32f4xx.o(.text)
    DMA2_Stream0_IRQHandler                  0x0800bf27   Thumb Code     0  startup_stm32f4xx.o(.text)
    DMA2_Stream1_IRQHandler                  0x0800bf27   Thumb Code     0  startup_stm32f4xx.o(.text)
    DMA2_Stream2_IRQHandler                  0x0800bf27   Thumb Code     0  startup_stm32f4xx.o(.text)
    DMA2_Stream3_IRQHandler                  0x0800bf27   Thumb Code     0  startup_stm32f4xx.o(.text)
    DMA2_Stream4_IRQHandler                  0x0800bf27   Thumb Code     0  startup_stm32f4xx.o(.text)
    DMA2_Stream5_IRQHandler                  0x0800bf27   Thumb Code     0  startup_stm32f4xx.o(.text)
    DMA2_Stream6_IRQHandler                  0x0800bf27   Thumb Code     0  startup_stm32f4xx.o(.text)
    ETH_IRQHandler                           0x0800bf27   Thumb Code     0  startup_stm32f4xx.o(.text)
    ETH_WKUP_IRQHandler                      0x0800bf27   Thumb Code     0  startup_stm32f4xx.o(.text)
    EXTI0_IRQHandler                         0x0800bf27   Thumb Code     0  startup_stm32f4xx.o(.text)
    EXTI15_10_IRQHandler                     0x0800bf27   Thumb Code     0  startup_stm32f4xx.o(.text)
    EXTI1_IRQHandler                         0x0800bf27   Thumb Code     0  startup_stm32f4xx.o(.text)
    EXTI2_IRQHandler                         0x0800bf27   Thumb Code     0  startup_stm32f4xx.o(.text)
    EXTI3_IRQHandler                         0x0800bf27   Thumb Code     0  startup_stm32f4xx.o(.text)
    EXTI4_IRQHandler                         0x0800bf27   Thumb Code     0  startup_stm32f4xx.o(.text)
    EXTI9_5_IRQHandler                       0x0800bf27   Thumb Code     0  startup_stm32f4xx.o(.text)
    FLASH_IRQHandler                         0x0800bf27   Thumb Code     0  startup_stm32f4xx.o(.text)
    FPU_IRQHandler                           0x0800bf27   Thumb Code     0  startup_stm32f4xx.o(.text)
    FSMC_IRQHandler                          0x0800bf27   Thumb Code     0  startup_stm32f4xx.o(.text)
    HASH_RNG_IRQHandler                      0x0800bf27   Thumb Code     0  startup_stm32f4xx.o(.text)
    I2C1_ER_IRQHandler                       0x0800bf27   Thumb Code     0  startup_stm32f4xx.o(.text)
    I2C1_EV_IRQHandler                       0x0800bf27   Thumb Code     0  startup_stm32f4xx.o(.text)
    I2C2_ER_IRQHandler                       0x0800bf27   Thumb Code     0  startup_stm32f4xx.o(.text)
    I2C2_EV_IRQHandler                       0x0800bf27   Thumb Code     0  startup_stm32f4xx.o(.text)
    I2C3_ER_IRQHandler                       0x0800bf27   Thumb Code     0  startup_stm32f4xx.o(.text)
    I2C3_EV_IRQHandler                       0x0800bf27   Thumb Code     0  startup_stm32f4xx.o(.text)
    OTG_FS_IRQHandler                        0x0800bf27   Thumb Code     0  startup_stm32f4xx.o(.text)
    OTG_FS_WKUP_IRQHandler                   0x0800bf27   Thumb Code     0  startup_stm32f4xx.o(.text)
    OTG_HS_EP1_IN_IRQHandler                 0x0800bf27   Thumb Code     0  startup_stm32f4xx.o(.text)
    OTG_HS_EP1_OUT_IRQHandler                0x0800bf27   Thumb Code     0  startup_stm32f4xx.o(.text)
    OTG_HS_IRQHandler                        0x0800bf27   Thumb Code     0  startup_stm32f4xx.o(.text)
    OTG_HS_WKUP_IRQHandler                   0x0800bf27   Thumb Code     0  startup_stm32f4xx.o(.text)
    PVD_IRQHandler                           0x0800bf27   Thumb Code     0  startup_stm32f4xx.o(.text)
    RCC_IRQHandler                           0x0800bf27   Thumb Code     0  startup_stm32f4xx.o(.text)
    RTC_Alarm_IRQHandler                     0x0800bf27   Thumb Code     0  startup_stm32f4xx.o(.text)
    RTC_WKUP_IRQHandler                      0x0800bf27   Thumb Code     0  startup_stm32f4xx.o(.text)
    SDIO_IRQHandler                          0x0800bf27   Thumb Code     0  startup_stm32f4xx.o(.text)
    SPI1_IRQHandler                          0x0800bf27   Thumb Code     0  startup_stm32f4xx.o(.text)
    SPI2_IRQHandler                          0x0800bf27   Thumb Code     0  startup_stm32f4xx.o(.text)
    SPI3_IRQHandler                          0x0800bf27   Thumb Code     0  startup_stm32f4xx.o(.text)
    TAMP_STAMP_IRQHandler                    0x0800bf27   Thumb Code     0  startup_stm32f4xx.o(.text)
    TIM1_BRK_TIM9_IRQHandler                 0x0800bf27   Thumb Code     0  startup_stm32f4xx.o(.text)
    TIM1_CC_IRQHandler                       0x0800bf27   Thumb Code     0  startup_stm32f4xx.o(.text)
    TIM1_TRG_COM_TIM11_IRQHandler            0x0800bf27   Thumb Code     0  startup_stm32f4xx.o(.text)
    TIM1_UP_TIM10_IRQHandler                 0x0800bf27   Thumb Code     0  startup_stm32f4xx.o(.text)
    TIM4_IRQHandler                          0x0800bf27   Thumb Code     0  startup_stm32f4xx.o(.text)
    TIM5_IRQHandler                          0x0800bf27   Thumb Code     0  startup_stm32f4xx.o(.text)
    TIM6_DAC_IRQHandler                      0x0800bf27   Thumb Code     0  startup_stm32f4xx.o(.text)
    TIM7_IRQHandler                          0x0800bf27   Thumb Code     0  startup_stm32f4xx.o(.text)
    TIM8_BRK_TIM12_IRQHandler                0x0800bf27   Thumb Code     0  startup_stm32f4xx.o(.text)
    TIM8_CC_IRQHandler                       0x0800bf27   Thumb Code     0  startup_stm32f4xx.o(.text)
    TIM8_TRG_COM_TIM14_IRQHandler            0x0800bf27   Thumb Code     0  startup_stm32f4xx.o(.text)
    TIM8_UP_TIM13_IRQHandler                 0x0800bf27   Thumb Code     0  startup_stm32f4xx.o(.text)
    UART4_IRQHandler                         0x0800bf27   Thumb Code     0  startup_stm32f4xx.o(.text)
    UART5_IRQHandler                         0x0800bf27   Thumb Code     0  startup_stm32f4xx.o(.text)
    USART1_IRQHandler                        0x0800bf27   Thumb Code     0  startup_stm32f4xx.o(.text)
    USART6_IRQHandler                        0x0800bf27   Thumb Code     0  startup_stm32f4xx.o(.text)
    WWDG_IRQHandler                          0x0800bf27   Thumb Code     0  startup_stm32f4xx.o(.text)
    OS_TaskStatStkChk                        0x0800bf31   Thumb Code    54  os_core.o(.text)
    OS_TaskStat                              0x0800bf67   Thumb Code   144  os_core.o(.text)
    OS_TaskIdle                              0x0800c02b   Thumb Code    34  os_core.o(.text)
    OS_MemClr                                0x0800c081   Thumb Code    18  os_core.o(.text)
    OSInit                                   0x0800c1a1   Thumb Code    48  os_core.o(.text)
    OSIntEnter                               0x0800c1d1   Thumb Code    28  os_core.o(.text)
    OSIntExit                                0x0800c207   Thumb Code   112  os_core.o(.text)
    OSSchedLock                              0x0800c277   Thumb Code    50  os_core.o(.text)
    OS_Sched                                 0x0800c2a9   Thumb Code    88  os_core.o(.text)
    OSSchedUnlock                            0x0800c301   Thumb Code   238  os_core.o(.text)
    OSStart                                  0x0800c3ef   Thumb Code    48  os_core.o(.text)
    OSStatInit                               0x0800c41f   Thumb Code    64  os_core.o(.text)
    OSTimeTick                               0x0800c45f   Thumb Code   210  os_core.o(.text)
    OSVersion                                0x0800c531   Thumb Code     6  os_core.o(.text)
    OS_Dummy                                 0x0800c537   Thumb Code     2  os_core.o(.text)
    OS_EventTaskRemove                       0x0800c539   Thumb Code    42  os_core.o(.text)
    OS_EventTaskRdy                          0x0800c563   Thumb Code   114  os_core.o(.text)
    OS_EventTaskWait                         0x0800c5d5   Thumb Code   112  os_core.o(.text)
    OS_EventWaitListInit                     0x0800c645   Thumb Code    28  os_core.o(.text)
    OS_MemCopy                               0x0800c661   Thumb Code    20  os_core.o(.text)
    OS_StrLen                                0x0800c675   Thumb Code    20  os_core.o(.text)
    OS_TCBInit                               0x0800c689   Thumb Code   292  os_core.o(.text)
    OSFlagAccept                             0x0800c7f1   Thumb Code   252  os_flag.o(.text)
    OSFlagCreate                             0x0800c8ed   Thumb Code    86  os_flag.o(.text)
    OS_FlagUnlink                            0x0800c943   Thumb Code    36  os_flag.o(.text)
    OSFlagDel                                0x0800c9b9   Thumb Code   214  os_flag.o(.text)
    OSFlagNameGet                            0x0800ca8f   Thumb Code    80  os_flag.o(.text)
    OSFlagNameSet                            0x0800cadf   Thumb Code    66  os_flag.o(.text)
    OSFlagPend                               0x0800cbb9   Thumb Code   614  os_flag.o(.text)
    OSFlagPendGetFlagsRdy                    0x0800ce1f   Thumb Code    26  os_flag.o(.text)
    OSFlagPost                               0x0800ce39   Thumb Code   312  os_flag.o(.text)
    OSFlagQuery                              0x0800cf71   Thumb Code    48  os_flag.o(.text)
    OS_FlagInit                              0x0800cfa1   Thumb Code    78  os_flag.o(.text)
    OSMemCreate                              0x0800cffd   Thumb Code   118  os_mem.o(.text)
    OSMemGet                                 0x0800d073   Thumb Code    62  os_mem.o(.text)
    OSMemNameGet                             0x0800d0b1   Thumb Code    60  os_mem.o(.text)
    OSMemNameSet                             0x0800d0ed   Thumb Code    48  os_mem.o(.text)
    OSMemPut                                 0x0800d11d   Thumb Code    54  os_mem.o(.text)
    OSMemQuery                               0x0800d153   Thumb Code    52  os_mem.o(.text)
    OS_MemInit                               0x0800d187   Thumb Code    74  os_mem.o(.text)
    OSQAccept                                0x0800d1e1   Thumb Code    88  os_q.o(.text)
    OSQCreate                                0x0800d239   Thumb Code   140  os_q.o(.text)
    OSQDel                                   0x0800d2c5   Thumb Code   236  os_q.o(.text)
    OSQFlush                                 0x0800d3b1   Thumb Code    36  os_q.o(.text)
    OSQPend                                  0x0800d3d5   Thumb Code   272  os_q.o(.text)
    OSQPendAbort                             0x0800d4e5   Thumb Code   128  os_q.o(.text)
    OSQPost                                  0x0800d565   Thumb Code   114  os_q.o(.text)
    OSQPostFront                             0x0800d5d7   Thumb Code   136  os_q.o(.text)
    OSQPostOpt                               0x0800d65f   Thumb Code   182  os_q.o(.text)
    OSQQuery                                 0x0800d715   Thumb Code    98  os_q.o(.text)
    OS_QInit                                 0x0800d777   Thumb Code    72  os_q.o(.text)
    OSTaskChangePrio                         0x0800d7c9   Thumb Code   308  os_task.o(.text)
    OSTaskCreate                             0x0800d8fd   Thumb Code   148  os_task.o(.text)
    OS_TaskStkClr                            0x0800d991   Thumb Code    26  os_task.o(.text)
    OSTaskCreateExt                          0x0800d9ab   Thumb Code   170  os_task.o(.text)
    OSTaskDel                                0x0800da55   Thumb Code   294  os_task.o(.text)
    OSTaskDelReq                             0x0800db7b   Thumb Code   144  os_task.o(.text)
    OSTaskNameGet                            0x0800dc0b   Thumb Code   114  os_task.o(.text)
    OSTaskNameSet                            0x0800dc7d   Thumb Code    98  os_task.o(.text)
    OSTaskResume                             0x0800dcdf   Thumb Code   154  os_task.o(.text)
    OSTaskStkChk                             0x0800dd79   Thumb Code   128  os_task.o(.text)
    OSTaskSuspend                            0x0800ddf9   Thumb Code   152  os_task.o(.text)
    OSTaskQuery                              0x0800de91   Thumb Code    82  os_task.o(.text)
    OSTaskRegGet                             0x0800dee3   Thumb Code    60  os_task.o(.text)
    OSTaskRegSet                             0x0800df1f   Thumb Code    62  os_task.o(.text)
    OS_TaskReturn                            0x0800df5d   Thumb Code    18  os_task.o(.text)
    OSTimeDly                                0x0800df89   Thumb Code   100  os_time.o(.text)
    OSTimeDlyHMSM                            0x0800dfed   Thumb Code    84  os_time.o(.text)
    OSTimeDlyResume                          0x0800e041   Thumb Code   168  os_time.o(.text)
    OSTimeGet                                0x0800e0e9   Thumb Code    24  os_time.o(.text)
    OSTimeSet                                0x0800e101   Thumb Code    24  os_time.o(.text)
    OS_CPU_SR_Save                           0x0800e135   Thumb Code     0  os_cpu_a.o(.text)
    OS_CPU_SR_Restore                        0x0800e13d   Thumb Code     0  os_cpu_a.o(.text)
    OSStartHighRdy                           0x0800e143   Thumb Code     0  os_cpu_a.o(.text)
    OSCtxSw                                  0x0800e163   Thumb Code     0  os_cpu_a.o(.text)
    OSIntCtxSw                               0x0800e16d   Thumb Code     0  os_cpu_a.o(.text)
    PendSV_Handler                           0x0800e177   Thumb Code     0  os_cpu_a.o(.text)
    OSInitHookBegin                          0x0800e1e5   Thumb Code     2  os_cpu_c.o(.text)
    OSTaskReturnHook                         0x0800e1e7   Thumb Code     2  os_cpu_c.o(.text)
    OSInitHookEnd                            0x0800e1e9   Thumb Code     2  os_cpu_c.o(.text)
    OSTaskCreateHook                         0x0800e1eb   Thumb Code     2  os_cpu_c.o(.text)
    OSTaskDelHook                            0x0800e1ed   Thumb Code     2  os_cpu_c.o(.text)
    OSTaskIdleHook                           0x0800e1ef   Thumb Code     2  os_cpu_c.o(.text)
    OSTaskStatHook                           0x0800e1f1   Thumb Code     2  os_cpu_c.o(.text)
    OSTaskStkInit                            0x0800e1f3   Thumb Code   482  os_cpu_c.o(.text)
    OSTaskSwHook                             0x0800e3d5   Thumb Code     2  os_cpu_c.o(.text)
    OSTCBInitHook                            0x0800e3d7   Thumb Code     2  os_cpu_c.o(.text)
    OSTimeTickHook                           0x0800e3d9   Thumb Code     2  os_cpu_c.o(.text)
    SysTick_Handler                          0x0800e3db   Thumb Code    44  os_cpu_c.o(.text)
    OS_CPU_SysTickInit                       0x0800e407   Thumb Code    86  os_cpu_c.o(.text)
    __aeabi_memcpy                           0x0800e46d   Thumb Code    36  memcpya.o(.text)
    __aeabi_memcpy4                          0x0800e46d   Thumb Code     0  memcpya.o(.text)
    __aeabi_memcpy8                          0x0800e46d   Thumb Code     0  memcpya.o(.text)
    __aeabi_memset                           0x0800e491   Thumb Code    14  memseta.o(.text)
    __aeabi_memset4                          0x0800e491   Thumb Code     0  memseta.o(.text)
    __aeabi_memset8                          0x0800e491   Thumb Code     0  memseta.o(.text)
    __aeabi_memclr                           0x0800e49f   Thumb Code     4  memseta.o(.text)
    __aeabi_memclr4                          0x0800e49f   Thumb Code     0  memseta.o(.text)
    __aeabi_memclr8                          0x0800e49f   Thumb Code     0  memseta.o(.text)
    _memset$wrapper                          0x0800e4a3   Thumb Code    18  memseta.o(.text)
    strlen                                   0x0800e4b5   Thumb Code    14  strlen.o(.text)
    strcpy                                   0x0800e4c3   Thumb Code    18  strcpy.o(.text)
    __aeabi_d2iz                             0x0800e4d5   Thumb Code    62  dfixi.o(.text)
    __aeabi_d2uiz                            0x0800e513   Thumb Code    50  dfixui.o(.text)
    __aeabi_d2f                              0x0800e545   Thumb Code    56  d2f.o(.text)
    __aeabi_uldivmod                         0x0800e57d   Thumb Code    98  uldiv.o(.text)
    __aeabi_llsr                             0x0800e5df   Thumb Code    32  llushr.o(.text)
    _ll_ushift_r                             0x0800e5df   Thumb Code     0  llushr.o(.text)
    __strtod_int                             0x0800e637   Thumb Code    90  strtod.o(.text)
    __I$use$fp                               0x0800e69d   Thumb Code     0  iusefp.o(.text)
    _float_round                             0x0800e69d   Thumb Code    18  fepilogue.o(.text)
    _float_epilogue                          0x0800e6af   Thumb Code    92  fepilogue.o(.text)
    __aeabi_dmul                             0x0800e70b   Thumb Code   228  dmul.o(.text)
    __aeabi_ddiv                             0x0800e7ef   Thumb Code   222  ddiv.o(.text)
    __scatterload                            0x0800e8cd   Thumb Code    28  init.o(.text)
    __scatterload_rt2                        0x0800e8cd   Thumb Code     0  init.o(.text)
    __aeabi_llsl                             0x0800e8f1   Thumb Code    30  llshl.o(.text)
    _ll_shift_l                              0x0800e8f1   Thumb Code     0  llshl.o(.text)
    isspace                                  0x0800e90f   Thumb Code    10  isspace_c.o(.text)
    _scanf_real                              0x0800ea41   Thumb Code     0  scanf_fp.o(.text)
    _scanf_really_real                       0x0800ea41   Thumb Code   556  scanf_fp.o(.text)
    _sgetc                                   0x0800ec79   Thumb Code    30  _sgetc.o(.text)
    _sbackspace                              0x0800ec97   Thumb Code    34  _sgetc.o(.text)
    _double_round                            0x0800ecb9   Thumb Code    30  depilogue.o(.text)
    _double_epilogue                         0x0800ecd7   Thumb Code   156  depilogue.o(.text)
    __ctype_lookup                           0x0800ed75   Thumb Code    34  ctype_c.o(.text)
    __aeabi_ul2d                             0x0800ed9d   Thumb Code    24  dfltul.o(.text)
    __decompress                             0x0800edb5   Thumb Code     0  __dczerorl2.o(.text)
    __decompress1                            0x0800edb5   Thumb Code    86  __dczerorl2.o(.text)
    __0sprintf$5                             0x0800ee0d   Thumb Code    34  printf5.o(i.__0sprintf$5)
    __1sprintf$5                             0x0800ee0d   Thumb Code     0  printf5.o(i.__0sprintf$5)
    __2sprintf                               0x0800ee0d   Thumb Code     0  printf5.o(i.__0sprintf$5)
    __hardfp_atof                            0x0800ee39   Thumb Code    44  atof.o(i.__hardfp_atof)
    __read_errno                             0x0800ee71   Thumb Code     6  errno.o(i.__read_errno)
    __scatterload_copy                       0x0800ee7d   Thumb Code    14  handlers.o(i.__scatterload_copy)
    __scatterload_null                       0x0800ee8b   Thumb Code     2  handlers.o(i.__scatterload_null)
    __scatterload_zeroinit                   0x0800ee8d   Thumb Code    14  handlers.o(i.__scatterload_zeroinit)
    __set_errno                              0x0800ee9d   Thumb Code     6  errno.o(i.__set_errno)
    _is_digit                                0x0800eea9   Thumb Code    14  scanf_fp.o(i._is_digit)
    free                                     0x0800f185   Thumb Code    76  malloc.o(i.free)
    malloc                                   0x0800f1d5   Thumb Code    92  malloc.o(i.malloc)
    LED_table                                0x0800f26c   Data          18  led8.o(.constdata)
    OSUnMapTbl                               0x0800f27e   Data         256  os_core.o(.constdata)
    __ctype_categories                       0x0800f37e   Data          64  ctype_c.o(.constdata)
    Region$$Table$$Base                      0x0800f3c0   Number         0  anon$$obj.o(Region$$Table)
    Region$$Table$$Limit                     0x0800f3e0   Number         0  anon$$obj.o(Region$$Table)
    kickBall                                 0x20000000   Data           1  param.o(.data)
    Eerror                                   0x20000004   Data           8  param.o(.data)
    u16TempData                              0x20000014   Data           8  can1.o(.data)
    timeout_ticks                            0x2000001c   Data           4  can2_1.o(.data)
    timeout_counts                           0x20000020   Data           2  can2_1.o(.data)
    clear_flag                               0x20000022   Data           8  can2_1.o(.data)
    interface                                0x2000002a   Data           1  usart2.o(.data)
    USART2_RX_STA                            0x2000002b   Data           1  usart2.o(.data)
    DJflag                                   0x2000002c   Data           5  motor.o(.data)
    enable_or_dis                            0x20000031   Data           1  motor.o(.data)
    angle                                    0x20000034   Data           4  motor.o(.data)
    Speed                                    0x20000038   Data           4  motor.o(.data)
    ifbegin                                  0x2000003c   Data           1  motor.o(.data)
    Flat90                                   0x20000040   Data           8  elmo.o(.data)
    U10                                      0x20000048   Data           8  elmo.o(.data)
    EC_4P_30                                 0x20000050   Data           8  elmo.o(.data)
    speed                                    0x20000058   Data           4  elmo.o(.data)
    UM                                       0x2000005c   Data           1  elmo.o(.data)
    enable_or_disable                        0x2000005d   Data           1  elmo.o(.data)
    PA                                       0x20000060   Data           4  elmo.o(.data)
    JV                                       0x20000064   Data           4  elmo.o(.data)
    PX                                       0x20000068   Data           4  elmo.o(.data)
    SUNNYSKYinstrin                          0x2000006c   Data           1  vesc.o(.data)
    VESClimit                                0x20000070   Data           4  vesc.o(.data)
    VESCFlag                                 0x20000074   Data           4  vesc.o(.data)
    setduty                                  0x20000078   Data           4  vesc.o(.data)
    setspeed                                 0x2000007c   Data           4  vesc.o(.data)
    setosition                               0x20000080   Data           4  vesc.o(.data)
    handlecurect                             0x20000084   Data           4  vesc.o(.data)
    Abs                                      0x20000088   Data           1  epos.o(.data)
    Rel                                      0x20000089   Data           1  epos.o(.data)
    PVMspeed                                 0x2000008c   Data           4  epos.o(.data)
    PPMposition                              0x20000090   Data           4  epos.o(.data)
    PPMspeed                                 0x20000094   Data           4  epos.o(.data)
    mode                                     0x20000098   Data           4  epos.o(.data)
    FLat90                                   0x2000009c   Data           8  epos.o(.data)
    Can_Procedure                            0x200000a4   Data           3  queue.o(.data)
    CanSendCount                             0x200000a7   Data           1  queue.o(.data)
    Can1_Tx_NoMailBox                        0x200000a8   Data           4  queue.o(.data)
    Can2_Tx_NoMailBox                        0x200000ac   Data           4  queue.o(.data)
    SystemCoreClock                          0x200000c0   Data           4  system_stm32f4xx.o(.data)
    AHBPrescTable                            0x200000c4   Data          16  system_stm32f4xx.o(.data)
    OSCtxSwCtr                               0x200000d4   Data           4  os_core.o(.data)
    OSEventFreeList                          0x200000d8   Data           4  os_core.o(.data)
    OSFlagFreeList                           0x200000dc   Data           4  os_core.o(.data)
    OSCPUUsage                               0x200000e0   Data           1  os_core.o(.data)
    OSIdleCtrMax                             0x200000e4   Data           4  os_core.o(.data)
    OSIdleCtrRun                             0x200000e8   Data           4  os_core.o(.data)
    OSStatRdy                                0x200000ec   Data           1  os_core.o(.data)
    OSIntNesting                             0x200000ed   Data           1  os_core.o(.data)
    OSLockNesting                            0x200000ee   Data           1  os_core.o(.data)
    OSPrioCur                                0x200000ef   Data           1  os_core.o(.data)
    OSPrioHighRdy                            0x200000f0   Data           1  os_core.o(.data)
    OSRdyGrp                                 0x200000f1   Data           1  os_core.o(.data)
    OSRdyTbl                                 0x200000f2   Data           8  os_core.o(.data)
    OSRunning                                0x200000fa   Data           1  os_core.o(.data)
    OSTaskCtr                                0x200000fb   Data           1  os_core.o(.data)
    OSIdleCtr                                0x200000fc   Data           4  os_core.o(.data)
    OSTCBCur                                 0x20000100   Data           4  os_core.o(.data)
    OSTCBFreeList                            0x20000104   Data           4  os_core.o(.data)
    OSTCBHighRdy                             0x20000108   Data           4  os_core.o(.data)
    OSTCBList                                0x2000010c   Data           4  os_core.o(.data)
    OSTickStepState                          0x20000110   Data           1  os_core.o(.data)
    OSMemFreeList                            0x20000114   Data           4  os_core.o(.data)
    OSQFreeList                              0x20000118   Data           4  os_core.o(.data)
    OSTime                                   0x2000011c   Data           4  os_core.o(.data)
    tick_ms                                  0x20000120   Data           4  os_cpu_c.o(.data)
    __microlib_freelist                      0x20000124   Data           4  mvars.o(.data)
    __microlib_freelist_initialised          0x20000128   Data           4  mvars.o(.data)
    kick                                     0x20000130   Data          30  param.o(.bss)
    usart                                    0x2000014e   Data         640  param.o(.bss)
    flag                                     0x200003ce   Data          13  param.o(.bss)
    last_update_time                         0x200003dc   Data          32  can2_1.o(.bss)
    now_update_time                          0x200003fc   Data          32  can2_1.o(.bss)
    START_TASK_STK                           0x20000420   Data        1024  main.o(.bss)
    LCD_TASK_STK                             0x20000820   Data        2048  main.o(.bss)
    LED8_TASK_STK                            0x20001020   Data         512  main.o(.bss)
    MOTOR_TASK_STK                           0x20001220   Data        1024  main.o(.bss)
    ELMO_TASK_STK                            0x20001620   Data        1024  main.o(.bss)
    EPOS_TASK_STK                            0x20001a20   Data        1024  main.o(.bss)
    VESC_TASK_STK                            0x20001e20   Data        1024  main.o(.bss)
    SCOPE_TASK_STK                           0x20002220   Data         512  main.o(.bss)
    DataSCOPE_TASK_STK                       0x20002420   Data         512  main.o(.bss)
    str_temp                                 0x20002620   Data          32  usart2.o(.bss)
    M2006instrin                             0x20002640   Data          12  motor.o(.bss)
    M3508instrin                             0x2000264c   Data          12  motor.o(.bss)
    Motorlimit                               0x20002658   Data          20  motor.o(.bss)
    Motorargum                               0x2000266c   Data          32  motor.o(.bss)
    motor                                    0x2000268c   Data        1632  motor.o(.bss)
    ELMOlimit                                0x20002cec   Data          20  elmo.o(.bss)
    ELMOargum                                0x20002d00   Data          24  elmo.o(.bss)
    ELMOmotor                                0x20002d18   Data         420  elmo.o(.bss)
    ELMOFlag                                 0x20002ebc   Data          13  elmo.o(.bss)
    VESCargum                                0x20002ecc   Data          12  vesc.o(.bss)
    VESCmotor                                0x20002ed8   Data         240  vesc.o(.bss)
    EPOSflag                                 0x20002fc8   Data          13  epos.o(.bss)
    EPOSlimit                                0x20002fd8   Data          20  epos.o(.bss)
    EPOSargum                                0x20002fec   Data          24  epos.o(.bss)
    EPOSmotor                                0x20003004   Data         500  epos.o(.bss)
    Can_Sendtruct                            0x200031f8   Data          16  queue.o(.bss)
    Can1_MesgSentList                        0x20003208   Data        3024  queue.o(.bss)
    Can2_elmoMesgSentList                    0x20003dd8   Data        3024  queue.o(.bss)
    Can2_eposMesgSentList                    0x200049a8   Data        3024  queue.o(.bss)
    Can_Sentquene                            0x20005578   Data         484  queue.o(.bss)
    Can1_Sendqueue                           0x2000575c   Data         484  queue.o(.bss)
    Can2_Sendqueue                           0x20005940   Data         484  queue.o(.bss)
    VESC_Sendqueue                           0x20005b24   Data         484  queue.o(.bss)
    DataScope_OutPut_Buffer                  0x20005d08   Data          42  datascope_dp.o(.bss)
    OSEventTbl                               0x20005d34   Data         300  os_core.o(.bss)
    OSFlagTbl                                0x20005e60   Data          80  os_core.o(.bss)
    OSTaskStatStk                            0x20005eb0   Data         512  os_core.o(.bss)
    OSTaskIdleStk                            0x200060b0   Data         512  os_core.o(.bss)
    OSTCBPrioTbl                             0x200062b0   Data         256  os_core.o(.bss)
    OSTCBTbl                                 0x200063b0   Data        5208  os_core.o(.bss)
    OSMemTbl                                 0x20007808   Data         120  os_core.o(.bss)
    OSQTbl                                   0x20007880   Data          96  os_core.o(.bss)
    __heap_base                              0x200078e0   Data           0  startup_stm32f4xx.o(HEAP)
    __heap_limit                             0x2000a0e0   Data           0  startup_stm32f4xx.o(HEAP)
    __initial_sp                             0x2000a4e0   Data           0  startup_stm32f4xx.o(STACK)



==============================================================================

Memory Map of the image

  Image Entry point : 0x08000189

  Load Region LR_IROM1 (Base: 0x08000000, Size: 0x0000f510, Max: 0x00100000, ABSOLUTE, COMPRESSED[0x0000f400])

    Execution Region ER_IROM1 (Exec base: 0x08000000, Load base: 0x08000000, Size: 0x0000f3e0, Max: 0x00100000, ABSOLUTE)

    Exec Addr    Load Addr    Size         Type   Attr      Idx    E Section Name        Object

    0x08000000   0x08000000   0x00000188   Data   RO         1261    RESET               startup_stm32f4xx.o
    0x08000188   0x08000188   0x00000000   Code   RO         1444  * .ARM.Collect$$$$00000000  mc_w.l(entry.o)
    0x08000188   0x08000188   0x00000004   Code   RO         1752    .ARM.Collect$$$$00000001  mc_w.l(entry2.o)
    0x0800018c   0x0800018c   0x00000004   Code   RO         1755    .ARM.Collect$$$$00000004  mc_w.l(entry5.o)
    0x08000190   0x08000190   0x00000000   Code   RO         1757    .ARM.Collect$$$$00000008  mc_w.l(entry7b.o)
    0x08000190   0x08000190   0x00000000   Code   RO         1759    .ARM.Collect$$$$0000000A  mc_w.l(entry8b.o)
    0x08000190   0x08000190   0x00000008   Code   RO         1760    .ARM.Collect$$$$0000000B  mc_w.l(entry9a.o)
    0x08000198   0x08000198   0x00000000   Code   RO         1762    .ARM.Collect$$$$0000000D  mc_w.l(entry10a.o)
    0x08000198   0x08000198   0x00000000   Code   RO         1764    .ARM.Collect$$$$0000000F  mc_w.l(entry11a.o)
    0x08000198   0x08000198   0x00000004   Code   RO         1753    .ARM.Collect$$$$00002712  mc_w.l(entry2.o)
    0x0800019c   0x0800019c   0x00000010   Code   RO          946    .emb_text           sys.o
    0x080001ac   0x080001ac   0x00000138   Code   RO            4    .text               param.o
    0x080002e4   0x080002e4   0x0000026c   Code   RO          163    .text               tim2.o
    0x08000550   0x08000550   0x00000148   Code   RO          197    .text               tim3.o
    0x08000698   0x08000698   0x000005cc   Code   RO          234    .text               can1.o
    0x08000c64   0x08000c64   0x00000cc0   Code   RO          264    .text               can2_1.o
    0x08001924   0x08001924   0x00000284   Code   RO          296    .text               main.o
    0x08001ba8   0x08001ba8   0x00000120   Code   RO          355    .text               usart1.o
    0x08001cc8   0x08001cc8   0x00002344   Code   RO          382    .text               usart2.o
    0x0800400c   0x0800400c   0x000001c8   Code   RO          417    .text               usart3.o
    0x080041d4   0x080041d4   0x00000290   Code   RO          447    .text               pid.o
    0x08004464   0x08004464   0x00001248   Code   RO          471    .text               motor.o
    0x080056ac   0x080056ac   0x00001418   Code   RO          502    .text               elmo.o
    0x08006ac4   0x08006ac4   0x000004f4   Code   RO          533    .text               vesc.o
    0x08006fb8   0x08006fb8   0x00001710   Code   RO          564    .text               epos.o
    0x080086c8   0x080086c8   0x000001a4   Code   RO          595    .text               queue.o
    0x0800886c   0x0800886c   0x00000148   Code   RO          657    .text               beep.o
    0x080089b4   0x080089b4   0x000000fa   Code   RO          682    .text               buffer.o
    0x08008aae   0x08008aae   0x00000044   Code   RO          706    .text               delay.o
    0x08008af2   0x08008af2   0x00000002   PAD
    0x08008af4   0x08008af4   0x0000028c   Code   RO          750    .text               key.o
    0x08008d80   0x08008d80   0x000000ac   Code   RO          789    .text               led.o
    0x08008e2c   0x08008e2c   0x00000098   Code   RO          829    .text               led8.o
    0x08008ec4   0x08008ec4   0x00000024   Code   RO          889    .text               stm32f4xx_it.o
    0x08008ee8   0x08008ee8   0x00000148   Code   RO          916    .text               dma.o
    0x08009030   0x08009030   0x00000458   Code   RO          947    .text               sys.o
    0x08009488   0x08009488   0x00000158   Code   RO          995    .text               datascope_dp.o
    0x080095e0   0x080095e0   0x000000e0   Code   RO         1016    .text               misc.o
    0x080096c0   0x080096c0   0x000009f0   Code   RO         1040    .text               stm32f4xx_can.o
    0x0800a0b0   0x0800a0b0   0x000003a8   Code   RO         1067    .text               stm32f4xx_dma.o
    0x0800a458   0x0800a458   0x0000025c   Code   RO         1118    .text               stm32f4xx_gpio.o
    0x0800a6b4   0x0800a6b4   0x00000588   Code   RO         1142    .text               stm32f4xx_rcc.o
    0x0800ac3c   0x0800ac3c   0x00000ca2   Code   RO         1168    .text               stm32f4xx_tim.o
    0x0800b8de   0x0800b8de   0x00000002   PAD
    0x0800b8e0   0x0800b8e0   0x0000041a   Code   RO         1195    .text               stm32f4xx_usart.o
    0x0800bcfa   0x0800bcfa   0x00000002   PAD
    0x0800bcfc   0x0800bcfc   0x00000210   Code   RO         1222    .text               system_stm32f4xx.o
    0x0800bf0c   0x0800bf0c   0x00000024   Code   RO         1262    .text               startup_stm32f4xx.o
    0x0800bf30   0x0800bf30   0x000008c0   Code   RO         1266    .text               os_core.o
    0x0800c7f0   0x0800c7f0   0x0000080c   Code   RO         1286    .text               os_flag.o
    0x0800cffc   0x0800cffc   0x000001e4   Code   RO         1310    .text               os_mem.o
    0x0800d1e0   0x0800d1e0   0x000005e8   Code   RO         1334    .text               os_q.o
    0x0800d7c8   0x0800d7c8   0x000007c0   Code   RO         1358    .text               os_task.o
    0x0800df88   0x0800df88   0x000001ac   Code   RO         1370    .text               os_time.o
    0x0800e134   0x0800e134   0x000000b0   Code   RO         1388    .text               os_cpu_a.o
    0x0800e1e4   0x0800e1e4   0x00000288   Code   RO         1394    .text               os_cpu_c.o
    0x0800e46c   0x0800e46c   0x00000024   Code   RO         1447    .text               mc_w.l(memcpya.o)
    0x0800e490   0x0800e490   0x00000024   Code   RO         1449    .text               mc_w.l(memseta.o)
    0x0800e4b4   0x0800e4b4   0x0000000e   Code   RO         1451    .text               mc_w.l(strlen.o)
    0x0800e4c2   0x0800e4c2   0x00000012   Code   RO         1453    .text               mc_w.l(strcpy.o)
    0x0800e4d4   0x0800e4d4   0x0000003e   Code   RO         1746    .text               mf_w.l(dfixi.o)
    0x0800e512   0x0800e512   0x00000032   Code   RO         1748    .text               mf_w.l(dfixui.o)
    0x0800e544   0x0800e544   0x00000038   Code   RO         1750    .text               mf_w.l(d2f.o)
    0x0800e57c   0x0800e57c   0x00000062   Code   RO         1771    .text               mc_w.l(uldiv.o)
    0x0800e5de   0x0800e5de   0x00000020   Code   RO         1773    .text               mc_w.l(llushr.o)
    0x0800e5fe   0x0800e5fe   0x00000002   PAD
    0x0800e600   0x0800e600   0x0000009c   Code   RO         1784    .text               mc_w.l(strtod.o)
    0x0800e69c   0x0800e69c   0x00000000   Code   RO         1786    .text               mc_w.l(iusefp.o)
    0x0800e69c   0x0800e69c   0x0000006e   Code   RO         1787    .text               mf_w.l(fepilogue.o)
    0x0800e70a   0x0800e70a   0x000000e4   Code   RO         1791    .text               mf_w.l(dmul.o)
    0x0800e7ee   0x0800e7ee   0x000000de   Code   RO         1793    .text               mf_w.l(ddiv.o)
    0x0800e8cc   0x0800e8cc   0x00000024   Code   RO         1799    .text               mc_w.l(init.o)
    0x0800e8f0   0x0800e8f0   0x0000001e   Code   RO         1802    .text               mc_w.l(llshl.o)
    0x0800e90e   0x0800e90e   0x0000000a   Code   RO         1806    .text               mc_w.l(isspace_c.o)
    0x0800e918   0x0800e918   0x00000360   Code   RO         1808    .text               mc_w.l(scanf_fp.o)
    0x0800ec78   0x0800ec78   0x00000040   Code   RO         1812    .text               mc_w.l(_sgetc.o)
    0x0800ecb8   0x0800ecb8   0x000000ba   Code   RO         1815    .text               mf_w.l(depilogue.o)
    0x0800ed72   0x0800ed72   0x00000002   PAD
    0x0800ed74   0x0800ed74   0x00000028   Code   RO         1817    .text               mc_w.l(ctype_c.o)
    0x0800ed9c   0x0800ed9c   0x00000018   Code   RO         1820    .text               mf_w.l(dfltul.o)
    0x0800edb4   0x0800edb4   0x00000056   Code   RO         1830    .text               mc_w.l(__dczerorl2.o)
    0x0800ee0a   0x0800ee0a   0x00000002   PAD
    0x0800ee0c   0x0800ee0c   0x00000028   Code   RO         1592    i.__0sprintf$5      mc_w.l(printf5.o)
    0x0800ee34   0x0800ee34   0x00000004   PAD
    0x0800ee38   0x0800ee38   0x00000038   Code   RO         1438    i.__hardfp_atof     m_wm.l(atof.o)
    0x0800ee70   0x0800ee70   0x0000000c   Code   RO         1778    i.__read_errno      mc_w.l(errno.o)
    0x0800ee7c   0x0800ee7c   0x0000000e   Code   RO         1824    i.__scatterload_copy  mc_w.l(handlers.o)
    0x0800ee8a   0x0800ee8a   0x00000002   Code   RO         1825    i.__scatterload_null  mc_w.l(handlers.o)
    0x0800ee8c   0x0800ee8c   0x0000000e   Code   RO         1826    i.__scatterload_zeroinit  mc_w.l(handlers.o)
    0x0800ee9a   0x0800ee9a   0x00000002   PAD
    0x0800ee9c   0x0800ee9c   0x0000000c   Code   RO         1779    i.__set_errno       mc_w.l(errno.o)
    0x0800eea8   0x0800eea8   0x0000000e   Code   RO         1810    i._is_digit         mc_w.l(scanf_fp.o)
    0x0800eeb6   0x0800eeb6   0x00000002   PAD
    0x0800eeb8   0x0800eeb8   0x000002c0   Code   RO         1597    i._printf_core      mc_w.l(printf5.o)
    0x0800f178   0x0800f178   0x0000000a   Code   RO         1599    i._sputc            mc_w.l(printf5.o)
    0x0800f182   0x0800f182   0x00000002   PAD
    0x0800f184   0x0800f184   0x00000050   Code   RO         1718    i.free              mc_w.l(malloc.o)
    0x0800f1d4   0x0800f1d4   0x0000006c   Code   RO         1719    i.malloc            mc_w.l(malloc.o)
    0x0800f240   0x0800f240   0x0000002c   Data   RO          658    .constdata          beep.o
    0x0800f26c   0x0800f26c   0x00000012   Data   RO          830    .constdata          led8.o
    0x0800f27e   0x0800f27e   0x00000100   Data   RO         1268    .constdata          os_core.o
    0x0800f37e   0x0800f37e   0x00000040   Data   RO         1818    .constdata          mc_w.l(ctype_c.o)
    0x0800f3be   0x0800f3be   0x00000002   PAD
    0x0800f3c0   0x0800f3c0   0x00000020   Data   RO         1822    Region$$Table       anon$$obj.o


    Execution Region RW_IRAM1 (Exec base: 0x20000000, Load base: 0x0800f3e0, Size: 0x0000a4e0, Max: 0x00020000, ABSOLUTE, COMPRESSED[0x00000020])

    Exec Addr    Load Addr    Size         Type   Attr      Idx    E Section Name        Object

    0x20000000   COMPRESSED   0x0000000c   Data   RW            6    .data               param.o
    0x2000000c   COMPRESSED   0x00000010   Data   RW          235    .data               can1.o
    0x2000001c   COMPRESSED   0x0000000e   Data   RW          266    .data               can2_1.o
    0x2000002a   COMPRESSED   0x00000002   Data   RW          384    .data               usart2.o
    0x2000002c   COMPRESSED   0x00000011   Data   RW          473    .data               motor.o
    0x2000003d   COMPRESSED   0x00000003   PAD
    0x20000040   COMPRESSED   0x0000002c   Data   RW          504    .data               elmo.o
    0x2000006c   COMPRESSED   0x0000001c   Data   RW          535    .data               vesc.o
    0x20000088   COMPRESSED   0x0000001c   Data   RW          566    .data               epos.o
    0x200000a4   COMPRESSED   0x0000000c   Data   RW          597    .data               queue.o
    0x200000b0   COMPRESSED   0x00000010   Data   RW         1143    .data               stm32f4xx_rcc.o
    0x200000c0   COMPRESSED   0x00000014   Data   RW         1223    .data               system_stm32f4xx.o
    0x200000d4   COMPRESSED   0x0000004c   Data   RW         1269    .data               os_core.o
    0x20000120   COMPRESSED   0x00000004   Data   RW         1395    .data               os_cpu_c.o
    0x20000124   COMPRESSED   0x00000004   Data   RW         1775    .data               mc_w.l(mvars.o)
    0x20000128   COMPRESSED   0x00000004   Data   RW         1776    .data               mc_w.l(mvars.o)
    0x2000012c   COMPRESSED   0x00000004   Data   RW         1780    .data               mc_w.l(errno.o)
    0x20000130        -       0x000002ab   Zero   RW            5    .bss                param.o
    0x200003db   COMPRESSED   0x00000001   PAD
    0x200003dc        -       0x00000040   Zero   RW          265    .bss                can2_1.o
    0x2000041c   COMPRESSED   0x00000004   PAD
    0x20000420        -       0x00002200   Zero   RW          297    .bss                main.o
    0x20002620        -       0x00000020   Zero   RW          383    .bss                usart2.o
    0x20002640        -       0x000006ac   Zero   RW          472    .bss                motor.o
    0x20002cec        -       0x000001dd   Zero   RW          503    .bss                elmo.o
    0x20002ec9   COMPRESSED   0x00000003   PAD
    0x20002ecc        -       0x000000fc   Zero   RW          534    .bss                vesc.o
    0x20002fc8        -       0x00000230   Zero   RW          565    .bss                epos.o
    0x200031f8        -       0x00002b10   Zero   RW          596    .bss                queue.o
    0x20005d08        -       0x0000002a   Zero   RW          996    .bss                datascope_dp.o
    0x20005d32   COMPRESSED   0x00000002   PAD
    0x20005d34        -       0x00001bac   Zero   RW         1267    .bss                os_core.o
    0x200078e0        -       0x00002800   Zero   RW         1260    HEAP                startup_stm32f4xx.o
    0x2000a0e0        -       0x00000400   Zero   RW         1259    STACK               startup_stm32f4xx.o


==============================================================================

Image component sizes


      Code (inc. data)   RO Data    RW Data    ZI Data      Debug   Object Name

       328         78         44          0          0       1289   beep.o
       250          0          0          0          0       2727   buffer.o
      1484         38          0         16          0       2429   can1.o
      3264         70          0         14         64       4543   can2_1.o
       344         28          0          0         42       2122   datascope_dp.o
        68          0          0          0          0     210122   delay.o
       328         12          0          0          0      14016   dma.o
      5144        120          0         44        477      10878   elmo.o
      5904        124          0         28        560       9937   epos.o
       652         10          0          0          0      20427   key.o
       172          6          0          0          0       9188   led.o
       152         10         18          0          0       1237   led8.o
       644         80          0          0       8704      22042   main.o
       224         20          0          0          0       1937   misc.o
      4680        136          0         17       1708       5568   motor.o
      2240        216        256         76       7084      15602   os_core.o
       176         32          0          0          0        300   os_cpu_a.o
       648         16          0          4          0      41925   os_cpu_c.o
      2060         42          0          0          0       7184   os_flag.o
       484         16          0          0          0       3260   os_mem.o
      1512         30          0          0          0       5745   os_q.o
      1984         70          0          0          0       7857   os_task.o
       428         28          0          0          0       1858   os_time.o
       312         18          0         12        683     235180   param.o
       656         10          0          0          0       2559   pid.o
       420         36          0         12      11024       3757   queue.o
        36          8        392          0      11264        828   startup_stm32f4xx.o
      2544         38          0          0          0      16548   stm32f4xx_can.o
       936         32          0          0          0       6509   stm32f4xx_dma.o
       604         36          0          0          0       4241   stm32f4xx_gpio.o
        36          0          0          0          0       1155   stm32f4xx_it.o
      1416         48          0         16          0      11175   stm32f4xx_rcc.o
      3234         60          0          0          0      42896   stm32f4xx_tim.o
      1050         26          0          0          0      13932   stm32f4xx_usart.o
      1128         46          0          0          0       4192   sys.o
       528         46          0         20          0       1827   system_stm32f4xx.o
       620         14          0          0          0      20789   tim2.o
       328         30          0          0          0        832   tim3.o
       288         30          0          0          0       1159   usart1.o
      9028        350          0          2         32      40228   usart2.o
       456         26          0          0          0       1572   usart3.o
      1268         58          0         28        252       5724   vesc.o

    ----------------------------------------------------------------------
     58064       2094        742        292      41904     817296   Object Totals
         0          0         32          0          0          0   (incl. Generated)
         6          0          0          3         10          0   (incl. Padding)

    ----------------------------------------------------------------------

      Code (inc. data)   RO Data    RW Data    ZI Data      Debug   Library Member Name

        56         12          0          0          0        132   atof.o
        86          0          0          0          0          0   __dczerorl2.o
        64          0          0          0          0         84   _sgetc.o
        40          6         64          0          0         68   ctype_c.o
         0          0          0          0          0          0   entry.o
         0          0          0          0          0          0   entry10a.o
         0          0          0          0          0          0   entry11a.o
         8          4          0          0          0          0   entry2.o
         4          0          0          0          0          0   entry5.o
         0          0          0          0          0          0   entry7b.o
         0          0          0          0          0          0   entry8b.o
         8          4          0          0          0          0   entry9a.o
        24         12          0          4          0        136   errno.o
        30          0          0          0          0          0   handlers.o
        36          8          0          0          0         68   init.o
        10          0          0          0          0         68   isspace_c.o
         0          0          0          0          0          0   iusefp.o
        30          0          0          0          0         68   llshl.o
        32          0          0          0          0         68   llushr.o
       188         20          0          0          0        160   malloc.o
        36          0          0          0          0         68   memcpya.o
        36          0          0          0          0        108   memseta.o
         0          0          0          8          0          0   mvars.o
       754         52          0          0          0        252   printf5.o
       878         12          0          0          0        216   scanf_fp.o
        18          0          0          0          0         68   strcpy.o
        14          0          0          0          0         68   strlen.o
       156         12          0          0          0        120   strtod.o
        98          0          0          0          0         92   uldiv.o
        56          0          0          0          0         88   d2f.o
       222          0          0          0          0        100   ddiv.o
       186          0          0          0          0        176   depilogue.o
        62          0          0          0          0         80   dfixi.o
        50          0          0          0          0         76   dfixui.o
        24          0          0          0          0         76   dfltul.o
       228          0          0          0          0         96   dmul.o
       110          0          0          0          0        168   fepilogue.o

    ----------------------------------------------------------------------
      3560        146         66         12          0       2704   Library Totals
        16          4          2          0          0          0   (incl. Padding)

    ----------------------------------------------------------------------

      Code (inc. data)   RO Data    RW Data    ZI Data      Debug   Library Name

        56         12          0          0          0        132   m_wm.l
      2550        130         64         12          0       1712   mc_w.l
       938          0          0          0          0        860   mf_w.l

    ----------------------------------------------------------------------
      3560        146         66         12          0       2704   Library Totals

    ----------------------------------------------------------------------

==============================================================================


      Code (inc. data)   RO Data    RW Data    ZI Data      Debug   

     61624       2240        808        304      41904     810484   Grand Totals
     61624       2240        808         32      41904     810484   ELF Image Totals (compressed)
     61624       2240        808         32          0          0   ROM Totals

==============================================================================

    Total RO  Size (Code + RO Data)                62432 (  60.97kB)
    Total RW  Size (RW Data + ZI Data)             42208 (  41.22kB)
    Total ROM Size (Code + RO Data + RW Data)      62464 (  61.00kB)

==============================================================================

